Archive member included because of file (symbol)

C:\ArduinoIDE\arduino-1.6.0\hardware\arduino\sam\variants\arduino_due_x/libsam_sam3x8e_gcc_rel.a(pio.o)
                              C:\Users\kotzukaru\AppData\Local\V.Micro\Arduino\Builds\WebServer\arduino_due_x_dbg\SPI\SPI.cpp.o (PIO_Configure)
C:\ArduinoIDE\arduino-1.6.0\hardware\arduino\sam\variants\arduino_due_x/libsam_sam3x8e_gcc_rel.a(pmc.o)
                              C:\Users\kotzukaru\AppData\Local\V.Micro\Arduino\Builds\WebServer\arduino_due_x_dbg\SdFat\SdSpiSAM3X.cpp.o (pmc_enable_periph_clk)
C:\ArduinoIDE\arduino-1.6.0\hardware\arduino\sam\variants\arduino_due_x/libsam_sam3x8e_gcc_rel.a(spi.o)
                              C:\Users\kotzukaru\AppData\Local\V.Micro\Arduino\Builds\WebServer\arduino_due_x_dbg\SPI\SPI.cpp.o (SPI_Enable)
C:\ArduinoIDE\arduino-1.6.0\hardware\arduino\sam\variants\arduino_due_x/libsam_sam3x8e_gcc_rel.a(startup_sam3xa.o)
                              (Reset_Handler)
C:\ArduinoIDE\arduino-1.6.0\hardware\arduino\sam\variants\arduino_due_x/libsam_sam3x8e_gcc_rel.a(uotghs.o)
                              C:\ArduinoIDE\arduino-1.6.0\hardware\arduino\sam\variants\arduino_due_x/libsam_sam3x8e_gcc_rel.a(startup_sam3xa.o) (UOTGHS_Handler)
C:\Users\kotzukaru\AppData\Local\V.Micro\Arduino\Builds\WebServer\arduino_due_x_dbg/core.a(cortex_handlers.c.o)
                              C:\ArduinoIDE\arduino-1.6.0\hardware\arduino\sam\variants\arduino_due_x/libsam_sam3x8e_gcc_rel.a(startup_sam3xa.o) (NMI_Handler)
C:\Users\kotzukaru\AppData\Local\V.Micro\Arduino\Builds\WebServer\arduino_due_x_dbg/core.a(hooks.c.o)
                              C:\Users\kotzukaru\AppData\Local\V.Micro\Arduino\Builds\WebServer\arduino_due_x_dbg/core.a(cortex_handlers.c.o) (sysTickHook)
C:\Users\kotzukaru\AppData\Local\V.Micro\Arduino\Builds\WebServer\arduino_due_x_dbg/core.a(wiring.c.o)
                              C:\Users\kotzukaru\AppData\Local\V.Micro\Arduino\Builds\WebServer\arduino_due_x_dbg\SdFat\Sd2Card.cpp.o (millis)
C:\Users\kotzukaru\AppData\Local\V.Micro\Arduino\Builds\WebServer\arduino_due_x_dbg/core.a(wiring_digital.c.o)
                              C:\Users\kotzukaru\AppData\Local\V.Micro\Arduino\Builds\WebServer\arduino_due_x_dbg\WebServer.cpp.o (pinMode)
C:\Users\kotzukaru\AppData\Local\V.Micro\Arduino\Builds\WebServer\arduino_due_x_dbg/core.a(abi.cpp.o)
                              C:\Users\kotzukaru\AppData\Local\V.Micro\Arduino\Builds\WebServer\arduino_due_x_dbg\UIPEthernet\UIPClient.cpp.o (__cxa_pure_virtual)
C:\Users\kotzukaru\AppData\Local\V.Micro\Arduino\Builds\WebServer\arduino_due_x_dbg/core.a(IPAddress.cpp.o)
                              C:\Users\kotzukaru\AppData\Local\V.Micro\Arduino\Builds\WebServer\arduino_due_x_dbg\UIPEthernet\UIPClient.cpp.o (IPAddress::IPAddress())
C:\Users\kotzukaru\AppData\Local\V.Micro\Arduino\Builds\WebServer\arduino_due_x_dbg/core.a(main.cpp.o)
                              c:/arduinoide/arduino-1.6.0/hardware/tools/gcc-arm-none-eabi-4.8.3-2014q1/bin/../lib/gcc/arm-none-eabi/4.8.3/../../../../arm-none-eabi/lib/armv7-m/crt0.o (main)
C:\Users\kotzukaru\AppData\Local\V.Micro\Arduino\Builds\WebServer\arduino_due_x_dbg/core.a(Print.cpp.o)
                              C:\Users\kotzukaru\AppData\Local\V.Micro\Arduino\Builds\WebServer\arduino_due_x_dbg\UIPEthernet\UIPClient.cpp.o (Print::write(unsigned char const*, unsigned int))
C:\Users\kotzukaru\AppData\Local\V.Micro\Arduino\Builds\WebServer\arduino_due_x_dbg/core.a(Reset.cpp.o)
                              C:\Users\kotzukaru\AppData\Local\V.Micro\Arduino\Builds\WebServer\arduino_due_x_dbg/core.a(cortex_handlers.c.o) (tickReset)
C:\Users\kotzukaru\AppData\Local\V.Micro\Arduino\Builds\WebServer\arduino_due_x_dbg/core.a(UARTClass.cpp.o)
                              C:\Users\kotzukaru\AppData\Local\V.Micro\Arduino\Builds\WebServer\arduino_due_x_dbg\WebServer.cpp.o (UARTClass::write(unsigned char))
C:\Users\kotzukaru\AppData\Local\V.Micro\Arduino\Builds\WebServer\arduino_due_x_dbg/core.a(WMath.cpp.o)
                              C:\Users\kotzukaru\AppData\Local\V.Micro\Arduino\Builds\WebServer\arduino_due_x_dbg\UIPEthernet\Dhcp.cpp.o (random(long, long))
C:\Users\kotzukaru\AppData\Local\V.Micro\Arduino\Builds\WebServer\arduino_due_x_dbg/core.a(USBCore.cpp.o)
                              C:\Users\kotzukaru\AppData\Local\V.Micro\Arduino\Builds\WebServer\arduino_due_x_dbg/core.a(main.cpp.o) (USBDevice_::attach())
C:\Users\kotzukaru\AppData\Local\V.Micro\Arduino\Builds\WebServer\arduino_due_x_dbg/core.a(variant.cpp.o)
                              C:\Users\kotzukaru\AppData\Local\V.Micro\Arduino\Builds\WebServer\arduino_due_x_dbg/core.a(main.cpp.o) (init)
C:\Users\kotzukaru\AppData\Local\V.Micro\Arduino\Builds\WebServer\arduino_due_x_dbg/core.a(wiring_analog.c.o)
                              C:\Users\kotzukaru\AppData\Local\V.Micro\Arduino\Builds\WebServer\arduino_due_x_dbg/core.a(variant.cpp.o) (analogOutputInit)
[...]
Memory Configuration

Name             Origin             Length             Attributes
rom              0x00080000         0x00080000         xr
sram0            0x20000000         0x00010000         xrw
sram1            0x20080000         0x00008000         xrw
ram              0x20070000         0x00018000         xrw
*default*        0x00000000         0xffffffff

Linker script and memory map

LOAD c:/arduinoide/arduino-1.6.0/hardware/tools/gcc-arm-none-eabi-4.8.3-2014q1/bin/../lib/gcc/arm-none-eabi/4.8.3/armv7-m/crti.o
LOAD c:/arduinoide/arduino-1.6.0/hardware/tools/gcc-arm-none-eabi-4.8.3-2014q1/bin/../lib/gcc/arm-none-eabi/4.8.3/armv7-m/crtbegin.o
LOAD c:/arduinoide/arduino-1.6.0/hardware/tools/gcc-arm-none-eabi-4.8.3-2014q1/bin/../lib/gcc/arm-none-eabi/4.8.3/../../../../arm-none-eabi/lib/armv7-m/crt0.o
START GROUP
LOAD C:\Users\kotzukaru\AppData\Local\V.Micro\Arduino\Builds\WebServer\arduino_due_x_dbg/syscalls_sam3.c.o
LOAD C:\Users\kotzukaru\AppData\Local\V.Micro\Arduino\Builds\WebServer\arduino_due_x_dbg\WebServer.cpp.o
LOAD C:\Users\kotzukaru\AppData\Local\V.Micro\Arduino\Builds\WebServer\arduino_due_x_dbg\SPI\SPI.cpp.o
LOAD C:\Users\kotzukaru\AppData\Local\V.Micro\Arduino\Builds\WebServer\arduino_due_x_dbg\SdFat\istream.cpp.o
LOAD C:\Users\kotzukaru\AppData\Local\V.Micro\Arduino\Builds\WebServer\arduino_due_x_dbg\SdFat\MinimumSerial.cpp.o
LOAD C:\Users\kotzukaru\AppData\Local\V.Micro\Arduino\Builds\WebServer\arduino_due_x_dbg\SdFat\ostream.cpp.o
LOAD C:\Users\kotzukaru\AppData\Local\V.Micro\Arduino\Builds\WebServer\arduino_due_x_dbg\SdFat\Sd2Card.cpp.o
LOAD C:\Users\kotzukaru\AppData\Local\V.Micro\Arduino\Builds\WebServer\arduino_due_x_dbg\SdFat\SdBaseFile.cpp.o
LOAD C:\Users\kotzukaru\AppData\Local\V.Micro\Arduino\Builds\WebServer\arduino_due_x_dbg\SdFat\SdBaseFilePrint.cpp.o
LOAD C:\Users\kotzukaru\AppData\Local\V.Micro\Arduino\Builds\WebServer\arduino_due_x_dbg\SdFat\SdFat.cpp.o
LOAD C:\Users\kotzukaru\AppData\Local\V.Micro\Arduino\Builds\WebServer\arduino_due_x_dbg\SdFat\SdFatErrorPrint.cpp.o
LOAD C:\Users\kotzukaru\AppData\Local\V.Micro\Arduino\Builds\WebServer\arduino_due_x_dbg\SdFat\SdFatUtil.cpp.o
LOAD C:\Users\kotzukaru\AppData\Local\V.Micro\Arduino\Builds\WebServer\arduino_due_x_dbg\SdFat\SdFile.cpp.o
LOAD C:\Users\kotzukaru\AppData\Local\V.Micro\Arduino\Builds\WebServer\arduino_due_x_dbg\SdFat\SdSpiArduino.cpp.o
LOAD C:\Users\kotzukaru\AppData\Local\V.Micro\Arduino\Builds\WebServer\arduino_due_x_dbg\SdFat\SdSpiAVR.cpp.o
LOAD C:\Users\kotzukaru\AppData\Local\V.Micro\Arduino\Builds\WebServer\arduino_due_x_dbg\SdFat\SdSpiSAM3X.cpp.o
LOAD C:\Users\kotzukaru\AppData\Local\V.Micro\Arduino\Builds\WebServer\arduino_due_x_dbg\SdFat\SdSpiSoft.cpp.o
LOAD C:\Users\kotzukaru\AppData\Local\V.Micro\Arduino\Builds\WebServer\arduino_due_x_dbg\SdFat\SdSpiTeensy3.cpp.o
LOAD C:\Users\kotzukaru\AppData\Local\V.Micro\Arduino\Builds\WebServer\arduino_due_x_dbg\SdFat\SdStream.cpp.o
LOAD C:\Users\kotzukaru\AppData\Local\V.Micro\Arduino\Builds\WebServer\arduino_due_x_dbg\SdFat\SdVolume.cpp.o
LOAD C:\Users\kotzukaru\AppData\Local\V.Micro\Arduino\Builds\WebServer\arduino_due_x_dbg\SdFat\StdioStream.cpp.o
LOAD C:\Users\kotzukaru\AppData\Local\V.Micro\Arduino\Builds\WebServer\arduino_due_x_dbg\SdFat\utility\FmtNumber.cpp.o
LOAD C:\Users\kotzukaru\AppData\Local\V.Micro\Arduino\Builds\WebServer\arduino_due_x_dbg\UIPEthernet\Dhcp.cpp.o
LOAD C:\Users\kotzukaru\AppData\Local\V.Micro\Arduino\Builds\WebServer\arduino_due_x_dbg\UIPEthernet\Dns.cpp.o
LOAD C:\Users\kotzukaru\AppData\Local\V.Micro\Arduino\Builds\WebServer\arduino_due_x_dbg\UIPEthernet\UIPClient.cpp.o
LOAD C:\Users\kotzukaru\AppData\Local\V.Micro\Arduino\Builds\WebServer\arduino_due_x_dbg\UIPEthernet\UIPEthernet.cpp.o
LOAD C:\Users\kotzukaru\AppData\Local\V.Micro\Arduino\Builds\WebServer\arduino_due_x_dbg\UIPEthernet\UIPServer.cpp.o
LOAD C:\Users\kotzukaru\AppData\Local\V.Micro\Arduino\Builds\WebServer\arduino_due_x_dbg\UIPEthernet\UIPUdp.cpp.o
LOAD C:\Users\kotzukaru\AppData\Local\V.Micro\Arduino\Builds\WebServer\arduino_due_x_dbg\UIPEthernet\utility\clock-arch.c.o
LOAD C:\Users\kotzukaru\AppData\Local\V.Micro\Arduino\Builds\WebServer\arduino_due_x_dbg\UIPEthernet\utility\uip.c.o
LOAD C:\Users\kotzukaru\AppData\Local\V.Micro\Arduino\Builds\WebServer\arduino_due_x_dbg\UIPEthernet\utility\uip_arp.c.o
LOAD C:\Users\kotzukaru\AppData\Local\V.Micro\Arduino\Builds\WebServer\arduino_due_x_dbg\UIPEthernet\utility\uip_timer.c.o
LOAD C:\Users\kotzukaru\AppData\Local\V.Micro\Arduino\Builds\WebServer\arduino_due_x_dbg\UIPEthernet\utility\Enc28J60Network.cpp.o
LOAD C:\Users\kotzukaru\AppData\Local\V.Micro\Arduino\Builds\WebServer\arduino_due_x_dbg\UIPEthernet\utility\mempool.cpp.o
LOAD C:\Users\kotzukaru\AppData\Local\V.Micro\Arduino\Builds\WebServer\arduino_due_x_dbg\UIPEthernet\utility\uip_debug.cpp.o
LOAD C:\ArduinoIDE\arduino-1.6.0\hardware\arduino\sam\variants\arduino_due_x/libsam_sam3x8e_gcc_rel.a
LOAD C:\Users\kotzukaru\AppData\Local\V.Micro\Arduino\Builds\WebServer\arduino_due_x_dbg/core.a
END GROUP
LOAD c:/arduinoide/arduino-1.6.0/hardware/tools/gcc-arm-none-eabi-4.8.3-2014q1/bin/../lib/gcc/arm-none-eabi/4.8.3/../../../../arm-none-eabi/lib/armv7-m\libm.a
START GROUP
LOAD c:/arduinoide/arduino-1.6.0/hardware/tools/gcc-arm-none-eabi-4.8.3-2014q1/bin/../lib/gcc/arm-none-eabi/4.8.3/armv7-m\libgcc.a
LOAD c:/arduinoide/arduino-1.6.0/hardware/tools/gcc-arm-none-eabi-4.8.3-2014q1/bin/../lib/gcc/arm-none-eabi/4.8.3/../../../../arm-none-eabi/lib/armv7-m\libg.a
LOAD c:/arduinoide/arduino-1.6.0/hardware/tools/gcc-arm-none-eabi-4.8.3-2014q1/bin/../lib/gcc/arm-none-eabi/4.8.3/../../../../arm-none-eabi/lib/armv7-m\libc.a
END GROUP
LOAD c:/arduinoide/arduino-1.6.0/hardware/tools/gcc-arm-none-eabi-4.8.3-2014q1/bin/../lib/gcc/arm-none-eabi/4.8.3/armv7-m/crtend.o
LOAD c:/arduinoide/arduino-1.6.0/hardware/tools/gcc-arm-none-eabi-4.8.3-2014q1/bin/../lib/gcc/arm-none-eabi/4.8.3/armv7-m/crtn.o

.text           0x00080000     0x8928
                0x00080000                . = ALIGN (0x4)
                0x00080000                _sfixed = .
 *(.vectors .vectors.*)
 .vectors       0x00080000       0xf4 C:\ArduinoIDE\arduino-1.6.0\hardware\arduino\sam\variants\arduino_due_x/libsam_sam3x8e_gcc_rel.a(startup_sam3xa.o)
                0x00080000                exception_table
 *(.text .text.* .gnu.linkonce.t.*)
 .text          0x000800f4       0x54 c:/arduinoide/arduino-1.6.0/hardware/tools/gcc-arm-none-eabi-4.8.3-2014q1/bin/../lib/gcc/arm-none-eabi/4.8.3/armv7-m/crtbegin.o
 .text._sbrk    0x00080148       0x1c C:\Users\kotzukaru\AppData\Local\V.Micro\Arduino\Builds\WebServer\arduino_due_x_dbg/syscalls_sam3.c.o
                0x00080148                _sbrk
 .text._Z7error_PPKc
                0x00080164       0x4c C:\Users\kotzukaru\AppData\Local\V.Micro\Arduino\Builds\WebServer\arduino_due_x_dbg\WebServer.cpp.o
                0x00080164                error_P(char const*)
 .text._Z7getDataPc
                0x000801b0       0xe0 C:\Users\kotzukaru\AppData\Local\V.Micro\Arduino\Builds\WebServer\arduino_due_x_dbg\WebServer.cpp.o
                0x000801b0                getData(char*)
 .text.startup._GLOBAL__sub_I_SS_SDReader
                0x00080290       0x60 C:\Users\kotzukaru\AppData\Local\V.Micro\Arduino\Builds\WebServer\arduino_due_x_dbg\WebServer.cpp.o
 .text.setup    0x000802f0      0x114 C:\Users\kotzukaru\AppData\Local\V.Micro\Arduino\Builds\WebServer\arduino_due_x_dbg\WebServer.cpp.o
                0x000802f0                setup
 .text.loop     0x00080404      0x2e8 C:\Users\kotzukaru\AppData\Local\V.Micro\Arduino\Builds\WebServer\arduino_due_x_dbg\WebServer.cpp.o
                0x00080404                loop
 .text._ZL10SPI_0_Initv
                0x000806ec       0x48 C:\Users\kotzukaru\AppData\Local\V.Micro\Arduino\Builds\WebServer\arduino_due_x_dbg\SPI\SPI.cpp.o
 .text._ZN8SPIClass4initEv
                0x00080734       0x36 C:\Users\kotzukaru\AppData\Local\V.Micro\Arduino\Builds\WebServer\arduino_due_x_dbg\SPI\SPI.cpp.o
                0x00080734                SPIClass::init()
 .text._ZN8SPIClass11setDataModeEhh
                0x0008076a       0x34 C:\Users\kotzukaru\AppData\Local\V.Micro\Arduino\Builds\WebServer\arduino_due_x_dbg\SPI\SPI.cpp.o
                0x0008076a                SPIClass::setDataMode(unsigned char, unsigned char)
 .text._ZN8SPIClass15setClockDividerEhh
                0x0008079e       0x2e C:\Users\kotzukaru\AppData\Local\V.Micro\Arduino\Builds\WebServer\arduino_due_x_dbg\SPI\SPI.cpp.o
                0x0008079e                SPIClass::setClockDivider(unsigned char, unsigned char)
 .text._ZN8SPIClass5beginEv
                0x000807cc       0x22 C:\Users\kotzukaru\AppData\Local\V.Micro\Arduino\Builds\WebServer\arduino_due_x_dbg\SPI\SPI.cpp.o
                0x000807cc                SPIClass::begin()
 .text._ZN8SPIClass8transferEhh15SPITransferMode
                0x000807ee       0x5e C:\Users\kotzukaru\AppData\Local\V.Micro\Arduino\Builds\WebServer\arduino_due_x_dbg\SPI\SPI.cpp.o
                0x000807ee                SPIClass::transfer(unsigned char, unsigned char, SPITransferMode)
 .text.startup._GLOBAL__sub_I__ZN8SPIClassC2EP3SpimPFvvE
                0x0008084c       0x24 C:\Users\kotzukaru\AppData\Local\V.Micro\Arduino\Builds\WebServer\arduino_due_x_dbg\SPI\SPI.cpp.o
 .text._ZN7Sd2Card14chipSelectHighEv
                0x00080870       0x1c C:\Users\kotzukaru\AppData\Local\V.Micro\Arduino\Builds\WebServer\arduino_due_x_dbg\SdFat\Sd2Card.cpp.o
                0x00080870                Sd2Card::chipSelectHigh()
 .text._ZN7Sd2Card13chipSelectLowEv
                0x0008088c       0x1c C:\Users\kotzukaru\AppData\Local\V.Micro\Arduino\Builds\WebServer\arduino_due_x_dbg\SdFat\Sd2Card.cpp.o
                0x0008088c                Sd2Card::chipSelectLow()
 .text._ZN7Sd2Card8readDataEPhj
                0x000808a8       0x6c C:\Users\kotzukaru\AppData\Local\V.Micro\Arduino\Builds\WebServer\arduino_due_x_dbg\SdFat\Sd2Card.cpp.o
                0x000808a8                Sd2Card::readData(unsigned char*, unsigned int)
 .text._ZN7Sd2Card8readDataEPh
                0x00080914       0x1a C:\Users\kotzukaru\AppData\Local\V.Micro\Arduino\Builds\WebServer\arduino_due_x_dbg\SdFat\Sd2Card.cpp.o
                0x00080914                Sd2Card::readData(unsigned char*)
 *fill*         0x0008092e        0x2 
 .text._ZN7Sd2Card11waitNotBusyEt
                0x00080930       0x30 C:\Users\kotzukaru\AppData\Local\V.Micro\Arduino\Builds\WebServer\arduino_due_x_dbg\SdFat\Sd2Card.cpp.o
                0x00080930                Sd2Card::waitNotBusy(unsigned short)
 .text._ZN7Sd2Card11cardCommandEhm
                0x00080960       0x6c C:\Users\kotzukaru\AppData\Local\V.Micro\Arduino\Builds\WebServer\arduino_due_x_dbg\SdFat\Sd2Card.cpp.o
                0x00080960                Sd2Card::cardCommand(unsigned char, unsigned long)
 .text._ZN7Sd2Card5beginEhh
                0x000809cc      0x138 C:\Users\kotzukaru\AppData\Local\V.Micro\Arduino\Builds\WebServer\arduino_due_x_dbg\SdFat\Sd2Card.cpp.o
                0x000809cc                Sd2Card::begin(unsigned char, unsigned char)
 .text._ZN7Sd2Card9readBlockEmPh
                0x00080b04       0x38 C:\Users\kotzukaru\AppData\Local\V.Micro\Arduino\Builds\WebServer\arduino_due_x_dbg\SdFat\Sd2Card.cpp.o
                0x00080b04                Sd2Card::readBlock(unsigned long, unsigned char*)
 .text._ZN7Sd2Card9readStartEm
                0x00080b3c       0x2e C:\Users\kotzukaru\AppData\Local\V.Micro\Arduino\Builds\WebServer\arduino_due_x_dbg\SdFat\Sd2Card.cpp.o
                0x00080b3c                Sd2Card::readStart(unsigned long)
 .text._ZN7Sd2Card8readStopEv
                0x00080b6a       0x26 C:\Users\kotzukaru\AppData\Local\V.Micro\Arduino\Builds\WebServer\arduino_due_x_dbg\SdFat\Sd2Card.cpp.o
                0x00080b6a                Sd2Card::readStop()
 .text._ZN7Sd2Card9writeDataEhPKh
                0x00080b90       0x50 C:\Users\kotzukaru\AppData\Local\V.Micro\Arduino\Builds\WebServer\arduino_due_x_dbg\SdFat\Sd2Card.cpp.o
                0x00080b90                Sd2Card::writeData(unsigned char, unsigned char const*)
 .text._ZN7Sd2Card10writeBlockEmPKh
                0x00080be0       0x42 C:\Users\kotzukaru\AppData\Local\V.Micro\Arduino\Builds\WebServer\arduino_due_x_dbg\SdFat\Sd2Card.cpp.o
                0x00080be0                Sd2Card::writeBlock(unsigned long, unsigned char const*)
 .text._ZN7Sd2Card9writeDataEPKh
                0x00080c22       0x3c C:\Users\kotzukaru\AppData\Local\V.Micro\Arduino\Builds\WebServer\arduino_due_x_dbg\SdFat\Sd2Card.cpp.o
                0x00080c22                Sd2Card::writeData(unsigned char const*)
 .text._ZN7Sd2Card10writeStartEmm
                0x00080c5e       0x4c C:\Users\kotzukaru\AppData\Local\V.Micro\Arduino\Builds\WebServer\arduino_due_x_dbg\SdFat\Sd2Card.cpp.o
                0x00080c5e                Sd2Card::writeStart(unsigned long, unsigned long)
 *fill*         0x00080caa        0x2 
 .text._ZN7Sd2Card9writeStopEv
                0x00080cac       0x48 C:\Users\kotzukaru\AppData\Local\V.Micro\Arduino\Builds\WebServer\arduino_due_x_dbg\SdFat\Sd2Card.cpp.o
                0x00080cac                Sd2Card::writeStop()
 .text._ZN10SdBaseFile10addClusterEv
                0x00080cf4       0x24 C:\Users\kotzukaru\AppData\Local\V.Micro\Arduino\Builds\WebServer\arduino_due_x_dbg\SdFat\SdBaseFile.cpp.o
                0x00080cf4                SdBaseFile::addCluster()
 .text._ZN10SdBaseFile13addDirClusterEv
                0x00080d18       0x68 C:\Users\kotzukaru\AppData\Local\V.Micro\Arduino\Builds\WebServer\arduino_due_x_dbg\SdFat\SdBaseFile.cpp.o
                0x00080d18                SdBaseFile::addDirCluster()
 .text._ZN10SdBaseFile13cacheDirEntryEh
                0x00080d80       0x14 C:\Users\kotzukaru\AppData\Local\V.Micro\Arduino\Builds\WebServer\arduino_due_x_dbg\SdFat\SdBaseFile.cpp.o
                0x00080d80                SdBaseFile::cacheDirEntry(unsigned char)
 .text._ZN10SdBaseFile10make83NameEPKcPhPS1_
                0x00080d94       0x80 C:\Users\kotzukaru\AppData\Local\V.Micro\Arduino\Builds\WebServer\arduino_due_x_dbg\SdFat\SdBaseFile.cpp.o
                0x00080d94                SdBaseFile::make83Name(char const*, unsigned char*, char const**)
 .text._ZN10SdBaseFile4readEPvj
                0x00080e14      0x154 C:\Users\kotzukaru\AppData\Local\V.Micro\Arduino\Builds\WebServer\arduino_due_x_dbg\SdFat\SdBaseFile.cpp.o
                0x00080e14                SdBaseFile::read(void*, unsigned int)
 .text._ZN10SdBaseFile4readEv
                0x00080f68       0x20 C:\Users\kotzukaru\AppData\Local\V.Micro\Arduino\Builds\WebServer\arduino_due_x_dbg\SdFat\SdBaseFile.cpp.o
                0x00080f68                SdBaseFile::read()
 .text._ZN10SdBaseFile12readDirCacheEv
                0x00080f88       0x30 C:\Users\kotzukaru\AppData\Local\V.Micro\Arduino\Builds\WebServer\arduino_due_x_dbg\SdFat\SdBaseFile.cpp.o
                0x00080f88                SdBaseFile::readDirCache()
 .text._ZN10SdBaseFile7seekSetEm
                0x00080fb8       0x5e C:\Users\kotzukaru\AppData\Local\V.Micro\Arduino\Builds\WebServer\arduino_due_x_dbg\SdFat\SdBaseFile.cpp.o
                0x00080fb8                SdBaseFile::seekSet(unsigned long)
 *fill*         0x00081016        0x2 
 .text._ZN10SdBaseFile10setDirSizeEv
                0x00081018       0x50 C:\Users\kotzukaru\AppData\Local\V.Micro\Arduino\Builds\WebServer\arduino_due_x_dbg\SdFat\SdBaseFile.cpp.o
                0x00081018                SdBaseFile::setDirSize()
 .text._ZN10SdBaseFile8openRootEP8SdVolume
                0x00081068       0x46 C:\Users\kotzukaru\AppData\Local\V.Micro\Arduino\Builds\WebServer\arduino_due_x_dbg\SdFat\SdBaseFile.cpp.o
                0x00081068                SdBaseFile::openRoot(SdVolume*)
 *fill*         0x000810ae        0x2 
 .text._ZN10SdBaseFile4syncEv
                0x000810b0       0x60 C:\Users\kotzukaru\AppData\Local\V.Micro\Arduino\Builds\WebServer\arduino_due_x_dbg\SdFat\SdBaseFile.cpp.o
                0x000810b0                SdBaseFile::sync()
 .text._ZN10SdBaseFile5closeEv
                0x00081110        0xe C:\Users\kotzukaru\AppData\Local\V.Micro\Arduino\Builds\WebServer\arduino_due_x_dbg\SdFat\SdBaseFile.cpp.o
                0x00081110                SdBaseFile::close()
 *fill*         0x0008111e        0x2 
 .text._ZN10SdBaseFile8truncateEm
                0x00081120       0xa8 C:\Users\kotzukaru\AppData\Local\V.Micro\Arduino\Builds\WebServer\arduino_due_x_dbg\SdFat\SdBaseFile.cpp.o
                0x00081120                SdBaseFile::truncate(unsigned long)
 .text._ZN10SdBaseFile15openCachedEntryEhh
                0x000811c8       0x88 C:\Users\kotzukaru\AppData\Local\V.Micro\Arduino\Builds\WebServer\arduino_due_x_dbg\SdFat\SdBaseFile.cpp.o
                0x000811c8                SdBaseFile::openCachedEntry(unsigned char, unsigned char)
 .text._ZN10SdBaseFile4openEPS_PKhh
                0x00081250      0x124 C:\Users\kotzukaru\AppData\Local\V.Micro\Arduino\Builds\WebServer\arduino_due_x_dbg\SdFat\SdBaseFile.cpp.o
                0x00081250                SdBaseFile::open(SdBaseFile*, unsigned char const*, unsigned char)
 .text._ZN10SdBaseFile4openEPS_PKch
                0x00081374       0xc4 C:\Users\kotzukaru\AppData\Local\V.Micro\Arduino\Builds\WebServer\arduino_due_x_dbg\SdFat\SdBaseFile.cpp.o
                0x00081374                SdBaseFile::open(SdBaseFile*, char const*, unsigned char)
 .text._ZN10SdBaseFile4openEPS_th
                0x00081438       0x48 C:\Users\kotzukaru\AppData\Local\V.Micro\Arduino\Builds\WebServer\arduino_due_x_dbg\SdFat\SdBaseFile.cpp.o
                0x00081438                SdBaseFile::open(SdBaseFile*, unsigned short, unsigned char)
 .text._ZN10SdBaseFile5writeEPKvj
                0x00081480      0x1d4 C:\Users\kotzukaru\AppData\Local\V.Micro\Arduino\Builds\WebServer\arduino_due_x_dbg\SdFat\SdBaseFile.cpp.o
                0x00081480                SdBaseFile::write(void const*, unsigned int)
 .text._ZL7print2uP5Printh
                0x00081654       0x20 C:\Users\kotzukaru\AppData\Local\V.Micro\Arduino\Builds\WebServer\arduino_due_x_dbg\SdFat\SdBaseFilePrint.cpp.o
 .text._ZN10SdBaseFile12printFatDateEP5Printt
                0x00081674       0x3e C:\Users\kotzukaru\AppData\Local\V.Micro\Arduino\Builds\WebServer\arduino_due_x_dbg\SdFat\SdBaseFilePrint.cpp.o
                0x00081674                SdBaseFile::printFatDate(Print*, unsigned short)
 .text._ZN10SdBaseFile12printFatTimeEP5Printt
                0x000816b2       0x3a C:\Users\kotzukaru\AppData\Local\V.Micro\Arduino\Builds\WebServer\arduino_due_x_dbg\SdFat\SdBaseFilePrint.cpp.o
                0x000816b2                SdBaseFile::printFatTime(Print*, unsigned short)
 .text._ZN10SdBaseFile11lsPrintNextEP5Printhh
                0x000816ec      0x12c C:\Users\kotzukaru\AppData\Local\V.Micro\Arduino\Builds\WebServer\arduino_due_x_dbg\SdFat\SdBaseFilePrint.cpp.o
                0x000816ec                SdBaseFile::lsPrintNext(Print*, unsigned char, unsigned char)
 .text._ZN10SdBaseFile2lsEP5Printhh
                0x00081818       0x84 C:\Users\kotzukaru\AppData\Local\V.Micro\Arduino\Builds\WebServer\arduino_due_x_dbg\SdFat\SdBaseFilePrint.cpp.o
                0x00081818                SdBaseFile::ls(Print*, unsigned char, unsigned char)
 .text._ZN10SdBaseFile2lsEh
                0x0008189c       0x10 C:\Users\kotzukaru\AppData\Local\V.Micro\Arduino\Builds\WebServer\arduino_due_x_dbg\SdFat\SdBaseFilePrint.cpp.o
                0x0008189c                SdBaseFile::ls(unsigned char)
 .text._ZN9SdFatUtil7FreeRamEv
                0x000818ac       0x14 C:\Users\kotzukaru\AppData\Local\V.Micro\Arduino\Builds\WebServer\arduino_due_x_dbg\SdFat\SdFatUtil.cpp.o
                0x000818ac                SdFatUtil::FreeRam()
 .text._ZN9SdFatUtil7print_PEP5PrintPKc
                0x000818c0       0x18 C:\Users\kotzukaru\AppData\Local\V.Micro\Arduino\Builds\WebServer\arduino_due_x_dbg\SdFat\SdFatUtil.cpp.o
                0x000818c0                SdFatUtil::print_P(Print*, char const*)
 .text._ZN9SdFatUtil9println_PEP5PrintPKc
                0x000818d8       0x12 C:\Users\kotzukaru\AppData\Local\V.Micro\Arduino\Builds\WebServer\arduino_due_x_dbg\SdFat\SdFatUtil.cpp.o
                0x000818d8                SdFatUtil::println_P(Print*, char const*)
 *fill*         0x000818ea        0x2 
 .text._ZN9SdFatUtil13SerialPrint_PEPKc
                0x000818ec       0x10 C:\Users\kotzukaru\AppData\Local\V.Micro\Arduino\Builds\WebServer\arduino_due_x_dbg\SdFat\SdFatUtil.cpp.o
                0x000818ec                SdFatUtil::SerialPrint_P(char const*)
 .text._ZN9SdFatUtil15SerialPrintln_PEPKc
                0x000818fc       0x10 C:\Users\kotzukaru\AppData\Local\V.Micro\Arduino\Builds\WebServer\arduino_due_x_dbg\SdFat\SdFatUtil.cpp.o
                0x000818fc                SdFatUtil::SerialPrintln_P(char const*)
 .text._ZN6SdFile5writeEPKhj
                0x0008190c        0x6 C:\Users\kotzukaru\AppData\Local\V.Micro\Arduino\Builds\WebServer\arduino_due_x_dbg\SdFat\SdFile.cpp.o
                0x0008190c                SdFile::write(unsigned char const*, unsigned int)
 .text._ZN6SdFile5writeEh
                0x00081912       0x1e C:\Users\kotzukaru\AppData\Local\V.Micro\Arduino\Builds\WebServer\arduino_due_x_dbg\SdFat\SdFile.cpp.o
                0x00081912                SdFile::write(unsigned char)
 .text._ZN5SdSpi5beginEv
                0x00081930       0x68 C:\Users\kotzukaru\AppData\Local\V.Micro\Arduino\Builds\WebServer\arduino_due_x_dbg\SdFat\SdSpiSAM3X.cpp.o
                0x00081930                SdSpi::begin()
 .text._ZN5SdSpi4initEh
                0x00081998       0x28 C:\Users\kotzukaru\AppData\Local\V.Micro\Arduino\Builds\WebServer\arduino_due_x_dbg\SdFat\SdSpiSAM3X.cpp.o
                0x00081998                SdSpi::init(unsigned char)
 .text._ZN5SdSpi7receiveEv
                0x000819c0       0x18 C:\Users\kotzukaru\AppData\Local\V.Micro\Arduino\Builds\WebServer\arduino_due_x_dbg\SdFat\SdSpiSAM3X.cpp.o
                0x000819c0                SdSpi::receive()
 .text._ZN5SdSpi7receiveEPhj
                0x000819d8       0x94 C:\Users\kotzukaru\AppData\Local\V.Micro\Arduino\Builds\WebServer\arduino_due_x_dbg\SdFat\SdSpiSAM3X.cpp.o
                0x000819d8                SdSpi::receive(unsigned char*, unsigned int)
 .text._ZN5SdSpi4sendEh
                0x00081a6c       0x14 C:\Users\kotzukaru\AppData\Local\V.Micro\Arduino\Builds\WebServer\arduino_due_x_dbg\SdFat\SdSpiSAM3X.cpp.o
                0x00081a6c                SdSpi::send(unsigned char)
 .text._ZN5SdSpi4sendEPKhj
                0x00081a80       0x60 C:\Users\kotzukaru\AppData\Local\V.Micro\Arduino\Builds\WebServer\arduino_due_x_dbg\SdFat\SdSpiSAM3X.cpp.o
                0x00081a80                SdSpi::send(unsigned char const*, unsigned int)
 .text._ZN8SdVolume14cacheWriteDataEv
                0x00081ae0       0x38 C:\Users\kotzukaru\AppData\Local\V.Micro\Arduino\Builds\WebServer\arduino_due_x_dbg\SdFat\SdVolume.cpp.o
                0x00081ae0                SdVolume::cacheWriteData()
 .text._ZN8SdVolume14cacheFetchDataEmh
                0x00081b18       0x5c C:\Users\kotzukaru\AppData\Local\V.Micro\Arduino\Builds\WebServer\arduino_due_x_dbg\SdFat\SdVolume.cpp.o
                0x00081b18                SdVolume::cacheFetchData(unsigned long, unsigned char)
 .text._ZN8SdVolume10cacheFetchEmh
                0x00081b74        0x4 C:\Users\kotzukaru\AppData\Local\V.Micro\Arduino\Builds\WebServer\arduino_due_x_dbg\SdFat\SdVolume.cpp.o
                0x00081b74                SdVolume::cacheFetch(unsigned long, unsigned char)
 .text._ZN8SdVolume13cacheWriteFatEv
                0x00081b78       0x68 C:\Users\kotzukaru\AppData\Local\V.Micro\Arduino\Builds\WebServer\arduino_due_x_dbg\SdFat\SdVolume.cpp.o
                0x00081b78                SdVolume::cacheWriteFat()
 .text._ZN8SdVolume13cacheFetchFatEmh
                0x00081be0       0x5c C:\Users\kotzukaru\AppData\Local\V.Micro\Arduino\Builds\WebServer\arduino_due_x_dbg\SdFat\SdVolume.cpp.o
                0x00081be0                SdVolume::cacheFetchFat(unsigned long, unsigned char)
 .text._ZN8SdVolume9cacheSyncEv
                0x00081c3c       0x12 C:\Users\kotzukaru\AppData\Local\V.Micro\Arduino\Builds\WebServer\arduino_due_x_dbg\SdFat\SdVolume.cpp.o
                0x00081c3c                SdVolume::cacheSync()
 *fill*         0x00081c4e        0x2 
 .text._ZN8SdVolume15cacheInvalidateEv
                0x00081c50       0x18 C:\Users\kotzukaru\AppData\Local\V.Micro\Arduino\Builds\WebServer\arduino_due_x_dbg\SdFat\SdVolume.cpp.o
                0x00081c50                SdVolume::cacheInvalidate()
 .text._ZNK8SdVolume17clusterStartBlockEm
                0x00081c68        0xc C:\Users\kotzukaru\AppData\Local\V.Micro\Arduino\Builds\WebServer\arduino_due_x_dbg\SdFat\SdVolume.cpp.o
                0x00081c68                SdVolume::clusterStartBlock(unsigned long) const
 .text._ZN8SdVolume6fatGetEmPm
                0x00081c74       0x58 C:\Users\kotzukaru\AppData\Local\V.Micro\Arduino\Builds\WebServer\arduino_due_x_dbg\SdFat\SdVolume.cpp.o
                0x00081c74                SdVolume::fatGet(unsigned long, unsigned long*)
 .text._ZN8SdVolume6fatPutEmm
                0x00081ccc       0x50 C:\Users\kotzukaru\AppData\Local\V.Micro\Arduino\Builds\WebServer\arduino_due_x_dbg\SdFat\SdVolume.cpp.o
                0x00081ccc                SdVolume::fatPut(unsigned long, unsigned long)
 .text._ZN8SdVolume15allocContiguousEmPm
                0x00081d1c       0xb0 C:\Users\kotzukaru\AppData\Local\V.Micro\Arduino\Builds\WebServer\arduino_due_x_dbg\SdFat\SdVolume.cpp.o
                0x00081d1c                SdVolume::allocContiguous(unsigned long, unsigned long*)
 .text._ZN8SdVolume9freeChainEm
                0x00081dcc       0x50 C:\Users\kotzukaru\AppData\Local\V.Micro\Arduino\Builds\WebServer\arduino_due_x_dbg\SdFat\SdVolume.cpp.o
                0x00081dcc                SdVolume::freeChain(unsigned long)
 .text._ZN8SdVolume4initEP7Sd2Cardh
                0x00081e1c      0x118 C:\Users\kotzukaru\AppData\Local\V.Micro\Arduino\Builds\WebServer\arduino_due_x_dbg\SdFat\SdVolume.cpp.o
                0x00081e1c                SdVolume::init(Sd2Card*, unsigned char)
 .text.startup._GLOBAL__sub_I__ZN9DhcpClass13beginWithDHCPEPhmm
                0x00081f34       0x1c C:\Users\kotzukaru\AppData\Local\V.Micro\Arduino\Builds\WebServer\arduino_due_x_dbg\UIPEthernet\Dhcp.cpp.o
 .text._ZN9DNSClient5beginERK9IPAddress
                0x00081f50        0xa C:\Users\kotzukaru\AppData\Local\V.Micro\Arduino\Builds\WebServer\arduino_due_x_dbg\UIPEthernet\Dns.cpp.o
                0x00081f50                DNSClient::begin(IPAddress const&)
 .text._ZN9DNSClient9inet_atonEPKcR9IPAddress
                0x00081f5a       0x4a C:\Users\kotzukaru\AppData\Local\V.Micro\Arduino\Builds\WebServer\arduino_due_x_dbg\UIPEthernet\Dns.cpp.o
                0x00081f5a                DNSClient::inet_aton(char const*, IPAddress&)
 .text.startup._GLOBAL__sub_I__ZN9DNSClient5beginERK9IPAddress
                0x00081fa4       0x1c C:\Users\kotzukaru\AppData\Local\V.Micro\Arduino\Builds\WebServer\arduino_due_x_dbg\UIPEthernet\Dns.cpp.o
 .text._ZN9DNSClient12BuildRequestEPKc
                0x00081fc0       0xda C:\Users\kotzukaru\AppData\Local\V.Micro\Arduino\Builds\WebServer\arduino_due_x_dbg\UIPEthernet\Dns.cpp.o
                0x00081fc0                DNSClient::BuildRequest(char const*)
 .text._ZN9DNSClient15ProcessResponseEtR9IPAddress
                0x0008209a      0x228 C:\Users\kotzukaru\AppData\Local\V.Micro\Arduino\Builds\WebServer\arduino_due_x_dbg\UIPEthernet\Dns.cpp.o
                0x0008209a                DNSClient::ProcessResponse(unsigned short, IPAddress&)
 *fill*         0x000822c2        0x2 
 .text._ZN9DNSClient13getHostByNameEPKcR9IPAddress
                0x000822c4       0x94 C:\Users\kotzukaru\AppData\Local\V.Micro\Arduino\Builds\WebServer\arduino_due_x_dbg\UIPEthernet\Dns.cpp.o
                0x000822c4                DNSClient::getHostByName(char const*, IPAddress&)
 .text._ZN9UIPClientneERKS_
                0x00082358       0x10 C:\Users\kotzukaru\AppData\Local\V.Micro\Arduino\Builds\WebServer\arduino_due_x_dbg\UIPEthernet\UIPClient.cpp.o
                0x00082358                UIPClient::operator!=(UIPClient const&)
 .text._ZN9UIPClient9connectedEv
                0x00082368       0x14 C:\Users\kotzukaru\AppData\Local\V.Micro\Arduino\Builds\WebServer\arduino_due_x_dbg\UIPEthernet\UIPClient.cpp.o
                0x00082368                UIPClient::connected()
 .text._ZN9UIPClienteqERKS_
                0x0008237c       0x14 C:\Users\kotzukaru\AppData\Local\V.Micro\Arduino\Builds\WebServer\arduino_due_x_dbg\UIPEthernet\UIPClient.cpp.o
                0x0008237c                UIPClient::operator==(UIPClient const&)
 .text._ZN9UIPClient4readEv
                0x00082390       0x20 C:\Users\kotzukaru\AppData\Local\V.Micro\Arduino\Builds\WebServer\arduino_due_x_dbg\UIPEthernet\UIPClient.cpp.o
                0x00082390                UIPClient::read()
 .text._ZN9UIPClientcvbEv
                0x000823b0       0x20 C:\Users\kotzukaru\AppData\Local\V.Micro\Arduino\Builds\WebServer\arduino_due_x_dbg\UIPEthernet\UIPClient.cpp.o
                0x000823b0                UIPClient::operator bool()
 .text._ZN9UIPClient7connectE9IPAddresst
                0x000823d0       0x5e C:\Users\kotzukaru\AppData\Local\V.Micro\Arduino\Builds\WebServer\arduino_due_x_dbg\UIPEthernet\UIPClient.cpp.o
                0x000823d0                UIPClient::connect(IPAddress, unsigned short)
 .text._ZN9UIPClient4peekEv
                0x0008242e       0x2c C:\Users\kotzukaru\AppData\Local\V.Micro\Arduino\Builds\WebServer\arduino_due_x_dbg\UIPEthernet\UIPClient.cpp.o
                0x0008242e                UIPClient::peek()
 *fill*         0x0008245a        0x2 
 .text._ZN9UIPClient7connectEPKct
                0x0008245c       0x54 C:\Users\kotzukaru\AppData\Local\V.Micro\Arduino\Builds\WebServer\arduino_due_x_dbg\UIPEthernet\UIPClient.cpp.o
                0x0008245c                UIPClient::connect(char const*, unsigned short)
 .text._ZN9UIPClientC2Ev
                0x000824b0       0x18 C:\Users\kotzukaru\AppData\Local\V.Micro\Arduino\Builds\WebServer\arduino_due_x_dbg\UIPEthernet\UIPClient.cpp.o
                0x000824b0                UIPClient::UIPClient()
                0x000824b0                UIPClient::UIPClient()
 .text._ZN9UIPClientC2EP14uip_userdata_t
                0x000824c8       0x18 C:\Users\kotzukaru\AppData\Local\V.Micro\Arduino\Builds\WebServer\arduino_due_x_dbg\UIPEthernet\UIPClient.cpp.o
                0x000824c8                UIPClient::UIPClient(uip_userdata_t*)
                0x000824c8                UIPClient::UIPClient(uip_userdata_t*)
 .text._ZN9UIPClient10_availableEP14uip_userdata_t
                0x000824e0       0x1c C:\Users\kotzukaru\AppData\Local\V.Micro\Arduino\Builds\WebServer\arduino_due_x_dbg\UIPEthernet\UIPClient.cpp.o
                0x000824e0                UIPClient::_available(uip_userdata_t*)
 .text._ZN9UIPClient9availableEv
                0x000824fc       0x18 C:\Users\kotzukaru\AppData\Local\V.Micro\Arduino\Builds\WebServer\arduino_due_x_dbg\UIPEthernet\UIPClient.cpp.o
                0x000824fc                UIPClient::available()
 .text._ZN9UIPClient13_allocateDataEv
                0x00082514       0x34 C:\Users\kotzukaru\AppData\Local\V.Micro\Arduino\Builds\WebServer\arduino_due_x_dbg\UIPEthernet\UIPClient.cpp.o
                0x00082514                UIPClient::_allocateData()
 .text._ZN9UIPClient13_currentBlockEPh
                0x00082548       0x1a C:\Users\kotzukaru\AppData\Local\V.Micro\Arduino\Builds\WebServer\arduino_due_x_dbg\UIPEthernet\UIPClient.cpp.o
                0x00082548                UIPClient::_currentBlock(unsigned char*)
 .text._ZN9UIPClient6_writeEP14uip_userdata_tPKhj
                0x00082562       0x70 C:\Users\kotzukaru\AppData\Local\V.Micro\Arduino\Builds\WebServer\arduino_due_x_dbg\UIPEthernet\UIPClient.cpp.o
                0x00082562                UIPClient::_write(uip_userdata_t*, unsigned char const*, unsigned int)
 .text._ZN9UIPClient5writeEh
                0x000825d2       0x18 C:\Users\kotzukaru\AppData\Local\V.Micro\Arduino\Builds\WebServer\arduino_due_x_dbg\UIPEthernet\UIPClient.cpp.o
                0x000825d2                UIPClient::write(unsigned char)
 .text._ZN9UIPClient5writeEPKhj
                0x000825ea        0x6 C:\Users\kotzukaru\AppData\Local\V.Micro\Arduino\Builds\WebServer\arduino_due_x_dbg\UIPEthernet\UIPClient.cpp.o
                0x000825ea                UIPClient::write(unsigned char const*, unsigned int)
 .text._ZN9UIPClient9_eatBlockEPh
                0x000825f0       0x20 C:\Users\kotzukaru\AppData\Local\V.Micro\Arduino\Builds\WebServer\arduino_due_x_dbg\UIPEthernet\UIPClient.cpp.o
                0x000825f0                UIPClient::_eatBlock(unsigned char*)
 .text._ZN9UIPClient4readEPhj
                0x00082610       0xa0 C:\Users\kotzukaru\AppData\Local\V.Micro\Arduino\Builds\WebServer\arduino_due_x_dbg\UIPEthernet\UIPClient.cpp.o
                0x00082610                UIPClient::read(unsigned char*, unsigned int)
 .text._ZN9UIPClient12_flushBlocksEPh
                0x000826b0       0x18 C:\Users\kotzukaru\AppData\Local\V.Micro\Arduino\Builds\WebServer\arduino_due_x_dbg\UIPEthernet\UIPClient.cpp.o
                0x000826b0                UIPClient::_flushBlocks(unsigned char*)
 .text._ZN9UIPClient4stopEv
                0x000826c8       0x2e C:\Users\kotzukaru\AppData\Local\V.Micro\Arduino\Builds\WebServer\arduino_due_x_dbg\UIPEthernet\UIPClient.cpp.o
                0x000826c8                UIPClient::stop()
 .text._ZN9UIPClient5flushEv
                0x000826f6       0x1a C:\Users\kotzukaru\AppData\Local\V.Micro\Arduino\Builds\WebServer\arduino_due_x_dbg\UIPEthernet\UIPClient.cpp.o
                0x000826f6                UIPClient::flush()
 .text.uipclient_appcall
                0x00082710      0x1ac C:\Users\kotzukaru\AppData\Local\V.Micro\Arduino\Builds\WebServer\arduino_due_x_dbg\UIPEthernet\UIPClient.cpp.o
                0x00082710                uipclient_appcall
 .text.startup._GLOBAL__sub_I__ZN9UIPClient8all_dataE
                0x000828bc       0x1c C:\Users\kotzukaru\AppData\Local\V.Micro\Arduino\Builds\WebServer\arduino_due_x_dbg\UIPEthernet\UIPClient.cpp.o
 .text._ZN16UIPEthernetClass11dnsServerIPEv
                0x000828d8       0x14 C:\Users\kotzukaru\AppData\Local\V.Micro\Arduino\Builds\WebServer\arduino_due_x_dbg\UIPEthernet\UIPEthernet.cpp.o
                0x000828d8                UIPEthernetClass::dnsServerIP()
 .text._ZN16UIPEthernetClass12network_sendEv
                0x000828ec       0x60 C:\Users\kotzukaru\AppData\Local\V.Micro\Arduino\Builds\WebServer\arduino_due_x_dbg\UIPEthernet\UIPEthernet.cpp.o
                0x000828ec                UIPEthernetClass::network_send()
 .text._ZN16UIPEthernetClass4tickEv
                0x0008294c      0x108 C:\Users\kotzukaru\AppData\Local\V.Micro\Arduino\Builds\WebServer\arduino_due_x_dbg\UIPEthernet\UIPEthernet.cpp.o
                0x0008294c                UIPEthernetClass::tick()
 .text._ZN16UIPEthernetClass4initEPKh
                0x00082a54       0x40 C:\Users\kotzukaru\AppData\Local\V.Micro\Arduino\Builds\WebServer\arduino_due_x_dbg\UIPEthernet\UIPEthernet.cpp.o
                0x00082a54                UIPEthernetClass::init(unsigned char const*)
 .text._ZN16UIPEthernetClass9configureE9IPAddressS0_S0_S0_
                0x00082a94       0x68 C:\Users\kotzukaru\AppData\Local\V.Micro\Arduino\Builds\WebServer\arduino_due_x_dbg\UIPEthernet\UIPEthernet.cpp.o
                0x00082a94                UIPEthernetClass::configure(IPAddress, IPAddress, IPAddress, IPAddress)
 .text._ZN16UIPEthernetClass5beginEPKh9IPAddressS2_S2_S2_
                0x00082afc       0x40 C:\Users\kotzukaru\AppData\Local\V.Micro\Arduino\Builds\WebServer\arduino_due_x_dbg\UIPEthernet\UIPEthernet.cpp.o
                0x00082afc                UIPEthernetClass::begin(unsigned char const*, IPAddress, IPAddress, IPAddress, IPAddress)
 .text._ZN16UIPEthernetClass5beginEPKh9IPAddressS2_S2_
                0x00082b3c       0x5c C:\Users\kotzukaru\AppData\Local\V.Micro\Arduino\Builds\WebServer\arduino_due_x_dbg\UIPEthernet\UIPEthernet.cpp.o
                0x00082b3c                UIPEthernetClass::begin(unsigned char const*, IPAddress, IPAddress, IPAddress)
 .text._ZN16UIPEthernetClass5beginEPKh9IPAddressS2_
                0x00082b98       0x34 C:\Users\kotzukaru\AppData\Local\V.Micro\Arduino\Builds\WebServer\arduino_due_x_dbg\UIPEthernet\UIPEthernet.cpp.o
                0x00082b98                UIPEthernetClass::begin(unsigned char const*, IPAddress, IPAddress)
 .text._ZN16UIPEthernetClass5beginEPKh9IPAddress
                0x00082bcc       0x2c C:\Users\kotzukaru\AppData\Local\V.Micro\Arduino\Builds\WebServer\arduino_due_x_dbg\UIPEthernet\UIPEthernet.cpp.o
                0x00082bcc                UIPEthernetClass::begin(unsigned char const*, IPAddress)
 .text._ZN16UIPEthernetClass6chksumEtPKht
                0x00082bf8       0x38 C:\Users\kotzukaru\AppData\Local\V.Micro\Arduino\Builds\WebServer\arduino_due_x_dbg\UIPEthernet\UIPEthernet.cpp.o
                0x00082bf8                UIPEthernetClass::chksum(unsigned short, unsigned char const*, unsigned short)
 .text._ZN16UIPEthernetClass8ipchksumEv
                0x00082c30       0x20 C:\Users\kotzukaru\AppData\Local\V.Micro\Arduino\Builds\WebServer\arduino_due_x_dbg\UIPEthernet\UIPEthernet.cpp.o
                0x00082c30                UIPEthernetClass::ipchksum()
 .text._ZN16UIPEthernetClass18upper_layer_chksumEh
                0x00082c50       0x6c C:\Users\kotzukaru\AppData\Local\V.Micro\Arduino\Builds\WebServer\arduino_due_x_dbg\UIPEthernet\UIPEthernet.cpp.o
                0x00082c50                UIPEthernetClass::upper_layer_chksum(unsigned char)
 .text.uip_ipchksum
                0x00082cbc        0x4 C:\Users\kotzukaru\AppData\Local\V.Micro\Arduino\Builds\WebServer\arduino_due_x_dbg\UIPEthernet\UIPEthernet.cpp.o
                0x00082cbc                uip_ipchksum
 .text.uip_tcpchksum
                0x00082cc0        0x6 C:\Users\kotzukaru\AppData\Local\V.Micro\Arduino\Builds\WebServer\arduino_due_x_dbg\UIPEthernet\UIPEthernet.cpp.o
                0x00082cc0                uip_tcpchksum
 .text.uip_udpchksum
                0x00082cc6        0x6 C:\Users\kotzukaru\AppData\Local\V.Micro\Arduino\Builds\WebServer\arduino_due_x_dbg\UIPEthernet\UIPEthernet.cpp.o
                0x00082cc6                uip_udpchksum
 .text.startup._GLOBAL__sub_I__ZN16UIPEthernetClass9in_packetE
                0x00082ccc       0x24 C:\Users\kotzukaru\AppData\Local\V.Micro\Arduino\Builds\WebServer\arduino_due_x_dbg\UIPEthernet\UIPEthernet.cpp.o
 .text._ZN9UIPServer5writeEh
                0x00082cf0       0x16 C:\Users\kotzukaru\AppData\Local\V.Micro\Arduino\Builds\WebServer\arduino_due_x_dbg\UIPEthernet\UIPServer.cpp.o
                0x00082cf0                UIPServer::write(unsigned char)
 .text._ZN9UIPServer5beginEv
                0x00082d06       0x10 C:\Users\kotzukaru\AppData\Local\V.Micro\Arduino\Builds\WebServer\arduino_due_x_dbg\UIPEthernet\UIPServer.cpp.o
                0x00082d06                UIPServer::begin()
 *fill*         0x00082d16        0x2 
 .text._ZN9UIPServer5writeEPKhj
                0x00082d18       0x4c C:\Users\kotzukaru\AppData\Local\V.Micro\Arduino\Builds\WebServer\arduino_due_x_dbg\UIPEthernet\UIPServer.cpp.o
                0x00082d18                UIPServer::write(unsigned char const*, unsigned int)
 .text._ZN9UIPServerC2Et
                0x00082d64       0x1c C:\Users\kotzukaru\AppData\Local\V.Micro\Arduino\Builds\WebServer\arduino_due_x_dbg\UIPEthernet\UIPServer.cpp.o
                0x00082d64                UIPServer::UIPServer(unsigned short)
                0x00082d64                UIPServer::UIPServer(unsigned short)
 .text._ZN9UIPServer9availableEv
                0x00082d80       0x64 C:\Users\kotzukaru\AppData\Local\V.Micro\Arduino\Builds\WebServer\arduino_due_x_dbg\UIPEthernet\UIPServer.cpp.o
                0x00082d80                UIPServer::available()
 .text.startup._GLOBAL__sub_I__ZN9UIPServerC2Et
                0x00082de4       0x1c C:\Users\kotzukaru\AppData\Local\V.Micro\Arduino\Builds\WebServer\arduino_due_x_dbg\UIPEthernet\UIPServer.cpp.o
 .text._ZN6UIPUDP4readEPcj
                0x00082e00        0xa C:\Users\kotzukaru\AppData\Local\V.Micro\Arduino\Builds\WebServer\arduino_due_x_dbg\UIPEthernet\UIPUdp.cpp.o
                0x00082e00                UIPUDP::read(char*, unsigned int)
 .text._ZN6UIPUDP5writeEh
                0x00082e0a       0x16 C:\Users\kotzukaru\AppData\Local\V.Micro\Arduino\Builds\WebServer\arduino_due_x_dbg\UIPEthernet\UIPUdp.cpp.o
                0x00082e0a                UIPUDP::write(unsigned char)
 .text._ZN6UIPUDP4readEv
                0x00082e20       0x20 C:\Users\kotzukaru\AppData\Local\V.Micro\Arduino\Builds\WebServer\arduino_due_x_dbg\UIPEthernet\UIPUdp.cpp.o
                0x00082e20                UIPUDP::read()
 .text._ZN6UIPUDP5beginEt
                0x00082e40       0x2c C:\Users\kotzukaru\AppData\Local\V.Micro\Arduino\Builds\WebServer\arduino_due_x_dbg\UIPEthernet\UIPUdp.cpp.o
                0x00082e40                UIPUDP::begin(unsigned short)
 .text._ZN6UIPUDP10remotePortEv
                0x00082e6c        0xc C:\Users\kotzukaru\AppData\Local\V.Micro\Arduino\Builds\WebServer\arduino_due_x_dbg\UIPEthernet\UIPUdp.cpp.o
                0x00082e6c                UIPUDP::remotePort()
 .text._ZN6UIPUDP4stopEv
                0x00082e78       0x34 C:\Users\kotzukaru\AppData\Local\V.Micro\Arduino\Builds\WebServer\arduino_due_x_dbg\UIPEthernet\UIPUdp.cpp.o
                0x00082e78                UIPUDP::stop()
 .text._ZN6UIPUDP5flushEv
                0x00082eac       0x14 C:\Users\kotzukaru\AppData\Local\V.Micro\Arduino\Builds\WebServer\arduino_due_x_dbg\UIPEthernet\UIPUdp.cpp.o
                0x00082eac                UIPUDP::flush()
 .text._ZN6UIPUDP11beginPacketE9IPAddresst
                0x00082ec0       0x88 C:\Users\kotzukaru\AppData\Local\V.Micro\Arduino\Builds\WebServer\arduino_due_x_dbg\UIPEthernet\UIPUdp.cpp.o
                0x00082ec0                UIPUDP::beginPacket(IPAddress, unsigned short)
 .text._ZN6UIPUDP5writeEPKhj
                0x00082f48       0x1e C:\Users\kotzukaru\AppData\Local\V.Micro\Arduino\Builds\WebServer\arduino_due_x_dbg\UIPEthernet\UIPUdp.cpp.o
                0x00082f48                UIPUDP::write(unsigned char const*, unsigned int)
 .text._ZN6UIPUDP11parsePacketEv
                0x00082f66       0x1c C:\Users\kotzukaru\AppData\Local\V.Micro\Arduino\Builds\WebServer\arduino_due_x_dbg\UIPEthernet\UIPUdp.cpp.o
                0x00082f66                UIPUDP::parsePacket()
 .text._ZN6UIPUDP9availableEv
                0x00082f82       0x10 C:\Users\kotzukaru\AppData\Local\V.Micro\Arduino\Builds\WebServer\arduino_due_x_dbg\UIPEthernet\UIPUdp.cpp.o
                0x00082f82                UIPUDP::available()
 .text._ZN6UIPUDP4peekEv
                0x00082f92       0x2a C:\Users\kotzukaru\AppData\Local\V.Micro\Arduino\Builds\WebServer\arduino_due_x_dbg\UIPEthernet\UIPUdp.cpp.o
                0x00082f92                UIPUDP::peek()
 .text._ZN6UIPUDP4readEPhj
                0x00082fbc       0x3c C:\Users\kotzukaru\AppData\Local\V.Micro\Arduino\Builds\WebServer\arduino_due_x_dbg\UIPEthernet\UIPUdp.cpp.o
                0x00082fbc                UIPUDP::read(unsigned char*, unsigned int)
 .text._ZN6UIPUDP8remoteIPEv
                0x00082ff8       0x26 C:\Users\kotzukaru\AppData\Local\V.Micro\Arduino\Builds\WebServer\arduino_due_x_dbg\UIPEthernet\UIPUdp.cpp.o
                0x00082ff8                UIPUDP::remoteIP()
 *fill*         0x0008301e        0x2 
 .text._ZN6UIPUDPC2Ev
                0x00083020       0x24 C:\Users\kotzukaru\AppData\Local\V.Micro\Arduino\Builds\WebServer\arduino_due_x_dbg\UIPEthernet\UIPUdp.cpp.o
                0x00083020                UIPUDP::UIPUDP()
                0x00083020                UIPUDP::UIPUDP()
 .text._ZN6UIPUDP11beginPacketEPKct
                0x00083044       0x5c C:\Users\kotzukaru\AppData\Local\V.Micro\Arduino\Builds\WebServer\arduino_due_x_dbg\UIPEthernet\UIPUdp.cpp.o
                0x00083044                UIPUDP::beginPacket(char const*, unsigned short)
 .text.uipudp_appcall
                0x000830a0       0xa4 C:\Users\kotzukaru\AppData\Local\V.Micro\Arduino\Builds\WebServer\arduino_due_x_dbg\UIPEthernet\UIPUdp.cpp.o
                0x000830a0                uipudp_appcall
 .text._ZN6UIPUDP5_sendEP18uip_udp_userdata_t
                0x00083144       0x40 C:\Users\kotzukaru\AppData\Local\V.Micro\Arduino\Builds\WebServer\arduino_due_x_dbg\UIPEthernet\UIPUdp.cpp.o
                0x00083144                UIPUDP::_send(uip_udp_userdata_t*)
 .text._ZN6UIPUDP9endPacketEv
                0x00083184       0x48 C:\Users\kotzukaru\AppData\Local\V.Micro\Arduino\Builds\WebServer\arduino_due_x_dbg\UIPEthernet\UIPUdp.cpp.o
                0x00083184                UIPUDP::endPacket()
 .text.startup._GLOBAL__sub_I__ZN6UIPUDPC2Ev
                0x000831cc       0x1c C:\Users\kotzukaru\AppData\Local\V.Micro\Arduino\Builds\WebServer\arduino_due_x_dbg\UIPEthernet\UIPUdp.cpp.o
 .text.clock_time
                0x000831e8        0x4 C:\Users\kotzukaru\AppData\Local\V.Micro\Arduino\Builds\WebServer\arduino_due_x_dbg\UIPEthernet\utility\clock-arch.c.o
                0x000831e8                clock_time
 .text.uip_add32
                0x000831ec       0x54 C:\Users\kotzukaru\AppData\Local\V.Micro\Arduino\Builds\WebServer\arduino_due_x_dbg\UIPEthernet\utility\uip.c.o
                0x000831ec                uip_add32
 .text.unlikely.uip_add_rcv_nxt
                0x00083240       0x2c C:\Users\kotzukaru\AppData\Local\V.Micro\Arduino\Builds\WebServer\arduino_due_x_dbg\UIPEthernet\utility\uip.c.o
 .text.uip_init
                0x0008326c       0x58 C:\Users\kotzukaru\AppData\Local\V.Micro\Arduino\Builds\WebServer\arduino_due_x_dbg\UIPEthernet\utility\uip.c.o
                0x0008326c                uip_init
 .text.uip_connect
                0x000832c4       0xc8 C:\Users\kotzukaru\AppData\Local\V.Micro\Arduino\Builds\WebServer\arduino_due_x_dbg\UIPEthernet\utility\uip.c.o
                0x000832c4                uip_connect
 .text.uip_udp_new
                0x0008338c       0x88 C:\Users\kotzukaru\AppData\Local\V.Micro\Arduino\Builds\WebServer\arduino_due_x_dbg\UIPEthernet\utility\uip.c.o
                0x0008338c                uip_udp_new
 .text.uip_listen
                0x00083414       0x30 C:\Users\kotzukaru\AppData\Local\V.Micro\Arduino\Builds\WebServer\arduino_due_x_dbg\UIPEthernet\utility\uip.c.o
                0x00083414                uip_listen
 .text.uip_process
                0x00083444      0xb2c C:\Users\kotzukaru\AppData\Local\V.Micro\Arduino\Builds\WebServer\arduino_due_x_dbg\UIPEthernet\utility\uip.c.o
                0x00083444                uip_process
 .text.htons    0x00083f70        0x6 C:\Users\kotzukaru\AppData\Local\V.Micro\Arduino\Builds\WebServer\arduino_due_x_dbg\UIPEthernet\utility\uip.c.o
                0x00083f70                htons
 *fill*         0x00083f76        0x2 
 .text.uip_send
                0x00083f78       0x28 C:\Users\kotzukaru\AppData\Local\V.Micro\Arduino\Builds\WebServer\arduino_due_x_dbg\UIPEthernet\utility\uip.c.o
                0x00083f78                uip_send
 .text.uip_arp_update
                0x00083fa0       0xcc C:\Users\kotzukaru\AppData\Local\V.Micro\Arduino\Builds\WebServer\arduino_due_x_dbg\UIPEthernet\utility\uip_arp.c.o
 .text.uip_arp_init
                0x0008406c       0x30 C:\Users\kotzukaru\AppData\Local\V.Micro\Arduino\Builds\WebServer\arduino_due_x_dbg\UIPEthernet\utility\uip_arp.c.o
                0x0008406c                uip_arp_init
 .text.uip_arp_ipin
                0x0008409c       0x48 C:\Users\kotzukaru\AppData\Local\V.Micro\Arduino\Builds\WebServer\arduino_due_x_dbg\UIPEthernet\utility\uip_arp.c.o
                0x0008409c                uip_arp_ipin
 .text.uip_arp_arpin
                0x000840e4       0xd0 C:\Users\kotzukaru\AppData\Local\V.Micro\Arduino\Builds\WebServer\arduino_due_x_dbg\UIPEthernet\utility\uip_arp.c.o
                0x000840e4                uip_arp_arpin
 .text.uip_arp_out
                0x000841b4      0x140 C:\Users\kotzukaru\AppData\Local\V.Micro\Arduino\Builds\WebServer\arduino_due_x_dbg\UIPEthernet\utility\uip_arp.c.o
                0x000841b4                uip_arp_out
 .text.uip_timer_set
                0x000842f4        0xe C:\Users\kotzukaru\AppData\Local\V.Micro\Arduino\Builds\WebServer\arduino_due_x_dbg\UIPEthernet\utility\uip_timer.c.o
                0x000842f4                uip_timer_set
 .text.uip_timer_restart
                0x00084302        0xc C:\Users\kotzukaru\AppData\Local\V.Micro\Arduino\Builds\WebServer\arduino_due_x_dbg\UIPEthernet\utility\uip_timer.c.o
                0x00084302                uip_timer_restart
 .text.uip_timer_expired
                0x0008430e       0x18 C:\Users\kotzukaru\AppData\Local\V.Micro\Arduino\Builds\WebServer\arduino_due_x_dbg\UIPEthernet\utility\uip_timer.c.o
                0x0008430e                uip_timer_expired
 .text._ZN8SPIClass8transferEh15SPITransferMode
                0x00084326       0x12 C:\Users\kotzukaru\AppData\Local\V.Micro\Arduino\Builds\WebServer\arduino_due_x_dbg\UIPEthernet\utility\Enc28J60Network.cpp.o
                0x00084326                SPIClass::transfer(unsigned char, SPITransferMode)
 .text._ZN15Enc28J60Network9blockSizeEh
                0x00084338       0x20 C:\Users\kotzukaru\AppData\Local\V.Micro\Arduino\Builds\WebServer\arduino_due_x_dbg\UIPEthernet\utility\Enc28J60Network.cpp.o
                0x00084338                Enc28J60Network::blockSize(unsigned char)
 .text._ZN15Enc28J60Network6readOpEhh
                0x00084358       0x48 C:\Users\kotzukaru\AppData\Local\V.Micro\Arduino\Builds\WebServer\arduino_due_x_dbg\UIPEthernet\utility\Enc28J60Network.cpp.o
                0x00084358                Enc28J60Network::readOp(unsigned char, unsigned char)
 .text._ZN15Enc28J60Network7writeOpEhhh
                0x000843a0       0x3c C:\Users\kotzukaru\AppData\Local\V.Micro\Arduino\Builds\WebServer\arduino_due_x_dbg\UIPEthernet\utility\Enc28J60Network.cpp.o
                0x000843a0                Enc28J60Network::writeOp(unsigned char, unsigned char, unsigned char)
 .text._ZN15Enc28J60Network10readBufferEtPh
                0x000843dc       0x40 C:\Users\kotzukaru\AppData\Local\V.Micro\Arduino\Builds\WebServer\arduino_due_x_dbg\UIPEthernet\utility\Enc28J60Network.cpp.o
                0x000843dc                Enc28J60Network::readBuffer(unsigned short, unsigned char*)
 .text._ZN15Enc28J60Network11writeBufferEtPh
                0x0008441c       0x40 C:\Users\kotzukaru\AppData\Local\V.Micro\Arduino\Builds\WebServer\arduino_due_x_dbg\UIPEthernet\utility\Enc28J60Network.cpp.o
                0x0008441c                Enc28J60Network::writeBuffer(unsigned short, unsigned char*)
 .text._ZN15Enc28J60Network7setBankEh
                0x0008445c       0x2c C:\Users\kotzukaru\AppData\Local\V.Micro\Arduino\Builds\WebServer\arduino_due_x_dbg\UIPEthernet\utility\Enc28J60Network.cpp.o
                0x0008445c                Enc28J60Network::setBank(unsigned char)
 .text._ZN15Enc28J60Network7readRegEh
                0x00084488       0x14 C:\Users\kotzukaru\AppData\Local\V.Micro\Arduino\Builds\WebServer\arduino_due_x_dbg\UIPEthernet\utility\Enc28J60Network.cpp.o
                0x00084488                Enc28J60Network::readReg(unsigned char)
 .text._ZN15Enc28J60Network8writeRegEhh
                0x0008449c       0x18 C:\Users\kotzukaru\AppData\Local\V.Micro\Arduino\Builds\WebServer\arduino_due_x_dbg\UIPEthernet\utility\Enc28J60Network.cpp.o
                0x0008449c                Enc28J60Network::writeReg(unsigned char, unsigned char)
 .text._ZN15Enc28J60Network12writeRegPairEht
                0x000844b4       0x24 C:\Users\kotzukaru\AppData\Local\V.Micro\Arduino\Builds\WebServer\arduino_due_x_dbg\UIPEthernet\utility\Enc28J60Network.cpp.o
                0x000844b4                Enc28J60Network::writeRegPair(unsigned char, unsigned short)
 .text._ZN15Enc28J60Network10setERXRDPTEv
                0x000844d8       0x1c C:\Users\kotzukaru\AppData\Local\V.Micro\Arduino\Builds\WebServer\arduino_due_x_dbg\UIPEthernet\utility\Enc28J60Network.cpp.o
                0x000844d8                Enc28J60Network::setERXRDPT()
 .text._ZN15Enc28J60Network10freePacketEv
                0x000844f4        0x4 C:\Users\kotzukaru\AppData\Local\V.Micro\Arduino\Builds\WebServer\arduino_due_x_dbg\UIPEthernet\utility\Enc28J60Network.cpp.o
                0x000844f4                Enc28J60Network::freePacket()
 .text._ZN15Enc28J60Network13receivePacketEv
                0x000844f8       0x80 C:\Users\kotzukaru\AppData\Local\V.Micro\Arduino\Builds\WebServer\arduino_due_x_dbg\UIPEthernet\utility\Enc28J60Network.cpp.o
                0x000844f8                Enc28J60Network::receivePacket()
 .text._ZN15Enc28J60Network10setReadPtrEhtt
                0x00084578       0x38 C:\Users\kotzukaru\AppData\Local\V.Micro\Arduino\Builds\WebServer\arduino_due_x_dbg\UIPEthernet\utility\Enc28J60Network.cpp.o
                0x00084578                Enc28J60Network::setReadPtr(unsigned char, unsigned short, unsigned short)
 .text._ZN15Enc28J60Network10readPacketEhtPht
                0x000845b0       0x16 C:\Users\kotzukaru\AppData\Local\V.Micro\Arduino\Builds\WebServer\arduino_due_x_dbg\UIPEthernet\utility\Enc28J60Network.cpp.o
                0x000845b0                Enc28J60Network::readPacket(unsigned char, unsigned short, unsigned char*, unsigned short)
 *fill*         0x000845c6        0x2 
 .text._ZN15Enc28J60Network11writePacketEhtPht
                0x000845c8       0x38 C:\Users\kotzukaru\AppData\Local\V.Micro\Arduino\Builds\WebServer\arduino_due_x_dbg\UIPEthernet\utility\Enc28J60Network.cpp.o
                0x000845c8                Enc28J60Network::writePacket(unsigned char, unsigned short, unsigned char*, unsigned short)
 .text._ZN15Enc28J60Network8readByteEt
                0x00084600       0x3c C:\Users\kotzukaru\AppData\Local\V.Micro\Arduino\Builds\WebServer\arduino_due_x_dbg\UIPEthernet\utility\Enc28J60Network.cpp.o
                0x00084600                Enc28J60Network::readByte(unsigned short)
 .text._ZN15Enc28J60Network9writeByteEth
                0x0008463c       0x3c C:\Users\kotzukaru\AppData\Local\V.Micro\Arduino\Builds\WebServer\arduino_due_x_dbg\UIPEthernet\utility\Enc28J60Network.cpp.o
                0x0008463c                Enc28J60Network::writeByte(unsigned short, unsigned char)
 .text._ZN15Enc28J60Network10sendPacketEh
                0x00084678       0x6c C:\Users\kotzukaru\AppData\Local\V.Micro\Arduino\Builds\WebServer\arduino_due_x_dbg\UIPEthernet\utility\Enc28J60Network.cpp.o
                0x00084678                Enc28J60Network::sendPacket(unsigned char)
 .text._Z36enc28J60_mempool_block_move_callbackttt
                0x000846e4       0x6e C:\Users\kotzukaru\AppData\Local\V.Micro\Arduino\Builds\WebServer\arduino_due_x_dbg\UIPEthernet\utility\Enc28J60Network.cpp.o
                0x000846e4                enc28J60_mempool_block_move_callback(unsigned short, unsigned short, unsigned short)
 *fill*         0x00084752        0x2 
 .text._ZN15Enc28J60Network10copyPacketEhthtt
                0x00084754       0x38 C:\Users\kotzukaru\AppData\Local\V.Micro\Arduino\Builds\WebServer\arduino_due_x_dbg\UIPEthernet\utility\Enc28J60Network.cpp.o
                0x00084754                Enc28J60Network::copyPacket(unsigned char, unsigned short, unsigned char, unsigned short, unsigned short)
 .text._ZN15Enc28J60Network8phyWriteEht
                0x0008478c       0x2e C:\Users\kotzukaru\AppData\Local\V.Micro\Arduino\Builds\WebServer\arduino_due_x_dbg\UIPEthernet\utility\Enc28J60Network.cpp.o
                0x0008478c                Enc28J60Network::phyWrite(unsigned char, unsigned short)
 *fill*         0x000847ba        0x2 
 .text._ZN15Enc28J60Network4initEPh
                0x000847bc      0x110 C:\Users\kotzukaru\AppData\Local\V.Micro\Arduino\Builds\WebServer\arduino_due_x_dbg\UIPEthernet\utility\Enc28J60Network.cpp.o
                0x000847bc                Enc28J60Network::init(unsigned char*)
 .text._ZN15Enc28J60Network6chksumEthtt
                0x000848cc       0x88 C:\Users\kotzukaru\AppData\Local\V.Micro\Arduino\Builds\WebServer\arduino_due_x_dbg\UIPEthernet\utility\Enc28J60Network.cpp.o
                0x000848cc                Enc28J60Network::chksum(unsigned short, unsigned char, unsigned short, unsigned short)
 .text._ZN10MemoryPool4initEv
                0x00084954       0x1c C:\Users\kotzukaru\AppData\Local\V.Micro\Arduino\Builds\WebServer\arduino_due_x_dbg\UIPEthernet\utility\mempool.cpp.o
                0x00084954                MemoryPool::init()
 .text._ZN10MemoryPool10allocBlockEt
                0x00084970       0xe4 C:\Users\kotzukaru\AppData\Local\V.Micro\Arduino\Builds\WebServer\arduino_due_x_dbg\UIPEthernet\utility\mempool.cpp.o
                0x00084970                MemoryPool::allocBlock(unsigned short)
 .text._ZN10MemoryPool9freeBlockEh
                0x00084a54       0x30 C:\Users\kotzukaru\AppData\Local\V.Micro\Arduino\Builds\WebServer\arduino_due_x_dbg\UIPEthernet\utility\mempool.cpp.o
                0x00084a54                MemoryPool::freeBlock(unsigned char)
 .text._ZN10MemoryPool11resizeBlockEht
                0x00084a84       0x1c C:\Users\kotzukaru\AppData\Local\V.Micro\Arduino\Builds\WebServer\arduino_due_x_dbg\UIPEthernet\utility\mempool.cpp.o
                0x00084a84                MemoryPool::resizeBlock(unsigned char, unsigned short)
 .text._ZN10MemoryPool11resizeBlockEhtt
                0x00084aa0       0x18 C:\Users\kotzukaru\AppData\Local\V.Micro\Arduino\Builds\WebServer\arduino_due_x_dbg\UIPEthernet\utility\mempool.cpp.o
                0x00084aa0                MemoryPool::resizeBlock(unsigned char, unsigned short, unsigned short)
 .text.PIO_DisableInterrupt
                0x00084ab8        0x4 C:\ArduinoIDE\arduino-1.6.0\hardware\arduino\sam\variants\arduino_due_x/libsam_sam3x8e_gcc_rel.a(pio.o)
                0x00084ab8                PIO_DisableInterrupt
 .text.PIO_PullUp
                0x00084abc        0xa C:\ArduinoIDE\arduino-1.6.0\hardware\arduino\sam\variants\arduino_due_x/libsam_sam3x8e_gcc_rel.a(pio.o)
                0x00084abc                PIO_PullUp
 .text.PIO_SetPeripheral
                0x00084ac6       0x2a C:\ArduinoIDE\arduino-1.6.0\hardware\arduino\sam\variants\arduino_due_x/libsam_sam3x8e_gcc_rel.a(pio.o)
                0x00084ac6                PIO_SetPeripheral
 .text.PIO_SetInput
                0x00084af0       0x40 C:\ArduinoIDE\arduino-1.6.0\hardware\arduino\sam\variants\arduino_due_x/libsam_sam3x8e_gcc_rel.a(pio.o)
                0x00084af0                PIO_SetInput
 .text.PIO_SetOutput
                0x00084b30       0x38 C:\ArduinoIDE\arduino-1.6.0\hardware\arduino\sam\variants\arduino_due_x/libsam_sam3x8e_gcc_rel.a(pio.o)
                0x00084b30                PIO_SetOutput
 .text.PIO_Configure
                0x00084b68       0x74 C:\ArduinoIDE\arduino-1.6.0\hardware\arduino\sam\variants\arduino_due_x/libsam_sam3x8e_gcc_rel.a(pio.o)
                0x00084b68                PIO_Configure
 .text.PIO_GetOutputDataStatus
                0x00084bdc       0x16 C:\ArduinoIDE\arduino-1.6.0\hardware\arduino\sam\variants\arduino_due_x/libsam_sam3x8e_gcc_rel.a(pio.o)
                0x00084bdc                PIO_GetOutputDataStatus
 *fill*         0x00084bf2        0x2 
 .text.pmc_enable_upll_clock
                0x00084bf4       0x18 C:\ArduinoIDE\arduino-1.6.0\hardware\arduino\sam\variants\arduino_due_x/libsam_sam3x8e_gcc_rel.a(pmc.o)
                0x00084bf4                pmc_enable_upll_clock
 .text.pmc_enable_periph_clk
                0x00084c0c       0x48 C:\ArduinoIDE\arduino-1.6.0\hardware\arduino\sam\variants\arduino_due_x/libsam_sam3x8e_gcc_rel.a(pmc.o)
                0x00084c0c                pmc_enable_periph_clk
 .text.pmc_disable_periph_clk
                0x00084c54       0x48 C:\ArduinoIDE\arduino-1.6.0\hardware\arduino\sam\variants\arduino_due_x/libsam_sam3x8e_gcc_rel.a(pmc.o)
                0x00084c54                pmc_disable_periph_clk
 .text.pmc_switch_udpck_to_upllck
                0x00084c9c       0x14 C:\ArduinoIDE\arduino-1.6.0\hardware\arduino\sam\variants\arduino_due_x/libsam_sam3x8e_gcc_rel.a(pmc.o)
                0x00084c9c                pmc_switch_udpck_to_upllck
 .text.pmc_enable_udpck
                0x00084cb0        0xc C:\ArduinoIDE\arduino-1.6.0\hardware\arduino\sam\variants\arduino_due_x/libsam_sam3x8e_gcc_rel.a(pmc.o)
                0x00084cb0                pmc_enable_udpck
 .text.SPI_Enable
                0x00084cbc        0x6 C:\ArduinoIDE\arduino-1.6.0\hardware\arduino\sam\variants\arduino_due_x/libsam_sam3x8e_gcc_rel.a(spi.o)
                0x00084cbc                SPI_Enable
 *fill*         0x00084cc2        0x2 
 .text.SPI_Configure
                0x00084cc4       0x20 C:\ArduinoIDE\arduino-1.6.0\hardware\arduino\sam\variants\arduino_due_x/libsam_sam3x8e_gcc_rel.a(spi.o)
                0x00084cc4                SPI_Configure
 .text.SPI_ConfigureNPCS
                0x00084ce4        0x8 C:\ArduinoIDE\arduino-1.6.0\hardware\arduino\sam\variants\arduino_due_x/libsam_sam3x8e_gcc_rel.a(spi.o)
                0x00084ce4                SPI_ConfigureNPCS
 .text.Reset_Handler
                0x00084cec       0x70 C:\ArduinoIDE\arduino-1.6.0\hardware\arduino\sam\variants\arduino_due_x/libsam_sam3x8e_gcc_rel.a(startup_sam3xa.o)
                0x00084cec                Reset_Handler
 .text.UOTGHS_Handler
                0x00084d5c       0x10 C:\ArduinoIDE\arduino-1.6.0\hardware\arduino\sam\variants\arduino_due_x/libsam_sam3x8e_gcc_rel.a(uotghs.o)
                0x00084d5c                UOTGHS_Handler
 .text.__halt   0x00084d6c        0x2 C:\Users\kotzukaru\AppData\Local\V.Micro\Arduino\Builds\WebServer\arduino_due_x_dbg/core.a(cortex_handlers.c.o)
                0x00084d6c                DACC_Handler
                0x00084d6c                DebugMon_Handler
                0x00084d6c                DMAC_Handler
                0x00084d6c                TRNG_Handler
                0x00084d6c                HardFault_Handler
                0x00084d6c                TC2_Handler
                0x00084d6c                TWI1_Handler
                0x00084d6c                NMI_Handler
                0x00084d6c                TC7_Handler
                0x00084d6c                ADC_Handler
                0x00084d6c                SMC_Handler
                0x00084d6c                RTT_Handler
                0x00084d6c                EFC1_Handler
                0x00084d6c                PIOB_Handler
                0x00084d6c                RTC_Handler
                0x00084d6c                UsageFault_Handler
                0x00084d6c                TC6_Handler
                0x00084d6c                WDT_Handler
                0x00084d6c                CAN0_Handler
                0x00084d6c                TC4_Handler
                0x00084d6c                TC1_Handler
                0x00084d6c                HSMCI_Handler
                0x00084d6c                TC3_Handler
                0x00084d6c                TWI0_Handler
                0x00084d6c                PIOA_Handler
                0x00084d6c                SSC_Handler
                0x00084d6c                EFC0_Handler
                0x00084d6c                PMC_Handler
                0x00084d6c                PWM_Handler
                0x00084d6c                CAN1_Handler
                0x00084d6c                MemManage_Handler
                0x00084d6c                SUPC_Handler
                0x00084d6c                TC8_Handler
                0x00084d6c                USART2_Handler
                0x00084d6c                PIOD_Handler
                0x00084d6c                EMAC_Handler
                0x00084d6c                PIOC_Handler
                0x00084d6c                BusFault_Handler
                0x00084d6c                RSTC_Handler
                0x00084d6c                TC0_Handler
                0x00084d6c                TC5_Handler
                0x00084d6c                SPI0_Handler
 .text.SVC_Handler
                0x00084d6e        0x4 C:\Users\kotzukaru\AppData\Local\V.Micro\Arduino\Builds\WebServer\arduino_due_x_dbg/core.a(cortex_handlers.c.o)
                0x00084d6e                SVC_Handler
 .text.PendSV_Handler
                0x00084d72        0x4 C:\Users\kotzukaru\AppData\Local\V.Micro\Arduino\Builds\WebServer\arduino_due_x_dbg/core.a(cortex_handlers.c.o)
                0x00084d72                PendSV_Handler
 .text.SysTick_Handler
                0x00084d76       0x16 C:\Users\kotzukaru\AppData\Local\V.Micro\Arduino\Builds\WebServer\arduino_due_x_dbg/core.a(cortex_handlers.c.o)
                0x00084d76                SysTick_Handler
 .text.__empty  0x00084d8c        0x2 C:\Users\kotzukaru\AppData\Local\V.Micro\Arduino\Builds\WebServer\arduino_due_x_dbg/core.a(hooks.c.o)
                0x00084d8c                yield
 .text.__false  0x00084d8e        0x4 C:\Users\kotzukaru\AppData\Local\V.Micro\Arduino\Builds\WebServer\arduino_due_x_dbg/core.a(hooks.c.o)
                0x00084d8e                sysTickHook
 .text.__halt   0x00084d92        0x2 C:\Users\kotzukaru\AppData\Local\V.Micro\Arduino\Builds\WebServer\arduino_due_x_dbg/core.a(hooks.c.o)
                0x00084d92                svcHook
                0x00084d92                pendSVHook
 .text.millis   0x00084d94        0x4 C:\Users\kotzukaru\AppData\Local\V.Micro\Arduino\Builds\WebServer\arduino_due_x_dbg/core.a(wiring.c.o)
                0x00084d94                millis
 .text.delay    0x00084d98       0x1c C:\Users\kotzukaru\AppData\Local\V.Micro\Arduino\Builds\WebServer\arduino_due_x_dbg/core.a(wiring.c.o)
                0x00084d98                delay
 .text.pinMode  0x00084db4       0x64 C:\Users\kotzukaru\AppData\Local\V.Micro\Arduino\Builds\WebServer\arduino_due_x_dbg/core.a(wiring_digital.c.o)
                0x00084db4                pinMode
 .text.digitalWrite
                0x00084e18       0x48 C:\Users\kotzukaru\AppData\Local\V.Micro\Arduino\Builds\WebServer\arduino_due_x_dbg/core.a(wiring_digital.c.o)
                0x00084e18                digitalWrite
 .text._ZNK9IPAddress7printToER5Print
                0x00084e60       0x3c C:\Users\kotzukaru\AppData\Local\V.Micro\Arduino\Builds\WebServer\arduino_due_x_dbg/core.a(IPAddress.cpp.o)
                0x00084e60                IPAddress::printTo(Print&) const
 .text._ZN9IPAddressC2Ev
                0x00084e9c       0x10 C:\Users\kotzukaru\AppData\Local\V.Micro\Arduino\Builds\WebServer\arduino_due_x_dbg/core.a(IPAddress.cpp.o)
                0x00084e9c                IPAddress::IPAddress()
                0x00084e9c                IPAddress::IPAddress()
 .text._ZN9IPAddressC2Ehhhh
                0x00084eac       0x18 C:\Users\kotzukaru\AppData\Local\V.Micro\Arduino\Builds\WebServer\arduino_due_x_dbg/core.a(IPAddress.cpp.o)
                0x00084eac                IPAddress::IPAddress(unsigned char, unsigned char, unsigned char, unsigned char)
                0x00084eac                IPAddress::IPAddress(unsigned char, unsigned char, unsigned char, unsigned char)
 .text._ZN9IPAddressC2EPKh
                0x00084ec4       0x10 C:\Users\kotzukaru\AppData\Local\V.Micro\Arduino\Builds\WebServer\arduino_due_x_dbg/core.a(IPAddress.cpp.o)
                0x00084ec4                IPAddress::IPAddress(unsigned char const*)
                0x00084ec4                IPAddress::IPAddress(unsigned char const*)
 .text.startup._GLOBAL__sub_I__ZN9IPAddressC2Ev
                0x00084ed4       0x1c C:\Users\kotzukaru\AppData\Local\V.Micro\Arduino\Builds\WebServer\arduino_due_x_dbg/core.a(IPAddress.cpp.o)
 .text.initVariant
                0x00084ef0        0x2 C:\Users\kotzukaru\AppData\Local\V.Micro\Arduino\Builds\WebServer\arduino_due_x_dbg/core.a(main.cpp.o)
                0x00084ef0                initVariant
 *fill*         0x00084ef2        0x2 
 .text.startup.main
                0x00084ef4       0x34 C:\Users\kotzukaru\AppData\Local\V.Micro\Arduino\Builds\WebServer\arduino_due_x_dbg/core.a(main.cpp.o)
                0x00084ef4                main
 .text._ZN5Print5writeEPKhj
                0x00084f28       0x22 C:\Users\kotzukaru\AppData\Local\V.Micro\Arduino\Builds\WebServer\arduino_due_x_dbg/core.a(Print.cpp.o)
                0x00084f28                Print::write(unsigned char const*, unsigned int)
 .text._ZN5Print5writeEPKc
                0x00084f4a       0x1e C:\Users\kotzukaru\AppData\Local\V.Micro\Arduino\Builds\WebServer\arduino_due_x_dbg/core.a(Print.cpp.o)
                0x00084f4a                Print::write(char const*)
 .text._ZN5Print5printEPKc
                0x00084f68        0x8 C:\Users\kotzukaru\AppData\Local\V.Micro\Arduino\Builds\WebServer\arduino_due_x_dbg/core.a(Print.cpp.o)
                0x00084f68                Print::print(char const*)
 .text._ZN5Print5printEc
                0x00084f70        0xa C:\Users\kotzukaru\AppData\Local\V.Micro\Arduino\Builds\WebServer\arduino_due_x_dbg/core.a(Print.cpp.o)
                0x00084f70                Print::print(char)
 .text._ZN5Print7printlnEv
                0x00084f7a       0x18 C:\Users\kotzukaru\AppData\Local\V.Micro\Arduino\Builds\WebServer\arduino_due_x_dbg/core.a(Print.cpp.o)
                0x00084f7a                Print::println()
 .text._ZN5Print7printlnEPK19__FlashStringHelper
                0x00084f92       0x14 C:\Users\kotzukaru\AppData\Local\V.Micro\Arduino\Builds\WebServer\arduino_due_x_dbg/core.a(Print.cpp.o)
                0x00084f92                Print::println(__FlashStringHelper const*)
 .text._ZN5Print7printlnEPKc
                0x00084fa6       0x14 C:\Users\kotzukaru\AppData\Local\V.Micro\Arduino\Builds\WebServer\arduino_due_x_dbg/core.a(Print.cpp.o)
                0x00084fa6                Print::println(char const*)
 .text._ZN5Print11printNumberEmh
                0x00084fba       0x3c C:\Users\kotzukaru\AppData\Local\V.Micro\Arduino\Builds\WebServer\arduino_due_x_dbg/core.a(Print.cpp.o)
                0x00084fba                Print::printNumber(unsigned long, unsigned char)
 .text._ZN5Print5printEli
                0x00084ff6       0x3c C:\Users\kotzukaru\AppData\Local\V.Micro\Arduino\Builds\WebServer\arduino_due_x_dbg/core.a(Print.cpp.o)
                0x00084ff6                Print::print(long, int)
 .text._ZN5Print5printEii
                0x00085032        0x4 C:\Users\kotzukaru\AppData\Local\V.Micro\Arduino\Builds\WebServer\arduino_due_x_dbg/core.a(Print.cpp.o)
                0x00085032                Print::print(int, int)
 .text._ZN5Print7printlnEii
                0x00085036       0x14 C:\Users\kotzukaru\AppData\Local\V.Micro\Arduino\Builds\WebServer\arduino_due_x_dbg/core.a(Print.cpp.o)
                0x00085036                Print::println(int, int)
 .text._ZN5Print5printEmi
                0x0008504a       0x18 C:\Users\kotzukaru\AppData\Local\V.Micro\Arduino\Builds\WebServer\arduino_due_x_dbg/core.a(Print.cpp.o)
                0x0008504a                Print::print(unsigned long, int)
 .text._ZN5Print5printEhi
                0x00085062        0x4 C:\Users\kotzukaru\AppData\Local\V.Micro\Arduino\Builds\WebServer\arduino_due_x_dbg/core.a(Print.cpp.o)
                0x00085062                Print::print(unsigned char, int)
 .text._ZN5Print7printlnEhi
                0x00085066       0x14 C:\Users\kotzukaru\AppData\Local\V.Micro\Arduino\Builds\WebServer\arduino_due_x_dbg/core.a(Print.cpp.o)
                0x00085066                Print::println(unsigned char, int)
 *fill*         0x0008507a        0x2 
 .text.initiateReset
                0x0008507c        0xc C:\Users\kotzukaru\AppData\Local\V.Micro\Arduino\Builds\WebServer\arduino_due_x_dbg/core.a(Reset.cpp.o)
                0x0008507c                initiateReset
 .text.cancelReset
                0x00085088       0x10 C:\Users\kotzukaru\AppData\Local\V.Micro\Arduino\Builds\WebServer\arduino_due_x_dbg/core.a(Reset.cpp.o)
                0x00085088                cancelReset
 .text.tickReset
                0x00085098       0x20 C:\Users\kotzukaru\AppData\Local\V.Micro\Arduino\Builds\WebServer\arduino_due_x_dbg/core.a(Reset.cpp.o)
                0x00085098                tickReset
 .text._ZN9UARTClasscvbEv
                0x000850b8        0x4 C:\Users\kotzukaru\AppData\Local\V.Micro\Arduino\Builds\WebServer\arduino_due_x_dbg/core.a(UARTClass.cpp.o)
                0x000850b8                UARTClass::operator bool()
 .text._ZN9UARTClass9availableEv
                0x000850bc       0x12 C:\Users\kotzukaru\AppData\Local\V.Micro\Arduino\Builds\WebServer\arduino_due_x_dbg/core.a(UARTClass.cpp.o)
                0x000850bc                UARTClass::available()
 .text._ZN9UARTClass4peekEv
                0x000850ce       0x1c C:\Users\kotzukaru\AppData\Local\V.Micro\Arduino\Builds\WebServer\arduino_due_x_dbg/core.a(UARTClass.cpp.o)
                0x000850ce                UARTClass::peek()
 .text._ZN9UARTClass4readEv
                0x000850ea       0x2a C:\Users\kotzukaru\AppData\Local\V.Micro\Arduino\Builds\WebServer\arduino_due_x_dbg/core.a(UARTClass.cpp.o)
                0x000850ea                UARTClass::read()
 .text._ZN9UARTClass5flushEv
                0x00085114       0x18 C:\Users\kotzukaru\AppData\Local\V.Micro\Arduino\Builds\WebServer\arduino_due_x_dbg/core.a(UARTClass.cpp.o)
                0x00085114                UARTClass::flush()
 .text._ZN9UARTClass5writeEh
                0x0008512c       0x54 C:\Users\kotzukaru\AppData\Local\V.Micro\Arduino\Builds\WebServer\arduino_due_x_dbg/core.a(UARTClass.cpp.o)
                0x0008512c                UARTClass::write(unsigned char)
 .text._ZN9UARTClass3endEv
                0x00085180       0x3c C:\Users\kotzukaru\AppData\Local\V.Micro\Arduino\Builds\WebServer\arduino_due_x_dbg/core.a(UARTClass.cpp.o)
                0x00085180                UARTClass::end()
 .text._ZN9UARTClassC2EP4Uart4IRQnmP10RingBufferS4_
                0x000851bc       0x24 C:\Users\kotzukaru\AppData\Local\V.Micro\Arduino\Builds\WebServer\arduino_due_x_dbg/core.a(UARTClass.cpp.o)
                0x000851bc                UARTClass::UARTClass(Uart*, IRQn, unsigned long, RingBuffer*, RingBuffer*)
                0x000851bc                UARTClass::UARTClass(Uart*, IRQn, unsigned long, RingBuffer*, RingBuffer*)
 .text._ZN9UARTClass4initEmm
                0x000851e0       0x70 C:\Users\kotzukaru\AppData\Local\V.Micro\Arduino\Builds\WebServer\arduino_due_x_dbg/core.a(UARTClass.cpp.o)
                0x000851e0                UARTClass::init(unsigned long, unsigned long)
 .text._ZN9UARTClass5beginEm
                0x00085250        0x8 C:\Users\kotzukaru\AppData\Local\V.Micro\Arduino\Builds\WebServer\arduino_due_x_dbg/core.a(UARTClass.cpp.o)
                0x00085250                UARTClass::begin(unsigned long)
 .text._ZN9UARTClass10IrqHandlerEv
                0x00085258       0x5a C:\Users\kotzukaru\AppData\Local\V.Micro\Arduino\Builds\WebServer\arduino_due_x_dbg/core.a(UARTClass.cpp.o)
                0x00085258                UARTClass::IrqHandler()
 *fill*         0x000852b2        0x2 
 .text.unlikely._ZL11USB_SendZlpv
                0x000852b4       0x20 C:\Users\kotzukaru\AppData\Local\V.Micro\Arduino\Builds\WebServer\arduino_due_x_dbg/core.a(USBCore.cpp.o)
 .text._Z14USBD_Availablem
                0x000852d4       0x2c C:\Users\kotzukaru\AppData\Local\V.Micro\Arduino\Builds\WebServer\arduino_due_x_dbg/core.a(USBCore.cpp.o)
                0x000852d4                USBD_Available(unsigned long)
 .text._Z9USBD_RecvmPvm
                0x00085300       0x7c C:\Users\kotzukaru\AppData\Local\V.Micro\Arduino\Builds\WebServer\arduino_due_x_dbg/core.a(USBCore.cpp.o)
                0x00085300                USBD_Recv(unsigned long, void*, unsigned long)
 .text._Z9USBD_Recvm
                0x0008537c       0x22 C:\Users\kotzukaru\AppData\Local\V.Micro\Arduino\Builds\WebServer\arduino_due_x_dbg/core.a(USBCore.cpp.o)
                0x0008537c                USBD_Recv(unsigned long)
 *fill*         0x0008539e        0x2 
 .text._Z9USBD_SendmPKvm
                0x000853a0       0x4c C:\Users\kotzukaru\AppData\Local\V.Micro\Arduino\Builds\WebServer\arduino_due_x_dbg/core.a(USBCore.cpp.o)
                0x000853a0                USBD_Send(unsigned long, void const*, unsigned long)
 .text._Z16USBD_SendControlhPKvm
                0x000853ec       0x40 C:\Users\kotzukaru\AppData\Local\V.Micro\Arduino\Builds\WebServer\arduino_due_x_dbg/core.a(USBCore.cpp.o)
                0x000853ec                USBD_SendControl(unsigned char, void const*, unsigned long)
 .text.unlikely._ZL24USB_SendStringDescriptorPKhi
                0x0008542c       0x38 C:\Users\kotzukaru\AppData\Local\V.Micro\Arduino\Builds\WebServer\arduino_due_x_dbg/core.a(USBCore.cpp.o)
 .text._Z16USBD_RecvControlPvm
                0x00085464       0x1c C:\Users\kotzukaru\AppData\Local\V.Micro\Arduino\Builds\WebServer\arduino_due_x_dbg/core.a(USBCore.cpp.o)
                0x00085464                USBD_RecvControl(void*, unsigned long)
 .text._Z26USBD_ClassInterfaceRequestR5Setup
                0x00085480       0x14 C:\Users\kotzukaru\AppData\Local\V.Micro\Arduino\Builds\WebServer\arduino_due_x_dbg/core.a(USBCore.cpp.o)
                0x00085480                USBD_ClassInterfaceRequest(Setup&)
 .text._Z19USBD_SendInterfacesv
                0x00085494       0x1e C:\Users\kotzukaru\AppData\Local\V.Micro\Arduino\Builds\WebServer\arduino_due_x_dbg/core.a(USBCore.cpp.o)
                0x00085494                USBD_SendInterfaces()
 .text._Z24USBD_SendOtherInterfacesv
                0x000854b2       0x1e C:\Users\kotzukaru\AppData\Local\V.Micro\Arduino\Builds\WebServer\arduino_due_x_dbg/core.a(USBCore.cpp.o)
                0x000854b2                USBD_SendOtherInterfaces()
 .text._Z10USBD_Flushm
                0x000854d0       0x16 C:\Users\kotzukaru\AppData\Local\V.Micro\Arduino\Builds\WebServer\arduino_due_x_dbg/core.a(USBCore.cpp.o)
                0x000854d0                USBD_Flush(unsigned long)
 *fill*         0x000854e6        0x2 
 .text._ZN10USBDevice_C2Ev
                0x000854e8       0x24 C:\Users\kotzukaru\AppData\Local\V.Micro\Arduino\Builds\WebServer\arduino_due_x_dbg/core.a(USBCore.cpp.o)
                0x000854e8                USBDevice_::USBDevice_()
                0x000854e8                USBDevice_::USBDevice_()
 .text._ZN10USBDevice_6attachEv
                0x0008550c       0x20 C:\Users\kotzukaru\AppData\Local\V.Micro\Arduino\Builds\WebServer\arduino_due_x_dbg/core.a(USBCore.cpp.o)
                0x0008550c                USBDevice_::attach()
 .text.startup._GLOBAL__sub_I_TxLEDPulse
                0x0008552c        0xc C:\Users\kotzukaru\AppData\Local\V.Micro\Arduino\Builds\WebServer\arduino_due_x_dbg/core.a(USBCore.cpp.o)
 .text._ZL7USB_ISRv
                0x00085538      0x424 C:\Users\kotzukaru\AppData\Local\V.Micro\Arduino\Builds\WebServer\arduino_due_x_dbg/core.a(USBCore.cpp.o)
 .text._Z11serialEventv
                0x0008595c        0x2 C:\Users\kotzukaru\AppData\Local\V.Micro\Arduino\Builds\WebServer\arduino_due_x_dbg/core.a(variant.cpp.o)
                0x0008595c                serialEvent()
 *fill*         0x0008595e        0x2 
 .text.UART_Handler
                0x00085960        0xc C:\Users\kotzukaru\AppData\Local\V.Micro\Arduino\Builds\WebServer\arduino_due_x_dbg/core.a(variant.cpp.o)
                0x00085960                UART_Handler
 .text._Z12serialEvent1v
                0x0008596c        0x2 C:\Users\kotzukaru\AppData\Local\V.Micro\Arduino\Builds\WebServer\arduino_due_x_dbg/core.a(variant.cpp.o)
                0x0008596c                serialEvent1()
 .text._Z12serialEvent2v
                0x0008596e        0x2 C:\Users\kotzukaru\AppData\Local\V.Micro\Arduino\Builds\WebServer\arduino_due_x_dbg/core.a(variant.cpp.o)
                0x0008596e                serialEvent2()
 .text._Z12serialEvent3v
                0x00085970        0x2 C:\Users\kotzukaru\AppData\Local\V.Micro\Arduino\Builds\WebServer\arduino_due_x_dbg/core.a(variant.cpp.o)
                0x00085970                serialEvent3()
 *fill*         0x00085972        0x2 
 .text.USART0_Handler
                0x00085974        0xc C:\Users\kotzukaru\AppData\Local\V.Micro\Arduino\Builds\WebServer\arduino_due_x_dbg/core.a(variant.cpp.o)
                0x00085974                USART0_Handler
 .text.USART1_Handler
                0x00085980        0xc C:\Users\kotzukaru\AppData\Local\V.Micro\Arduino\Builds\WebServer\arduino_due_x_dbg/core.a(variant.cpp.o)
                0x00085980                USART1_Handler
 .text.USART3_Handler
                0x0008598c        0xc C:\Users\kotzukaru\AppData\Local\V.Micro\Arduino\Builds\WebServer\arduino_due_x_dbg/core.a(variant.cpp.o)
                0x0008598c                USART3_Handler
 .text.init     0x00085998      0x130 C:\Users\kotzukaru\AppData\Local\V.Micro\Arduino\Builds\WebServer\arduino_due_x_dbg/core.a(variant.cpp.o)
                0x00085998                init
 .text.startup._GLOBAL__sub_I_g_APinDescription
                0x00085ac8       0xd4 C:\Users\kotzukaru\AppData\Local\V.Micro\Arduino\Builds\WebServer\arduino_due_x_dbg/core.a(variant.cpp.o)
 .text._Z14serialEventRunv
                0x00085b9c       0x44 C:\Users\kotzukaru\AppData\Local\V.Micro\Arduino\Builds\WebServer\arduino_due_x_dbg/core.a(variant.cpp.o)
                0x00085b9c                serialEventRun()
 .text.analogOutputInit
                0x00085be0       0x14 C:\Users\kotzukaru\AppData\Local\V.Micro\Arduino\Builds\WebServer\arduino_due_x_dbg/core.a(wiring_analog.c.o)
                0x00085be0                analogOutputInit
 .text._ZN10RingBufferC2Ev
                0x00085bf4       0x1a C:\Users\kotzukaru\AppData\Local\V.Micro\Arduino\Builds\WebServer\arduino_due_x_dbg/core.a(RingBuffer.cpp.o)
                0x00085bf4                RingBuffer::RingBuffer()
                0x00085bf4                RingBuffer::RingBuffer()
 .text._ZN10RingBuffer10store_charEh
                0x00085c0e       0x1e C:\Users\kotzukaru\AppData\Local\V.Micro\Arduino\Builds\WebServer\arduino_due_x_dbg/core.a(RingBuffer.cpp.o)
                0x00085c0e                RingBuffer::store_char(unsigned char)
 .text._ZN10USARTClass5beginEm
                0x00085c2c        0x8 C:\Users\kotzukaru\AppData\Local\V.Micro\Arduino\Builds\WebServer\arduino_due_x_dbg/core.a(USARTClass.cpp.o)
                0x00085c2c                USARTClass::begin(unsigned long)
 .text._ZN10USARTClassC2EP5Usart4IRQnmP10RingBufferS4_
                0x00085c34       0x24 C:\Users\kotzukaru\AppData\Local\V.Micro\Arduino\Builds\WebServer\arduino_due_x_dbg/core.a(USARTClass.cpp.o)
                0x00085c34                USARTClass::USARTClass(Usart*, IRQn, unsigned long, RingBuffer*, RingBuffer*)
                0x00085c34                USARTClass::USARTClass(Usart*, IRQn, unsigned long, RingBuffer*, RingBuffer*)
 .text._ZN7Serial_9availableEv
                0x00085c58       0x18 C:\Users\kotzukaru\AppData\Local\V.Micro\Arduino\Builds\WebServer\arduino_due_x_dbg/core.a(CDC.cpp.o)
                0x00085c58                Serial_::available()
 .text._ZN7Serial_4peekEv
                0x00085c70       0x20 C:\Users\kotzukaru\AppData\Local\V.Micro\Arduino\Builds\WebServer\arduino_due_x_dbg/core.a(CDC.cpp.o)
                0x00085c70                Serial_::peek()
 .text._ZN7Serial_5writeEh
                0x00085c90       0x16 C:\Users\kotzukaru\AppData\Local\V.Micro\Arduino\Builds\WebServer\arduino_due_x_dbg/core.a(CDC.cpp.o)
                0x00085c90                Serial_::write(unsigned char)
 *fill*         0x00085ca6        0x2 
 .text._ZN7Serial_4readEv
                0x00085ca8       0x44 C:\Users\kotzukaru\AppData\Local\V.Micro\Arduino\Builds\WebServer\arduino_due_x_dbg/core.a(CDC.cpp.o)
                0x00085ca8                Serial_::read()
 .text._ZN7Serial_5flushEv
                0x00085cec        0x6 C:\Users\kotzukaru\AppData\Local\V.Micro\Arduino\Builds\WebServer\arduino_due_x_dbg/core.a(CDC.cpp.o)
                0x00085cec                Serial_::flush()
 *fill*         0x00085cf2        0x2 
 .text._ZN7Serial_6acceptEv
                0x00085cf4       0x70 C:\Users\kotzukaru\AppData\Local\V.Micro\Arduino\Builds\WebServer\arduino_due_x_dbg/core.a(CDC.cpp.o)
                0x00085cf4                Serial_::accept()
 .text._ZN7Serial_5writeEPKhj
                0x00085d64       0x2c C:\Users\kotzukaru\AppData\Local\V.Micro\Arduino\Builds\WebServer\arduino_due_x_dbg/core.a(CDC.cpp.o)
                0x00085d64                Serial_::write(unsigned char const*, unsigned int)
 .text._Z16CDC_GetInterfacePh
                0x00085d90       0x14 C:\Users\kotzukaru\AppData\Local\V.Micro\Arduino\Builds\WebServer\arduino_due_x_dbg/core.a(CDC.cpp.o)
                0x00085d90                CDC_GetInterface(unsigned char*)
 .text._Z21CDC_GetOtherInterfacePh
                0x00085da4       0x14 C:\Users\kotzukaru\AppData\Local\V.Micro\Arduino\Builds\WebServer\arduino_due_x_dbg/core.a(CDC.cpp.o)
                0x00085da4                CDC_GetOtherInterface(unsigned char*)
 .text._Z9CDC_SetupR5Setup
                0x00085db8       0x64 C:\Users\kotzukaru\AppData\Local\V.Micro\Arduino\Builds\WebServer\arduino_due_x_dbg/core.a(CDC.cpp.o)
                0x00085db8                CDC_Setup(Setup&)
 .text.startup._GLOBAL__sub_I_cdc_rx_buffer
                0x00085e1c       0x1c C:\Users\kotzukaru\AppData\Local\V.Micro\Arduino\Builds\WebServer\arduino_due_x_dbg/core.a(CDC.cpp.o)
 .text._ZN9Keyboard_5writeEh
                0x00085e38       0x1c C:\Users\kotzukaru\AppData\Local\V.Micro\Arduino\Builds\WebServer\arduino_due_x_dbg/core.a(HID.cpp.o)
                0x00085e38                Keyboard_::write(unsigned char)
 .text._Z16HID_GetInterfacePh
                0x00085e54       0x14 C:\Users\kotzukaru\AppData\Local\V.Micro\Arduino\Builds\WebServer\arduino_due_x_dbg/core.a(HID.cpp.o)
                0x00085e54                HID_GetInterface(unsigned char*)
 .text._Z17HID_GetDescriptori
                0x00085e68       0x10 C:\Users\kotzukaru\AppData\Local\V.Micro\Arduino\Builds\WebServer\arduino_due_x_dbg/core.a(HID.cpp.o)
                0x00085e68                HID_GetDescriptor(int)
 .text._Z14HID_SendReporthPKvm
                0x00085e78       0x2e C:\Users\kotzukaru\AppData\Local\V.Micro\Arduino\Builds\WebServer\arduino_due_x_dbg/core.a(HID.cpp.o)
                0x00085e78                HID_SendReport(unsigned char, void const*, unsigned long)
 *fill*         0x00085ea6        0x2 
 .text._Z9HID_SetupR5Setup
                0x00085ea8       0x40 C:\Users\kotzukaru\AppData\Local\V.Micro\Arduino\Builds\WebServer\arduino_due_x_dbg/core.a(HID.cpp.o)
                0x00085ea8                HID_Setup(Setup&)
 .text._ZN9Keyboard_10sendReportEP9KeyReport
                0x00085ee8        0xc C:\Users\kotzukaru\AppData\Local\V.Micro\Arduino\Builds\WebServer\arduino_due_x_dbg/core.a(HID.cpp.o)
                0x00085ee8                Keyboard_::sendReport(KeyReport*)
 .text._ZN9Keyboard_5pressEh
                0x00085ef4       0x88 C:\Users\kotzukaru\AppData\Local\V.Micro\Arduino\Builds\WebServer\arduino_due_x_dbg/core.a(HID.cpp.o)
                0x00085ef4                Keyboard_::press(unsigned char)
 .text._ZN9Keyboard_7releaseEh
                0x00085f7c       0x64 C:\Users\kotzukaru\AppData\Local\V.Micro\Arduino\Builds\WebServer\arduino_due_x_dbg/core.a(HID.cpp.o)
                0x00085f7c                Keyboard_::release(unsigned char)
 .text._ZN9Keyboard_10releaseAllEv
                0x00085fe0       0x18 C:\Users\kotzukaru\AppData\Local\V.Micro\Arduino\Builds\WebServer\arduino_due_x_dbg/core.a(HID.cpp.o)
                0x00085fe0                Keyboard_::releaseAll()
 .text.startup._GLOBAL__sub_I_Mouse
                0x00085ff8       0x1c C:\Users\kotzukaru\AppData\Local\V.Micro\Arduino\Builds\WebServer\arduino_due_x_dbg/core.a(HID.cpp.o)
 .text.TimeTick_Increment
                0x00086014       0x10 C:\ArduinoIDE\arduino-1.6.0\hardware\arduino\sam\variants\arduino_due_x/libsam_sam3x8e_gcc_rel.a(timetick.o)
                0x00086014                TimeTick_Increment
 .text.GetTickCount
                0x00086024        0xc C:\ArduinoIDE\arduino-1.6.0\hardware\arduino\sam\variants\arduino_due_x/libsam_sam3x8e_gcc_rel.a(timetick.o)
                0x00086024                GetTickCount
 .text.WDT_Disable
                0x00086030        0x8 C:\ArduinoIDE\arduino-1.6.0\hardware\arduino\sam\variants\arduino_due_x/libsam_sam3x8e_gcc_rel.a(wdt.o)
                0x00086030                WDT_Disable
 .text.SystemInit
                0x00086038       0x9c C:\ArduinoIDE\arduino-1.6.0\hardware\arduino\sam\variants\arduino_due_x/libsam_sam3x8e_gcc_rel.a(system_sam3xa.o)
                0x00086038                SystemInit
 .text.adc_init
                0x000860d4       0xa0 C:\ArduinoIDE\arduino-1.6.0\hardware\arduino\sam\variants\arduino_due_x/libsam_sam3x8e_gcc_rel.a(adc.o)
                0x000860d4                adc_init
 .text.adc_configure_trigger
                0x00086174       0x10 C:\ArduinoIDE\arduino-1.6.0\hardware\arduino\sam\variants\arduino_due_x/libsam_sam3x8e_gcc_rel.a(adc.o)
                0x00086174                adc_configure_trigger
 .text.adc_configure_timing
                0x00086184       0x1a C:\ArduinoIDE\arduino-1.6.0\hardware\arduino\sam\variants\arduino_due_x/libsam_sam3x8e_gcc_rel.a(adc.o)
                0x00086184                adc_configure_timing
 .text.adc_disable_all_channel
                0x0008619e        0x8 C:\ArduinoIDE\arduino-1.6.0\hardware\arduino\sam\variants\arduino_due_x/libsam_sam3x8e_gcc_rel.a(adc.o)
                0x0008619e                adc_disable_all_channel
 .text.adc_disable_interrupt
                0x000861a6        0x4 C:\ArduinoIDE\arduino-1.6.0\hardware\arduino\sam\variants\arduino_due_x/libsam_sam3x8e_gcc_rel.a(adc.o)
                0x000861a6                adc_disable_interrupt
 *fill*         0x000861aa        0x2 
 .text.UDD_SetStack
                0x000861ac        0xc C:\ArduinoIDE\arduino-1.6.0\hardware\arduino\sam\variants\arduino_due_x/libsam_sam3x8e_gcc_rel.a(uotghs_device.o)
                0x000861ac                UDD_SetStack
 .text.UDD_Init
                0x000861b8       0xd0 C:\ArduinoIDE\arduino-1.6.0\hardware\arduino\sam\variants\arduino_due_x/libsam_sam3x8e_gcc_rel.a(uotghs_device.o)
                0x000861b8                UDD_Init
 .text.UDD_Attach
                0x00086288       0x4c C:\ArduinoIDE\arduino-1.6.0\hardware\arduino\sam\variants\arduino_due_x/libsam_sam3x8e_gcc_rel.a(uotghs_device.o)
                0x00086288                UDD_Attach
 .text.UDD_InitEP
                0x000862d4       0x30 C:\ArduinoIDE\arduino-1.6.0\hardware\arduino\sam\variants\arduino_due_x/libsam_sam3x8e_gcc_rel.a(uotghs_device.o)
                0x000862d4                UDD_InitEP
 .text.UDD_InitEndpoints
                0x00086304       0x3c C:\ArduinoIDE\arduino-1.6.0\hardware\arduino\sam\variants\arduino_due_x/libsam_sam3x8e_gcc_rel.a(uotghs_device.o)
                0x00086304                UDD_InitEndpoints
 .text.UDD_WaitIN
                0x00086340       0x14 C:\ArduinoIDE\arduino-1.6.0\hardware\arduino\sam\variants\arduino_due_x/libsam_sam3x8e_gcc_rel.a(uotghs_device.o)
                0x00086340                UDD_WaitIN
 .text.UDD_WaitOUT
                0x00086354       0x14 C:\ArduinoIDE\arduino-1.6.0\hardware\arduino\sam\variants\arduino_due_x/libsam_sam3x8e_gcc_rel.a(uotghs_device.o)
                0x00086354                UDD_WaitOUT
 .text.UDD_ClearIN
                0x00086368       0x18 C:\ArduinoIDE\arduino-1.6.0\hardware\arduino\sam\variants\arduino_due_x/libsam_sam3x8e_gcc_rel.a(uotghs_device.o)
                0x00086368                UDD_ClearIN
 .text.UDD_ClearOUT
                0x00086380       0x18 C:\ArduinoIDE\arduino-1.6.0\hardware\arduino\sam\variants\arduino_due_x/libsam_sam3x8e_gcc_rel.a(uotghs_device.o)
                0x00086380                UDD_ClearOUT
 .text.UDD_ReceivedSetupInt
                0x00086398       0x10 C:\ArduinoIDE\arduino-1.6.0\hardware\arduino\sam\variants\arduino_due_x/libsam_sam3x8e_gcc_rel.a(uotghs_device.o)
                0x00086398                UDD_ReceivedSetupInt
 .text.UDD_ClearSetupInt
                0x000863a8       0x10 C:\ArduinoIDE\arduino-1.6.0\hardware\arduino\sam\variants\arduino_due_x/libsam_sam3x8e_gcc_rel.a(uotghs_device.o)
                0x000863a8                UDD_ClearSetupInt
 .text.UDD_Send
                0x000863b8       0x90 C:\ArduinoIDE\arduino-1.6.0\hardware\arduino\sam\variants\arduino_due_x/libsam_sam3x8e_gcc_rel.a(uotghs_device.o)
                0x000863b8                UDD_Send
 .text.UDD_Send8
                0x00086448       0x28 C:\ArduinoIDE\arduino-1.6.0\hardware\arduino\sam\variants\arduino_due_x/libsam_sam3x8e_gcc_rel.a(uotghs_device.o)
                0x00086448                UDD_Send8
 .text.UDD_Recv8
                0x00086470       0x28 C:\ArduinoIDE\arduino-1.6.0\hardware\arduino\sam\variants\arduino_due_x/libsam_sam3x8e_gcc_rel.a(uotghs_device.o)
                0x00086470                UDD_Recv8
 .text.UDD_Recv
                0x00086498       0x34 C:\ArduinoIDE\arduino-1.6.0\hardware\arduino\sam\variants\arduino_due_x/libsam_sam3x8e_gcc_rel.a(uotghs_device.o)
                0x00086498                UDD_Recv
 .text.UDD_Stall
                0x000864cc       0x14 C:\ArduinoIDE\arduino-1.6.0\hardware\arduino\sam\variants\arduino_due_x/libsam_sam3x8e_gcc_rel.a(uotghs_device.o)
                0x000864cc                UDD_Stall
 .text.UDD_FifoByteCount
                0x000864e0       0x1c C:\ArduinoIDE\arduino-1.6.0\hardware\arduino\sam\variants\arduino_due_x/libsam_sam3x8e_gcc_rel.a(uotghs_device.o)
                0x000864e0                UDD_FifoByteCount
 .text.UDD_ReleaseRX
                0x000864fc       0x2c C:\ArduinoIDE\arduino-1.6.0\hardware\arduino\sam\variants\arduino_due_x/libsam_sam3x8e_gcc_rel.a(uotghs_device.o)