Archive member included because of file (symbol)

C:\ArduinoIDE\arduino-1.6.0\hardware\arduino\sam\variants\arduino_due_x/libsam_sam3x8e_gcc_rel.a(pio.o)
                              C:\Users\kotzukaru\AppData\Local\V.Micro\Arduino\Builds\WebServer\arduino_due_x_dbg\SPI\SPI.cpp.o (PIO_Configure)
C:\ArduinoIDE\arduino-1.6.0\hardware\arduino\sam\variants\arduino_due_x/libsam_sam3x8e_gcc_rel.a(pmc.o)
                              C:\Users\kotzukaru\AppData\Local\V.Micro\Arduino\Builds\WebServer\arduino_due_x_dbg\SdFat\SdSpiSAM3X.cpp.o (pmc_enable_periph_clk)
C:\ArduinoIDE\arduino-1.6.0\hardware\arduino\sam\variants\arduino_due_x/libsam_sam3x8e_gcc_rel.a(spi.o)
                              C:\Users\kotzukaru\AppData\Local\V.Micro\Arduino\Builds\WebServer\arduino_due_x_dbg\SPI\SPI.cpp.o (SPI_Enable)
C:\ArduinoIDE\arduino-1.6.0\hardware\arduino\sam\variants\arduino_due_x/libsam_sam3x8e_gcc_rel.a(startup_sam3xa.o)
                              (Reset_Handler)
C:\ArduinoIDE\arduino-1.6.0\hardware\arduino\sam\variants\arduino_due_x/libsam_sam3x8e_gcc_rel.a(uotghs.o)
                              C:\ArduinoIDE\arduino-1.6.0\hardware\arduino\sam\variants\arduino_due_x/libsam_sam3x8e_gcc_rel.a(startup_sam3xa.o) (UOTGHS_Handler)
C:\Users\kotzukaru\AppData\Local\V.Micro\Arduino\Builds\WebServer\arduino_due_x_dbg/core.a(cortex_handlers.c.o)
                              C:\ArduinoIDE\arduino-1.6.0\hardware\arduino\sam\variants\arduino_due_x/libsam_sam3x8e_gcc_rel.a(startup_sam3xa.o) (NMI_Handler)
C:\Users\kotzukaru\AppData\Local\V.Micro\Arduino\Builds\WebServer\arduino_due_x_dbg/core.a(hooks.c.o)
                              C:\Users\kotzukaru\AppData\Local\V.Micro\Arduino\Builds\WebServer\arduino_due_x_dbg/core.a(cortex_handlers.c.o) (sysTickHook)
C:\Users\kotzukaru\AppData\Local\V.Micro\Arduino\Builds\WebServer\arduino_due_x_dbg/core.a(wiring.c.o)
                              C:\Users\kotzukaru\AppData\Local\V.Micro\Arduino\Builds\WebServer\arduino_due_x_dbg\SdFat\Sd2Card.cpp.o (millis)
C:\Users\kotzukaru\AppData\Local\V.Micro\Arduino\Builds\WebServer\arduino_due_x_dbg/core.a(wiring_digital.c.o)
                              C:\Users\kotzukaru\AppData\Local\V.Micro\Arduino\Builds\WebServer\arduino_due_x_dbg\WebServer.cpp.o (pinMode)
C:\Users\kotzukaru\AppData\Local\V.Micro\Arduino\Builds\WebServer\arduino_due_x_dbg/core.a(abi.cpp.o)
                              C:\Users\kotzukaru\AppData\Local\V.Micro\Arduino\Builds\WebServer\arduino_due_x_dbg\UIPEthernet\UIPClient.cpp.o (__cxa_pure_virtual)
C:\Users\kotzukaru\AppData\Local\V.Micro\Arduino\Builds\WebServer\arduino_due_x_dbg/core.a(IPAddress.cpp.o)
                              C:\Users\kotzukaru\AppData\Local\V.Micro\Arduino\Builds\WebServer\arduino_due_x_dbg\UIPEthernet\UIPClient.cpp.o (IPAddress::IPAddress())
C:\Users\kotzukaru\AppData\Local\V.Micro\Arduino\Builds\WebServer\arduino_due_x_dbg/core.a(main.cpp.o)
                              c:/arduinoide/arduino-1.6.0/hardware/tools/gcc-arm-none-eabi-4.8.3-2014q1/bin/../lib/gcc/arm-none-eabi/4.8.3/../../../../arm-none-eabi/lib/armv7-m/crt0.o (main)
C:\Users\kotzukaru\AppData\Local\V.Micro\Arduino\Builds\WebServer\arduino_due_x_dbg/core.a(Print.cpp.o)
                              C:\Users\kotzukaru\AppData\Local\V.Micro\Arduino\Builds\WebServer\arduino_due_x_dbg\UIPEthernet\UIPClient.cpp.o (Print::write(unsigned char const*, unsigned int))
C:\Users\kotzukaru\AppData\Local\V.Micro\Arduino\Builds\WebServer\arduino_due_x_dbg/core.a(Reset.cpp.o)
                              C:\Users\kotzukaru\AppData\Local\V.Micro\Arduino\Builds\WebServer\arduino_due_x_dbg/core.a(cortex_handlers.c.o) (tickReset)
C:\Users\kotzukaru\AppData\Local\V.Micro\Arduino\Builds\WebServer\arduino_due_x_dbg/core.a(UARTClass.cpp.o)
                              C:\Users\kotzukaru\AppData\Local\V.Micro\Arduino\Builds\WebServer\arduino_due_x_dbg\WebServer.cpp.o (UARTClass::begin(unsigned long))
C:\Users\kotzukaru\AppData\Local\V.Micro\Arduino\Builds\WebServer\arduino_due_x_dbg/core.a(WMath.cpp.o)
                              C:\Users\kotzukaru\AppData\Local\V.Micro\Arduino\Builds\WebServer\arduino_due_x_dbg\UIPEthernet\Dhcp.cpp.o (random(long, long))
C:\Users\kotzukaru\AppData\Local\V.Micro\Arduino\Builds\WebServer\arduino_due_x_dbg/core.a(USBCore.cpp.o)
                              C:\Users\kotzukaru\AppData\Local\V.Micro\Arduino\Builds\WebServer\arduino_due_x_dbg/core.a(main.cpp.o) (USBDevice_::attach())
C:\Users\kotzukaru\AppData\Local\V.Micro\Arduino\Builds\WebServer\arduino_due_x_dbg/core.a(variant.cpp.o)
                              C:\Users\kotzukaru\AppData\Local\V.Micro\Arduino\Builds\WebServer\arduino_due_x_dbg/core.a(main.cpp.o) (init)
C:\Users\kotzukaru\AppData\Local\V.Micro\Arduino\Builds\WebServer\arduino_due_x_dbg/core.a(wiring_analog.c.o)
                              C:\Users\kotzukaru\AppData\Local\V.Micro\Arduino\Builds\WebServer\arduino_due_x_dbg/core.a(variant.cpp.o) (analogOutputInit)
[...]
Memory Configuration

Name             Origin             Length             Attributes
rom              0x00080000         0x00080000         xr
sram0            0x20000000         0x00010000         xrw
sram1            0x20080000         0x00008000         xrw
ram              0x20070000         0x00018000         xrw
*default*        0x00000000         0xffffffff

Linker script and memory map

LOAD c:/arduinoide/arduino-1.6.0/hardware/tools/gcc-arm-none-eabi-4.8.3-2014q1/bin/../lib/gcc/arm-none-eabi/4.8.3/armv7-m/crti.o
LOAD c:/arduinoide/arduino-1.6.0/hardware/tools/gcc-arm-none-eabi-4.8.3-2014q1/bin/../lib/gcc/arm-none-eabi/4.8.3/armv7-m/crtbegin.o
LOAD c:/arduinoide/arduino-1.6.0/hardware/tools/gcc-arm-none-eabi-4.8.3-2014q1/bin/../lib/gcc/arm-none-eabi/4.8.3/../../../../arm-none-eabi/lib/armv7-m/crt0.o
START GROUP
LOAD C:\Users\kotzukaru\AppData\Local\V.Micro\Arduino\Builds\WebServer\arduino_due_x_dbg/syscalls_sam3.c.o
LOAD C:\Users\kotzukaru\AppData\Local\V.Micro\Arduino\Builds\WebServer\arduino_due_x_dbg\WebServer.cpp.o
LOAD C:\Users\kotzukaru\AppData\Local\V.Micro\Arduino\Builds\WebServer\arduino_due_x_dbg\SPI\SPI.cpp.o
LOAD C:\Users\kotzukaru\AppData\Local\V.Micro\Arduino\Builds\WebServer\arduino_due_x_dbg\SdFat\istream.cpp.o
LOAD C:\Users\kotzukaru\AppData\Local\V.Micro\Arduino\Builds\WebServer\arduino_due_x_dbg\SdFat\MinimumSerial.cpp.o
LOAD C:\Users\kotzukaru\AppData\Local\V.Micro\Arduino\Builds\WebServer\arduino_due_x_dbg\SdFat\ostream.cpp.o
LOAD C:\Users\kotzukaru\AppData\Local\V.Micro\Arduino\Builds\WebServer\arduino_due_x_dbg\SdFat\Sd2Card.cpp.o
LOAD C:\Users\kotzukaru\AppData\Local\V.Micro\Arduino\Builds\WebServer\arduino_due_x_dbg\SdFat\SdBaseFile.cpp.o
LOAD C:\Users\kotzukaru\AppData\Local\V.Micro\Arduino\Builds\WebServer\arduino_due_x_dbg\SdFat\SdBaseFilePrint.cpp.o
LOAD C:\Users\kotzukaru\AppData\Local\V.Micro\Arduino\Builds\WebServer\arduino_due_x_dbg\SdFat\SdFat.cpp.o
LOAD C:\Users\kotzukaru\AppData\Local\V.Micro\Arduino\Builds\WebServer\arduino_due_x_dbg\SdFat\SdFatErrorPrint.cpp.o
LOAD C:\Users\kotzukaru\AppData\Local\V.Micro\Arduino\Builds\WebServer\arduino_due_x_dbg\SdFat\SdFatUtil.cpp.o
LOAD C:\Users\kotzukaru\AppData\Local\V.Micro\Arduino\Builds\WebServer\arduino_due_x_dbg\SdFat\SdFile.cpp.o
LOAD C:\Users\kotzukaru\AppData\Local\V.Micro\Arduino\Builds\WebServer\arduino_due_x_dbg\SdFat\SdSpiArduino.cpp.o
LOAD C:\Users\kotzukaru\AppData\Local\V.Micro\Arduino\Builds\WebServer\arduino_due_x_dbg\SdFat\SdSpiAVR.cpp.o
LOAD C:\Users\kotzukaru\AppData\Local\V.Micro\Arduino\Builds\WebServer\arduino_due_x_dbg\SdFat\SdSpiSAM3X.cpp.o
LOAD C:\Users\kotzukaru\AppData\Local\V.Micro\Arduino\Builds\WebServer\arduino_due_x_dbg\SdFat\SdSpiSoft.cpp.o
LOAD C:\Users\kotzukaru\AppData\Local\V.Micro\Arduino\Builds\WebServer\arduino_due_x_dbg\SdFat\SdSpiTeensy3.cpp.o
LOAD C:\Users\kotzukaru\AppData\Local\V.Micro\Arduino\Builds\WebServer\arduino_due_x_dbg\SdFat\SdStream.cpp.o
LOAD C:\Users\kotzukaru\AppData\Local\V.Micro\Arduino\Builds\WebServer\arduino_due_x_dbg\SdFat\SdVolume.cpp.o
LOAD C:\Users\kotzukaru\AppData\Local\V.Micro\Arduino\Builds\WebServer\arduino_due_x_dbg\SdFat\StdioStream.cpp.o
LOAD C:\Users\kotzukaru\AppData\Local\V.Micro\Arduino\Builds\WebServer\arduino_due_x_dbg\SdFat\utility\FmtNumber.cpp.o
LOAD C:\Users\kotzukaru\AppData\Local\V.Micro\Arduino\Builds\WebServer\arduino_due_x_dbg\UIPEthernet\Dhcp.cpp.o
LOAD C:\Users\kotzukaru\AppData\Local\V.Micro\Arduino\Builds\WebServer\arduino_due_x_dbg\UIPEthernet\Dns.cpp.o
LOAD C:\Users\kotzukaru\AppData\Local\V.Micro\Arduino\Builds\WebServer\arduino_due_x_dbg\UIPEthernet\UIPClient.cpp.o
LOAD C:\Users\kotzukaru\AppData\Local\V.Micro\Arduino\Builds\WebServer\arduino_due_x_dbg\UIPEthernet\UIPEthernet.cpp.o
LOAD C:\Users\kotzukaru\AppData\Local\V.Micro\Arduino\Builds\WebServer\arduino_due_x_dbg\UIPEthernet\UIPServer.cpp.o
LOAD C:\Users\kotzukaru\AppData\Local\V.Micro\Arduino\Builds\WebServer\arduino_due_x_dbg\UIPEthernet\UIPUdp.cpp.o
LOAD C:\Users\kotzukaru\AppData\Local\V.Micro\Arduino\Builds\WebServer\arduino_due_x_dbg\UIPEthernet\utility\clock-arch.c.o
LOAD C:\Users\kotzukaru\AppData\Local\V.Micro\Arduino\Builds\WebServer\arduino_due_x_dbg\UIPEthernet\utility\uip.c.o
LOAD C:\Users\kotzukaru\AppData\Local\V.Micro\Arduino\Builds\WebServer\arduino_due_x_dbg\UIPEthernet\utility\uip_arp.c.o
LOAD C:\Users\kotzukaru\AppData\Local\V.Micro\Arduino\Builds\WebServer\arduino_due_x_dbg\UIPEthernet\utility\uip_timer.c.o
LOAD C:\Users\kotzukaru\AppData\Local\V.Micro\Arduino\Builds\WebServer\arduino_due_x_dbg\UIPEthernet\utility\Enc28J60Network.cpp.o
LOAD C:\Users\kotzukaru\AppData\Local\V.Micro\Arduino\Builds\WebServer\arduino_due_x_dbg\UIPEthernet\utility\mempool.cpp.o
LOAD C:\Users\kotzukaru\AppData\Local\V.Micro\Arduino\Builds\WebServer\arduino_due_x_dbg\UIPEthernet\utility\uip_debug.cpp.o
LOAD C:\ArduinoIDE\arduino-1.6.0\hardware\arduino\sam\variants\arduino_due_x/libsam_sam3x8e_gcc_rel.a
LOAD C:\Users\kotzukaru\AppData\Local\V.Micro\Arduino\Builds\WebServer\arduino_due_x_dbg/core.a
END GROUP
LOAD c:/arduinoide/arduino-1.6.0/hardware/tools/gcc-arm-none-eabi-4.8.3-2014q1/bin/../lib/gcc/arm-none-eabi/4.8.3/../../../../arm-none-eabi/lib/armv7-m\libm.a
START GROUP
LOAD c:/arduinoide/arduino-1.6.0/hardware/tools/gcc-arm-none-eabi-4.8.3-2014q1/bin/../lib/gcc/arm-none-eabi/4.8.3/armv7-m\libgcc.a
LOAD c:/arduinoide/arduino-1.6.0/hardware/tools/gcc-arm-none-eabi-4.8.3-2014q1/bin/../lib/gcc/arm-none-eabi/4.8.3/../../../../arm-none-eabi/lib/armv7-m\libg.a
LOAD c:/arduinoide/arduino-1.6.0/hardware/tools/gcc-arm-none-eabi-4.8.3-2014q1/bin/../lib/gcc/arm-none-eabi/4.8.3/../../../../arm-none-eabi/lib/armv7-m\libc.a
END GROUP
LOAD c:/arduinoide/arduino-1.6.0/hardware/tools/gcc-arm-none-eabi-4.8.3-2014q1/bin/../lib/gcc/arm-none-eabi/4.8.3/armv7-m/crtend.o
LOAD c:/arduinoide/arduino-1.6.0/hardware/tools/gcc-arm-none-eabi-4.8.3-2014q1/bin/../lib/gcc/arm-none-eabi/4.8.3/armv7-m/crtn.o

.text           0x00080000     0x8694
                0x00080000                . = ALIGN (0x4)
                0x00080000                _sfixed = .
 *(.vectors .vectors.*)
 .vectors       0x00080000       0xf4 C:\ArduinoIDE\arduino-1.6.0\hardware\arduino\sam\variants\arduino_due_x/libsam_sam3x8e_gcc_rel.a(startup_sam3xa.o)
                0x00080000                exception_table
 *(.text .text.* .gnu.linkonce.t.*)
 .text          0x000800f4       0x54 c:/arduinoide/arduino-1.6.0/hardware/tools/gcc-arm-none-eabi-4.8.3-2014q1/bin/../lib/gcc/arm-none-eabi/4.8.3/armv7-m/crtbegin.o
 .text._sbrk    0x00080148       0x1c C:\Users\kotzukaru\AppData\Local\V.Micro\Arduino\Builds\WebServer\arduino_due_x_dbg/syscalls_sam3.c.o
                0x00080148                _sbrk
 .text._Z7error_PPKc
                0x00080164       0x4c C:\Users\kotzukaru\AppData\Local\V.Micro\Arduino\Builds\WebServer\arduino_due_x_dbg\WebServer.cpp.o
                0x00080164                error_P(char const*)
 .text.startup._GLOBAL__sub_I_SS_SDReader
                0x000801b0       0x5c C:\Users\kotzukaru\AppData\Local\V.Micro\Arduino\Builds\WebServer\arduino_due_x_dbg\WebServer.cpp.o
 .text.setup    0x0008020c      0x114 C:\Users\kotzukaru\AppData\Local\V.Micro\Arduino\Builds\WebServer\arduino_due_x_dbg\WebServer.cpp.o
                0x0008020c                setup
 .text.loop     0x00080320      0x240 C:\Users\kotzukaru\AppData\Local\V.Micro\Arduino\Builds\WebServer\arduino_due_x_dbg\WebServer.cpp.o
                0x00080320                loop
 .text._ZL10SPI_0_Initv
                0x00080560       0x48 C:\Users\kotzukaru\AppData\Local\V.Micro\Arduino\Builds\WebServer\arduino_due_x_dbg\SPI\SPI.cpp.o
 .text._ZN8SPIClass4initEv
                0x000805a8       0x36 C:\Users\kotzukaru\AppData\Local\V.Micro\Arduino\Builds\WebServer\arduino_due_x_dbg\SPI\SPI.cpp.o
                0x000805a8                SPIClass::init()
 .text._ZN8SPIClass11setDataModeEhh
                0x000805de       0x34 C:\Users\kotzukaru\AppData\Local\V.Micro\Arduino\Builds\WebServer\arduino_due_x_dbg\SPI\SPI.cpp.o
                0x000805de                SPIClass::setDataMode(unsigned char, unsigned char)
 .text._ZN8SPIClass15setClockDividerEhh
                0x00080612       0x2e C:\Users\kotzukaru\AppData\Local\V.Micro\Arduino\Builds\WebServer\arduino_due_x_dbg\SPI\SPI.cpp.o
                0x00080612                SPIClass::setClockDivider(unsigned char, unsigned char)
 .text._ZN8SPIClass5beginEv
                0x00080640       0x22 C:\Users\kotzukaru\AppData\Local\V.Micro\Arduino\Builds\WebServer\arduino_due_x_dbg\SPI\SPI.cpp.o
                0x00080640                SPIClass::begin()
 .text._ZN8SPIClass8transferEhh15SPITransferMode
                0x00080662       0x5e C:\Users\kotzukaru\AppData\Local\V.Micro\Arduino\Builds\WebServer\arduino_due_x_dbg\SPI\SPI.cpp.o
                0x00080662                SPIClass::transfer(unsigned char, unsigned char, SPITransferMode)
 .text.startup._GLOBAL__sub_I__ZN8SPIClassC2EP3SpimPFvvE
                0x000806c0       0x24 C:\Users\kotzukaru\AppData\Local\V.Micro\Arduino\Builds\WebServer\arduino_due_x_dbg\SPI\SPI.cpp.o
 .text._ZN7Sd2Card14chipSelectHighEv
                0x000806e4       0x1c C:\Users\kotzukaru\AppData\Local\V.Micro\Arduino\Builds\WebServer\arduino_due_x_dbg\SdFat\Sd2Card.cpp.o
                0x000806e4                Sd2Card::chipSelectHigh()
 .text._ZN7Sd2Card13chipSelectLowEv
                0x00080700       0x1c C:\Users\kotzukaru\AppData\Local\V.Micro\Arduino\Builds\WebServer\arduino_due_x_dbg\SdFat\Sd2Card.cpp.o
                0x00080700                Sd2Card::chipSelectLow()
 .text._ZN7Sd2Card8readDataEPhj
                0x0008071c       0x6c C:\Users\kotzukaru\AppData\Local\V.Micro\Arduino\Builds\WebServer\arduino_due_x_dbg\SdFat\Sd2Card.cpp.o
                0x0008071c                Sd2Card::readData(unsigned char*, unsigned int)
 .text._ZN7Sd2Card8readDataEPh
                0x00080788       0x1a C:\Users\kotzukaru\AppData\Local\V.Micro\Arduino\Builds\WebServer\arduino_due_x_dbg\SdFat\Sd2Card.cpp.o
                0x00080788                Sd2Card::readData(unsigned char*)
 *fill*         0x000807a2        0x2 
 .text._ZN7Sd2Card11waitNotBusyEt
                0x000807a4       0x30 C:\Users\kotzukaru\AppData\Local\V.Micro\Arduino\Builds\WebServer\arduino_due_x_dbg\SdFat\Sd2Card.cpp.o
                0x000807a4                Sd2Card::waitNotBusy(unsigned short)
 .text._ZN7Sd2Card11cardCommandEhm
                0x000807d4       0x6c C:\Users\kotzukaru\AppData\Local\V.Micro\Arduino\Builds\WebServer\arduino_due_x_dbg\SdFat\Sd2Card.cpp.o
                0x000807d4                Sd2Card::cardCommand(unsigned char, unsigned long)
 .text._ZN7Sd2Card5beginEhh
                0x00080840      0x138 C:\Users\kotzukaru\AppData\Local\V.Micro\Arduino\Builds\WebServer\arduino_due_x_dbg\SdFat\Sd2Card.cpp.o
                0x00080840                Sd2Card::begin(unsigned char, unsigned char)
 .text._ZN7Sd2Card9readBlockEmPh
                0x00080978       0x38 C:\Users\kotzukaru\AppData\Local\V.Micro\Arduino\Builds\WebServer\arduino_due_x_dbg\SdFat\Sd2Card.cpp.o
                0x00080978                Sd2Card::readBlock(unsigned long, unsigned char*)
 .text._ZN7Sd2Card9readStartEm
                0x000809b0       0x2e C:\Users\kotzukaru\AppData\Local\V.Micro\Arduino\Builds\WebServer\arduino_due_x_dbg\SdFat\Sd2Card.cpp.o
                0x000809b0                Sd2Card::readStart(unsigned long)
 .text._ZN7Sd2Card8readStopEv
                0x000809de       0x26 C:\Users\kotzukaru\AppData\Local\V.Micro\Arduino\Builds\WebServer\arduino_due_x_dbg\SdFat\Sd2Card.cpp.o
                0x000809de                Sd2Card::readStop()
 .text._ZN7Sd2Card9writeDataEhPKh
                0x00080a04       0x50 C:\Users\kotzukaru\AppData\Local\V.Micro\Arduino\Builds\WebServer\arduino_due_x_dbg\SdFat\Sd2Card.cpp.o
                0x00080a04                Sd2Card::writeData(unsigned char, unsigned char const*)
 .text._ZN7Sd2Card10writeBlockEmPKh
                0x00080a54       0x42 C:\Users\kotzukaru\AppData\Local\V.Micro\Arduino\Builds\WebServer\arduino_due_x_dbg\SdFat\Sd2Card.cpp.o
                0x00080a54                Sd2Card::writeBlock(unsigned long, unsigned char const*)
 .text._ZN7Sd2Card9writeDataEPKh
                0x00080a96       0x3c C:\Users\kotzukaru\AppData\Local\V.Micro\Arduino\Builds\WebServer\arduino_due_x_dbg\SdFat\Sd2Card.cpp.o
                0x00080a96                Sd2Card::writeData(unsigned char const*)
 .text._ZN7Sd2Card10writeStartEmm
                0x00080ad2       0x4c C:\Users\kotzukaru\AppData\Local\V.Micro\Arduino\Builds\WebServer\arduino_due_x_dbg\SdFat\Sd2Card.cpp.o
                0x00080ad2                Sd2Card::writeStart(unsigned long, unsigned long)
 *fill*         0x00080b1e        0x2 
 .text._ZN7Sd2Card9writeStopEv
                0x00080b20       0x48 C:\Users\kotzukaru\AppData\Local\V.Micro\Arduino\Builds\WebServer\arduino_due_x_dbg\SdFat\Sd2Card.cpp.o
                0x00080b20                Sd2Card::writeStop()
 .text._ZN10SdBaseFile10addClusterEv
                0x00080b68       0x24 C:\Users\kotzukaru\AppData\Local\V.Micro\Arduino\Builds\WebServer\arduino_due_x_dbg\SdFat\SdBaseFile.cpp.o
                0x00080b68                SdBaseFile::addCluster()
 .text._ZN10SdBaseFile13addDirClusterEv
                0x00080b8c       0x68 C:\Users\kotzukaru\AppData\Local\V.Micro\Arduino\Builds\WebServer\arduino_due_x_dbg\SdFat\SdBaseFile.cpp.o
                0x00080b8c                SdBaseFile::addDirCluster()
 .text._ZN10SdBaseFile13cacheDirEntryEh
                0x00080bf4       0x14 C:\Users\kotzukaru\AppData\Local\V.Micro\Arduino\Builds\WebServer\arduino_due_x_dbg\SdFat\SdBaseFile.cpp.o
                0x00080bf4                SdBaseFile::cacheDirEntry(unsigned char)
 .text._ZN10SdBaseFile10make83NameEPKcPhPS1_
                0x00080c08       0x80 C:\Users\kotzukaru\AppData\Local\V.Micro\Arduino\Builds\WebServer\arduino_due_x_dbg\SdFat\SdBaseFile.cpp.o
                0x00080c08                SdBaseFile::make83Name(char const*, unsigned char*, char const**)
 .text._ZN10SdBaseFile4readEPvj
                0x00080c88      0x154 C:\Users\kotzukaru\AppData\Local\V.Micro\Arduino\Builds\WebServer\arduino_due_x_dbg\SdFat\SdBaseFile.cpp.o
                0x00080c88                SdBaseFile::read(void*, unsigned int)
 .text._ZN10SdBaseFile4readEv
                0x00080ddc       0x20 C:\Users\kotzukaru\AppData\Local\V.Micro\Arduino\Builds\WebServer\arduino_due_x_dbg\SdFat\SdBaseFile.cpp.o
                0x00080ddc                SdBaseFile::read()
 .text._ZN10SdBaseFile12readDirCacheEv
                0x00080dfc       0x30 C:\Users\kotzukaru\AppData\Local\V.Micro\Arduino\Builds\WebServer\arduino_due_x_dbg\SdFat\SdBaseFile.cpp.o
                0x00080dfc                SdBaseFile::readDirCache()
 .text._ZN10SdBaseFile7seekSetEm
                0x00080e2c       0x5e C:\Users\kotzukaru\AppData\Local\V.Micro\Arduino\Builds\WebServer\arduino_due_x_dbg\SdFat\SdBaseFile.cpp.o
                0x00080e2c                SdBaseFile::seekSet(unsigned long)
 *fill*         0x00080e8a        0x2 
 .text._ZN10SdBaseFile10setDirSizeEv
                0x00080e8c       0x50 C:\Users\kotzukaru\AppData\Local\V.Micro\Arduino\Builds\WebServer\arduino_due_x_dbg\SdFat\SdBaseFile.cpp.o
                0x00080e8c                SdBaseFile::setDirSize()
 .text._ZN10SdBaseFile8openRootEP8SdVolume
                0x00080edc       0x46 C:\Users\kotzukaru\AppData\Local\V.Micro\Arduino\Builds\WebServer\arduino_due_x_dbg\SdFat\SdBaseFile.cpp.o
                0x00080edc                SdBaseFile::openRoot(SdVolume*)
 *fill*         0x00080f22        0x2 
 .text._ZN10SdBaseFile4syncEv
                0x00080f24       0x60 C:\Users\kotzukaru\AppData\Local\V.Micro\Arduino\Builds\WebServer\arduino_due_x_dbg\SdFat\SdBaseFile.cpp.o
                0x00080f24                SdBaseFile::sync()
 .text._ZN10SdBaseFile5closeEv
                0x00080f84        0xe C:\Users\kotzukaru\AppData\Local\V.Micro\Arduino\Builds\WebServer\arduino_due_x_dbg\SdFat\SdBaseFile.cpp.o
                0x00080f84                SdBaseFile::close()
 *fill*         0x00080f92        0x2 
 .text._ZN10SdBaseFile8truncateEm
                0x00080f94       0xa8 C:\Users\kotzukaru\AppData\Local\V.Micro\Arduino\Builds\WebServer\arduino_due_x_dbg\SdFat\SdBaseFile.cpp.o
                0x00080f94                SdBaseFile::truncate(unsigned long)
 .text._ZN10SdBaseFile15openCachedEntryEhh
                0x0008103c       0x88 C:\Users\kotzukaru\AppData\Local\V.Micro\Arduino\Builds\WebServer\arduino_due_x_dbg\SdFat\SdBaseFile.cpp.o
                0x0008103c                SdBaseFile::openCachedEntry(unsigned char, unsigned char)
 .text._ZN10SdBaseFile4openEPS_PKhh
                0x000810c4      0x124 C:\Users\kotzukaru\AppData\Local\V.Micro\Arduino\Builds\WebServer\arduino_due_x_dbg\SdFat\SdBaseFile.cpp.o
                0x000810c4                SdBaseFile::open(SdBaseFile*, unsigned char const*, unsigned char)
 .text._ZN10SdBaseFile4openEPS_PKch
                0x000811e8       0xc4 C:\Users\kotzukaru\AppData\Local\V.Micro\Arduino\Builds\WebServer\arduino_due_x_dbg\SdFat\SdBaseFile.cpp.o
                0x000811e8                SdBaseFile::open(SdBaseFile*, char const*, unsigned char)
 .text._ZN10SdBaseFile4openEPS_th
                0x000812ac       0x48 C:\Users\kotzukaru\AppData\Local\V.Micro\Arduino\Builds\WebServer\arduino_due_x_dbg\SdFat\SdBaseFile.cpp.o
                0x000812ac                SdBaseFile::open(SdBaseFile*, unsigned short, unsigned char)
 .text._ZN10SdBaseFile5writeEPKvj
                0x000812f4      0x1d4 C:\Users\kotzukaru\AppData\Local\V.Micro\Arduino\Builds\WebServer\arduino_due_x_dbg\SdFat\SdBaseFile.cpp.o
                0x000812f4                SdBaseFile::write(void const*, unsigned int)
 .text._ZL7print2uP5Printh
                0x000814c8       0x20 C:\Users\kotzukaru\AppData\Local\V.Micro\Arduino\Builds\WebServer\arduino_due_x_dbg\SdFat\SdBaseFilePrint.cpp.o
 .text._ZN10SdBaseFile12printFatDateEP5Printt
                0x000814e8       0x3e C:\Users\kotzukaru\AppData\Local\V.Micro\Arduino\Builds\WebServer\arduino_due_x_dbg\SdFat\SdBaseFilePrint.cpp.o
                0x000814e8                SdBaseFile::printFatDate(Print*, unsigned short)
 .text._ZN10SdBaseFile12printFatTimeEP5Printt
                0x00081526       0x3a C:\Users\kotzukaru\AppData\Local\V.Micro\Arduino\Builds\WebServer\arduino_due_x_dbg\SdFat\SdBaseFilePrint.cpp.o
                0x00081526                SdBaseFile::printFatTime(Print*, unsigned short)
 .text._ZN10SdBaseFile11lsPrintNextEP5Printhh
                0x00081560      0x12c C:\Users\kotzukaru\AppData\Local\V.Micro\Arduino\Builds\WebServer\arduino_due_x_dbg\SdFat\SdBaseFilePrint.cpp.o
                0x00081560                SdBaseFile::lsPrintNext(Print*, unsigned char, unsigned char)
 .text._ZN10SdBaseFile2lsEP5Printhh
                0x0008168c       0x84 C:\Users\kotzukaru\AppData\Local\V.Micro\Arduino\Builds\WebServer\arduino_due_x_dbg\SdFat\SdBaseFilePrint.cpp.o
                0x0008168c                SdBaseFile::ls(Print*, unsigned char, unsigned char)
 .text._ZN10SdBaseFile2lsEh
                0x00081710       0x10 C:\Users\kotzukaru\AppData\Local\V.Micro\Arduino\Builds\WebServer\arduino_due_x_dbg\SdFat\SdBaseFilePrint.cpp.o
                0x00081710                SdBaseFile::ls(unsigned char)
 .text._ZN9SdFatUtil7FreeRamEv
                0x00081720       0x14 C:\Users\kotzukaru\AppData\Local\V.Micro\Arduino\Builds\WebServer\arduino_due_x_dbg\SdFat\SdFatUtil.cpp.o
                0x00081720                SdFatUtil::FreeRam()
 .text._ZN9SdFatUtil7print_PEP5PrintPKc
                0x00081734       0x18 C:\Users\kotzukaru\AppData\Local\V.Micro\Arduino\Builds\WebServer\arduino_due_x_dbg\SdFat\SdFatUtil.cpp.o
                0x00081734                SdFatUtil::print_P(Print*, char const*)
 .text._ZN9SdFatUtil9println_PEP5PrintPKc
                0x0008174c       0x12 C:\Users\kotzukaru\AppData\Local\V.Micro\Arduino\Builds\WebServer\arduino_due_x_dbg\SdFat\SdFatUtil.cpp.o
                0x0008174c                SdFatUtil::println_P(Print*, char const*)
 *fill*         0x0008175e        0x2 
 .text._ZN9SdFatUtil13SerialPrint_PEPKc
                0x00081760       0x10 C:\Users\kotzukaru\AppData\Local\V.Micro\Arduino\Builds\WebServer\arduino_due_x_dbg\SdFat\SdFatUtil.cpp.o
                0x00081760                SdFatUtil::SerialPrint_P(char const*)
 .text._ZN9SdFatUtil15SerialPrintln_PEPKc
                0x00081770       0x10 C:\Users\kotzukaru\AppData\Local\V.Micro\Arduino\Builds\WebServer\arduino_due_x_dbg\SdFat\SdFatUtil.cpp.o
                0x00081770                SdFatUtil::SerialPrintln_P(char const*)
 .text._ZN6SdFile5writeEPKhj
                0x00081780        0x6 C:\Users\kotzukaru\AppData\Local\V.Micro\Arduino\Builds\WebServer\arduino_due_x_dbg\SdFat\SdFile.cpp.o
                0x00081780                SdFile::write(unsigned char const*, unsigned int)
 .text._ZN6SdFile5writeEh
                0x00081786       0x1e C:\Users\kotzukaru\AppData\Local\V.Micro\Arduino\Builds\WebServer\arduino_due_x_dbg\SdFat\SdFile.cpp.o
                0x00081786                SdFile::write(unsigned char)
 .text._ZN5SdSpi5beginEv
                0x000817a4       0x68 C:\Users\kotzukaru\AppData\Local\V.Micro\Arduino\Builds\WebServer\arduino_due_x_dbg\SdFat\SdSpiSAM3X.cpp.o
                0x000817a4                SdSpi::begin()
 .text._ZN5SdSpi4initEh
                0x0008180c       0x28 C:\Users\kotzukaru\AppData\Local\V.Micro\Arduino\Builds\WebServer\arduino_due_x_dbg\SdFat\SdSpiSAM3X.cpp.o
                0x0008180c                SdSpi::init(unsigned char)
 .text._ZN5SdSpi7receiveEv
                0x00081834       0x18 C:\Users\kotzukaru\AppData\Local\V.Micro\Arduino\Builds\WebServer\arduino_due_x_dbg\SdFat\SdSpiSAM3X.cpp.o
                0x00081834                SdSpi::receive()
 .text._ZN5SdSpi7receiveEPhj
                0x0008184c       0x94 C:\Users\kotzukaru\AppData\Local\V.Micro\Arduino\Builds\WebServer\arduino_due_x_dbg\SdFat\SdSpiSAM3X.cpp.o
                0x0008184c                SdSpi::receive(unsigned char*, unsigned int)
 .text._ZN5SdSpi4sendEh
                0x000818e0       0x14 C:\Users\kotzukaru\AppData\Local\V.Micro\Arduino\Builds\WebServer\arduino_due_x_dbg\SdFat\SdSpiSAM3X.cpp.o
                0x000818e0                SdSpi::send(unsigned char)
 .text._ZN5SdSpi4sendEPKhj
                0x000818f4       0x60 C:\Users\kotzukaru\AppData\Local\V.Micro\Arduino\Builds\WebServer\arduino_due_x_dbg\SdFat\SdSpiSAM3X.cpp.o
                0x000818f4                SdSpi::send(unsigned char const*, unsigned int)
 .text._ZN8SdVolume14cacheWriteDataEv
                0x00081954       0x38 C:\Users\kotzukaru\AppData\Local\V.Micro\Arduino\Builds\WebServer\arduino_due_x_dbg\SdFat\SdVolume.cpp.o
                0x00081954                SdVolume::cacheWriteData()
 .text._ZN8SdVolume14cacheFetchDataEmh
                0x0008198c       0x5c C:\Users\kotzukaru\AppData\Local\V.Micro\Arduino\Builds\WebServer\arduino_due_x_dbg\SdFat\SdVolume.cpp.o
                0x0008198c                SdVolume::cacheFetchData(unsigned long, unsigned char)
 .text._ZN8SdVolume10cacheFetchEmh
                0x000819e8        0x4 C:\Users\kotzukaru\AppData\Local\V.Micro\Arduino\Builds\WebServer\arduino_due_x_dbg\SdFat\SdVolume.cpp.o
                0x000819e8                SdVolume::cacheFetch(unsigned long, unsigned char)
 .text._ZN8SdVolume13cacheWriteFatEv
                0x000819ec       0x68 C:\Users\kotzukaru\AppData\Local\V.Micro\Arduino\Builds\WebServer\arduino_due_x_dbg\SdFat\SdVolume.cpp.o
                0x000819ec                SdVolume::cacheWriteFat()
 .text._ZN8SdVolume13cacheFetchFatEmh
                0x00081a54       0x5c C:\Users\kotzukaru\AppData\Local\V.Micro\Arduino\Builds\WebServer\arduino_due_x_dbg\SdFat\SdVolume.cpp.o
                0x00081a54                SdVolume::cacheFetchFat(unsigned long, unsigned char)
 .text._ZN8SdVolume9cacheSyncEv
                0x00081ab0       0x12 C:\Users\kotzukaru\AppData\Local\V.Micro\Arduino\Builds\WebServer\arduino_due_x_dbg\SdFat\SdVolume.cpp.o
                0x00081ab0                SdVolume::cacheSync()
 *fill*         0x00081ac2        0x2 
 .text._ZN8SdVolume15cacheInvalidateEv
                0x00081ac4       0x18 C:\Users\kotzukaru\AppData\Local\V.Micro\Arduino\Builds\WebServer\arduino_due_x_dbg\SdFat\SdVolume.cpp.o
                0x00081ac4                SdVolume::cacheInvalidate()
 .text._ZNK8SdVolume17clusterStartBlockEm
                0x00081adc        0xc C:\Users\kotzukaru\AppData\Local\V.Micro\Arduino\Builds\WebServer\arduino_due_x_dbg\SdFat\SdVolume.cpp.o
                0x00081adc                SdVolume::clusterStartBlock(unsigned long) const
 .text._ZN8SdVolume6fatGetEmPm
                0x00081ae8       0x58 C:\Users\kotzukaru\AppData\Local\V.Micro\Arduino\Builds\WebServer\arduino_due_x_dbg\SdFat\SdVolume.cpp.o
                0x00081ae8                SdVolume::fatGet(unsigned long, unsigned long*)
 .text._ZN8SdVolume6fatPutEmm
                0x00081b40       0x50 C:\Users\kotzukaru\AppData\Local\V.Micro\Arduino\Builds\WebServer\arduino_due_x_dbg\SdFat\SdVolume.cpp.o
                0x00081b40                SdVolume::fatPut(unsigned long, unsigned long)
 .text._ZN8SdVolume15allocContiguousEmPm
                0x00081b90       0xb0 C:\Users\kotzukaru\AppData\Local\V.Micro\Arduino\Builds\WebServer\arduino_due_x_dbg\SdFat\SdVolume.cpp.o
                0x00081b90                SdVolume::allocContiguous(unsigned long, unsigned long*)
 .text._ZN8SdVolume9freeChainEm
                0x00081c40       0x50 C:\Users\kotzukaru\AppData\Local\V.Micro\Arduino\Builds\WebServer\arduino_due_x_dbg\SdFat\SdVolume.cpp.o
                0x00081c40                SdVolume::freeChain(unsigned long)
 .text._ZN8SdVolume4initEP7Sd2Cardh
                0x00081c90      0x118 C:\Users\kotzukaru\AppData\Local\V.Micro\Arduino\Builds\WebServer\arduino_due_x_dbg\SdFat\SdVolume.cpp.o
                0x00081c90                SdVolume::init(Sd2Card*, unsigned char)
 .text.startup._GLOBAL__sub_I__ZN9DhcpClass13beginWithDHCPEPhmm
                0x00081da8       0x1c C:\Users\kotzukaru\AppData\Local\V.Micro\Arduino\Builds\WebServer\arduino_due_x_dbg\UIPEthernet\Dhcp.cpp.o
 .text._ZN9DNSClient5beginERK9IPAddress
                0x00081dc4        0xa C:\Users\kotzukaru\AppData\Local\V.Micro\Arduino\Builds\WebServer\arduino_due_x_dbg\UIPEthernet\Dns.cpp.o
                0x00081dc4                DNSClient::begin(IPAddress const&)
 .text._ZN9DNSClient9inet_atonEPKcR9IPAddress
                0x00081dce       0x4a C:\Users\kotzukaru\AppData\Local\V.Micro\Arduino\Builds\WebServer\arduino_due_x_dbg\UIPEthernet\Dns.cpp.o
                0x00081dce                DNSClient::inet_aton(char const*, IPAddress&)
 .text.startup._GLOBAL__sub_I__ZN9DNSClient5beginERK9IPAddress
                0x00081e18       0x1c C:\Users\kotzukaru\AppData\Local\V.Micro\Arduino\Builds\WebServer\arduino_due_x_dbg\UIPEthernet\Dns.cpp.o
 .text._ZN9DNSClient12BuildRequestEPKc
                0x00081e34       0xda C:\Users\kotzukaru\AppData\Local\V.Micro\Arduino\Builds\WebServer\arduino_due_x_dbg\UIPEthernet\Dns.cpp.o
                0x00081e34                DNSClient::BuildRequest(char const*)
 .text._ZN9DNSClient15ProcessResponseEtR9IPAddress
                0x00081f0e      0x228 C:\Users\kotzukaru\AppData\Local\V.Micro\Arduino\Builds\WebServer\arduino_due_x_dbg\UIPEthernet\Dns.cpp.o
                0x00081f0e                DNSClient::ProcessResponse(unsigned short, IPAddress&)
 *fill*         0x00082136        0x2 
 .text._ZN9DNSClient13getHostByNameEPKcR9IPAddress
                0x00082138       0x94 C:\Users\kotzukaru\AppData\Local\V.Micro\Arduino\Builds\WebServer\arduino_due_x_dbg\UIPEthernet\Dns.cpp.o
                0x00082138                DNSClient::getHostByName(char const*, IPAddress&)
 .text._ZN9UIPClientneERKS_
                0x000821cc       0x10 C:\Users\kotzukaru\AppData\Local\V.Micro\Arduino\Builds\WebServer\arduino_due_x_dbg\UIPEthernet\UIPClient.cpp.o
                0x000821cc                UIPClient::operator!=(UIPClient const&)
 .text._ZN9UIPClient9connectedEv
                0x000821dc       0x14 C:\Users\kotzukaru\AppData\Local\V.Micro\Arduino\Builds\WebServer\arduino_due_x_dbg\UIPEthernet\UIPClient.cpp.o
                0x000821dc                UIPClient::connected()
 .text._ZN9UIPClienteqERKS_
                0x000821f0       0x14 C:\Users\kotzukaru\AppData\Local\V.Micro\Arduino\Builds\WebServer\arduino_due_x_dbg\UIPEthernet\UIPClient.cpp.o
                0x000821f0                UIPClient::operator==(UIPClient const&)
 .text._ZN9UIPClient4readEv
                0x00082204       0x20 C:\Users\kotzukaru\AppData\Local\V.Micro\Arduino\Builds\WebServer\arduino_due_x_dbg\UIPEthernet\UIPClient.cpp.o
                0x00082204                UIPClient::read()
 .text._ZN9UIPClientcvbEv
                0x00082224       0x20 C:\Users\kotzukaru\AppData\Local\V.Micro\Arduino\Builds\WebServer\arduino_due_x_dbg\UIPEthernet\UIPClient.cpp.o
                0x00082224                UIPClient::operator bool()
 .text._ZN9UIPClient7connectE9IPAddresst
                0x00082244       0x5e C:\Users\kotzukaru\AppData\Local\V.Micro\Arduino\Builds\WebServer\arduino_due_x_dbg\UIPEthernet\UIPClient.cpp.o
                0x00082244                UIPClient::connect(IPAddress, unsigned short)
 .text._ZN9UIPClient4peekEv
                0x000822a2       0x2c C:\Users\kotzukaru\AppData\Local\V.Micro\Arduino\Builds\WebServer\arduino_due_x_dbg\UIPEthernet\UIPClient.cpp.o
                0x000822a2                UIPClient::peek()
 *fill*         0x000822ce        0x2 
 .text._ZN9UIPClient7connectEPKct
                0x000822d0       0x54 C:\Users\kotzukaru\AppData\Local\V.Micro\Arduino\Builds\WebServer\arduino_due_x_dbg\UIPEthernet\UIPClient.cpp.o
                0x000822d0                UIPClient::connect(char const*, unsigned short)
 .text._ZN9UIPClientC2Ev
                0x00082324       0x18 C:\Users\kotzukaru\AppData\Local\V.Micro\Arduino\Builds\WebServer\arduino_due_x_dbg\UIPEthernet\UIPClient.cpp.o
                0x00082324                UIPClient::UIPClient()
                0x00082324                UIPClient::UIPClient()
 .text._ZN9UIPClientC2EP14uip_userdata_t
                0x0008233c       0x18 C:\Users\kotzukaru\AppData\Local\V.Micro\Arduino\Builds\WebServer\arduino_due_x_dbg\UIPEthernet\UIPClient.cpp.o
                0x0008233c                UIPClient::UIPClient(uip_userdata_t*)
                0x0008233c                UIPClient::UIPClient(uip_userdata_t*)
 .text._ZN9UIPClient10_availableEP14uip_userdata_t
                0x00082354       0x1c C:\Users\kotzukaru\AppData\Local\V.Micro\Arduino\Builds\WebServer\arduino_due_x_dbg\UIPEthernet\UIPClient.cpp.o
                0x00082354                UIPClient::_available(uip_userdata_t*)
 .text._ZN9UIPClient9availableEv
                0x00082370       0x18 C:\Users\kotzukaru\AppData\Local\V.Micro\Arduino\Builds\WebServer\arduino_due_x_dbg\UIPEthernet\UIPClient.cpp.o
                0x00082370                UIPClient::available()
 .text._ZN9UIPClient13_allocateDataEv
                0x00082388       0x34 C:\Users\kotzukaru\AppData\Local\V.Micro\Arduino\Builds\WebServer\arduino_due_x_dbg\UIPEthernet\UIPClient.cpp.o
                0x00082388                UIPClient::_allocateData()
 .text._ZN9UIPClient13_currentBlockEPh
                0x000823bc       0x1a C:\Users\kotzukaru\AppData\Local\V.Micro\Arduino\Builds\WebServer\arduino_due_x_dbg\UIPEthernet\UIPClient.cpp.o
                0x000823bc                UIPClient::_currentBlock(unsigned char*)
 .text._ZN9UIPClient6_writeEP14uip_userdata_tPKhj
                0x000823d6       0x70 C:\Users\kotzukaru\AppData\Local\V.Micro\Arduino\Builds\WebServer\arduino_due_x_dbg\UIPEthernet\UIPClient.cpp.o
                0x000823d6                UIPClient::_write(uip_userdata_t*, unsigned char const*, unsigned int)
 .text._ZN9UIPClient5writeEh
                0x00082446       0x18 C:\Users\kotzukaru\AppData\Local\V.Micro\Arduino\Builds\WebServer\arduino_due_x_dbg\UIPEthernet\UIPClient.cpp.o
                0x00082446                UIPClient::write(unsigned char)
 .text._ZN9UIPClient5writeEPKhj
                0x0008245e        0x6 C:\Users\kotzukaru\AppData\Local\V.Micro\Arduino\Builds\WebServer\arduino_due_x_dbg\UIPEthernet\UIPClient.cpp.o
                0x0008245e                UIPClient::write(unsigned char const*, unsigned int)
 .text._ZN9UIPClient9_eatBlockEPh
                0x00082464       0x20 C:\Users\kotzukaru\AppData\Local\V.Micro\Arduino\Builds\WebServer\arduino_due_x_dbg\UIPEthernet\UIPClient.cpp.o
                0x00082464                UIPClient::_eatBlock(unsigned char*)
 .text._ZN9UIPClient4readEPhj
                0x00082484       0xa0 C:\Users\kotzukaru\AppData\Local\V.Micro\Arduino\Builds\WebServer\arduino_due_x_dbg\UIPEthernet\UIPClient.cpp.o
                0x00082484                UIPClient::read(unsigned char*, unsigned int)
 .text._ZN9UIPClient12_flushBlocksEPh
                0x00082524       0x18 C:\Users\kotzukaru\AppData\Local\V.Micro\Arduino\Builds\WebServer\arduino_due_x_dbg\UIPEthernet\UIPClient.cpp.o
                0x00082524                UIPClient::_flushBlocks(unsigned char*)
 .text._ZN9UIPClient4stopEv
                0x0008253c       0x2e C:\Users\kotzukaru\AppData\Local\V.Micro\Arduino\Builds\WebServer\arduino_due_x_dbg\UIPEthernet\UIPClient.cpp.o
                0x0008253c                UIPClient::stop()
 .text._ZN9UIPClient5flushEv
                0x0008256a       0x1a C:\Users\kotzukaru\AppData\Local\V.Micro\Arduino\Builds\WebServer\arduino_due_x_dbg\UIPEthernet\UIPClient.cpp.o
                0x0008256a                UIPClient::flush()
 .text.uipclient_appcall
                0x00082584      0x1ac C:\Users\kotzukaru\AppData\Local\V.Micro\Arduino\Builds\WebServer\arduino_due_x_dbg\UIPEthernet\UIPClient.cpp.o
                0x00082584                uipclient_appcall
 .text.startup._GLOBAL__sub_I__ZN9UIPClient8all_dataE
                0x00082730       0x1c C:\Users\kotzukaru\AppData\Local\V.Micro\Arduino\Builds\WebServer\arduino_due_x_dbg\UIPEthernet\UIPClient.cpp.o
 .text._ZN16UIPEthernetClass11dnsServerIPEv
                0x0008274c       0x14 C:\Users\kotzukaru\AppData\Local\V.Micro\Arduino\Builds\WebServer\arduino_due_x_dbg\UIPEthernet\UIPEthernet.cpp.o
                0x0008274c                UIPEthernetClass::dnsServerIP()
 .text._ZN16UIPEthernetClass12network_sendEv
                0x00082760       0x60 C:\Users\kotzukaru\AppData\Local\V.Micro\Arduino\Builds\WebServer\arduino_due_x_dbg\UIPEthernet\UIPEthernet.cpp.o
                0x00082760                UIPEthernetClass::network_send()
 .text._ZN16UIPEthernetClass4tickEv
                0x000827c0      0x108 C:\Users\kotzukaru\AppData\Local\V.Micro\Arduino\Builds\WebServer\arduino_due_x_dbg\UIPEthernet\UIPEthernet.cpp.o
                0x000827c0                UIPEthernetClass::tick()
 .text._ZN16UIPEthernetClass4initEPKh
                0x000828c8       0x40 C:\Users\kotzukaru\AppData\Local\V.Micro\Arduino\Builds\WebServer\arduino_due_x_dbg\UIPEthernet\UIPEthernet.cpp.o
                0x000828c8                UIPEthernetClass::init(unsigned char const*)
 .text._ZN16UIPEthernetClass9configureE9IPAddressS0_S0_S0_
                0x00082908       0x68 C:\Users\kotzukaru\AppData\Local\V.Micro\Arduino\Builds\WebServer\arduino_due_x_dbg\UIPEthernet\UIPEthernet.cpp.o
                0x00082908                UIPEthernetClass::configure(IPAddress, IPAddress, IPAddress, IPAddress)
 .text._ZN16UIPEthernetClass5beginEPKh9IPAddressS2_S2_S2_
                0x00082970       0x40 C:\Users\kotzukaru\AppData\Local\V.Micro\Arduino\Builds\WebServer\arduino_due_x_dbg\UIPEthernet\UIPEthernet.cpp.o
                0x00082970                UIPEthernetClass::begin(unsigned char const*, IPAddress, IPAddress, IPAddress, IPAddress)
 .text._ZN16UIPEthernetClass5beginEPKh9IPAddressS2_S2_
                0x000829b0       0x5c C:\Users\kotzukaru\AppData\Local\V.Micro\Arduino\Builds\WebServer\arduino_due_x_dbg\UIPEthernet\UIPEthernet.cpp.o
                0x000829b0                UIPEthernetClass::begin(unsigned char const*, IPAddress, IPAddress, IPAddress)
 .text._ZN16UIPEthernetClass5beginEPKh9IPAddressS2_
                0x00082a0c       0x34 C:\Users\kotzukaru\AppData\Local\V.Micro\Arduino\Builds\WebServer\arduino_due_x_dbg\UIPEthernet\UIPEthernet.cpp.o
                0x00082a0c                UIPEthernetClass::begin(unsigned char const*, IPAddress, IPAddress)
 .text._ZN16UIPEthernetClass5beginEPKh9IPAddress
                0x00082a40       0x2c C:\Users\kotzukaru\AppData\Local\V.Micro\Arduino\Builds\WebServer\arduino_due_x_dbg\UIPEthernet\UIPEthernet.cpp.o
                0x00082a40                UIPEthernetClass::begin(unsigned char const*, IPAddress)
 .text._ZN16UIPEthernetClass6chksumEtPKht
                0x00082a6c       0x38 C:\Users\kotzukaru\AppData\Local\V.Micro\Arduino\Builds\WebServer\arduino_due_x_dbg\UIPEthernet\UIPEthernet.cpp.o
                0x00082a6c                UIPEthernetClass::chksum(unsigned short, unsigned char const*, unsigned short)
 .text._ZN16UIPEthernetClass8ipchksumEv
                0x00082aa4       0x20 C:\Users\kotzukaru\AppData\Local\V.Micro\Arduino\Builds\WebServer\arduino_due_x_dbg\UIPEthernet\UIPEthernet.cpp.o
                0x00082aa4                UIPEthernetClass::ipchksum()
 .text._ZN16UIPEthernetClass18upper_layer_chksumEh
                0x00082ac4       0x6c C:\Users\kotzukaru\AppData\Local\V.Micro\Arduino\Builds\WebServer\arduino_due_x_dbg\UIPEthernet\UIPEthernet.cpp.o
                0x00082ac4                UIPEthernetClass::upper_layer_chksum(unsigned char)
 .text.uip_ipchksum
                0x00082b30        0x4 C:\Users\kotzukaru\AppData\Local\V.Micro\Arduino\Builds\WebServer\arduino_due_x_dbg\UIPEthernet\UIPEthernet.cpp.o
                0x00082b30                uip_ipchksum
 .text.uip_tcpchksum
                0x00082b34        0x6 C:\Users\kotzukaru\AppData\Local\V.Micro\Arduino\Builds\WebServer\arduino_due_x_dbg\UIPEthernet\UIPEthernet.cpp.o
                0x00082b34                uip_tcpchksum
 .text.uip_udpchksum
                0x00082b3a        0x6 C:\Users\kotzukaru\AppData\Local\V.Micro\Arduino\Builds\WebServer\arduino_due_x_dbg\UIPEthernet\UIPEthernet.cpp.o
                0x00082b3a                uip_udpchksum
 .text.startup._GLOBAL__sub_I__ZN16UIPEthernetClass9in_packetE
                0x00082b40       0x24 C:\Users\kotzukaru\AppData\Local\V.Micro\Arduino\Builds\WebServer\arduino_due_x_dbg\UIPEthernet\UIPEthernet.cpp.o
 .text._ZN9UIPServer5writeEh
                0x00082b64       0x16 C:\Users\kotzukaru\AppData\Local\V.Micro\Arduino\Builds\WebServer\arduino_due_x_dbg\UIPEthernet\UIPServer.cpp.o
                0x00082b64                UIPServer::write(unsigned char)
 .text._ZN9UIPServer5beginEv
                0x00082b7a       0x10 C:\Users\kotzukaru\AppData\Local\V.Micro\Arduino\Builds\WebServer\arduino_due_x_dbg\UIPEthernet\UIPServer.cpp.o
                0x00082b7a                UIPServer::begin()
 *fill*         0x00082b8a        0x2 
 .text._ZN9UIPServer5writeEPKhj
                0x00082b8c       0x4c C:\Users\kotzukaru\AppData\Local\V.Micro\Arduino\Builds\WebServer\arduino_due_x_dbg\UIPEthernet\UIPServer.cpp.o
                0x00082b8c                UIPServer::write(unsigned char const*, unsigned int)
 .text._ZN9UIPServerC2Et
                0x00082bd8       0x1c C:\Users\kotzukaru\AppData\Local\V.Micro\Arduino\Builds\WebServer\arduino_due_x_dbg\UIPEthernet\UIPServer.cpp.o
                0x00082bd8                UIPServer::UIPServer(unsigned short)
                0x00082bd8                UIPServer::UIPServer(unsigned short)
 .text._ZN9UIPServer9availableEv
                0x00082bf4       0x64 C:\Users\kotzukaru\AppData\Local\V.Micro\Arduino\Builds\WebServer\arduino_due_x_dbg\UIPEthernet\UIPServer.cpp.o
                0x00082bf4                UIPServer::available()
 .text.startup._GLOBAL__sub_I__ZN9UIPServerC2Et
                0x00082c58       0x1c C:\Users\kotzukaru\AppData\Local\V.Micro\Arduino\Builds\WebServer\arduino_due_x_dbg\UIPEthernet\UIPServer.cpp.o
 .text._ZN6UIPUDP4readEPcj
                0x00082c74        0xa C:\Users\kotzukaru\AppData\Local\V.Micro\Arduino\Builds\WebServer\arduino_due_x_dbg\UIPEthernet\UIPUdp.cpp.o
                0x00082c74                UIPUDP::read(char*, unsigned int)
 .text._ZN6UIPUDP5writeEh
                0x00082c7e       0x16 C:\Users\kotzukaru\AppData\Local\V.Micro\Arduino\Builds\WebServer\arduino_due_x_dbg\UIPEthernet\UIPUdp.cpp.o
                0x00082c7e                UIPUDP::write(unsigned char)
 .text._ZN6UIPUDP4readEv
                0x00082c94       0x20 C:\Users\kotzukaru\AppData\Local\V.Micro\Arduino\Builds\WebServer\arduino_due_x_dbg\UIPEthernet\UIPUdp.cpp.o
                0x00082c94                UIPUDP::read()
 .text._ZN6UIPUDP5beginEt
                0x00082cb4       0x2c C:\Users\kotzukaru\AppData\Local\V.Micro\Arduino\Builds\WebServer\arduino_due_x_dbg\UIPEthernet\UIPUdp.cpp.o
                0x00082cb4                UIPUDP::begin(unsigned short)
 .text._ZN6UIPUDP10remotePortEv
                0x00082ce0        0xc C:\Users\kotzukaru\AppData\Local\V.Micro\Arduino\Builds\WebServer\arduino_due_x_dbg\UIPEthernet\UIPUdp.cpp.o
                0x00082ce0                UIPUDP::remotePort()
 .text._ZN6UIPUDP4stopEv
                0x00082cec       0x34 C:\Users\kotzukaru\AppData\Local\V.Micro\Arduino\Builds\WebServer\arduino_due_x_dbg\UIPEthernet\UIPUdp.cpp.o
                0x00082cec                UIPUDP::stop()
 .text._ZN6UIPUDP5flushEv
                0x00082d20       0x14 C:\Users\kotzukaru\AppData\Local\V.Micro\Arduino\Builds\WebServer\arduino_due_x_dbg\UIPEthernet\UIPUdp.cpp.o
                0x00082d20                UIPUDP::flush()
 .text._ZN6UIPUDP11beginPacketE9IPAddresst
                0x00082d34       0x88 C:\Users\kotzukaru\AppData\Local\V.Micro\Arduino\Builds\WebServer\arduino_due_x_dbg\UIPEthernet\UIPUdp.cpp.o
                0x00082d34                UIPUDP::beginPacket(IPAddress, unsigned short)
 .text._ZN6UIPUDP5writeEPKhj
                0x00082dbc       0x1e C:\Users\kotzukaru\AppData\Local\V.Micro\Arduino\Builds\WebServer\arduino_due_x_dbg\UIPEthernet\UIPUdp.cpp.o
                0x00082dbc                UIPUDP::write(unsigned char const*, unsigned int)
 .text._ZN6UIPUDP11parsePacketEv
                0x00082dda       0x1c C:\Users\kotzukaru\AppData\Local\V.Micro\Arduino\Builds\WebServer\arduino_due_x_dbg\UIPEthernet\UIPUdp.cpp.o
                0x00082dda                UIPUDP::parsePacket()
 .text._ZN6UIPUDP9availableEv
                0x00082df6       0x10 C:\Users\kotzukaru\AppData\Local\V.Micro\Arduino\Builds\WebServer\arduino_due_x_dbg\UIPEthernet\UIPUdp.cpp.o
                0x00082df6                UIPUDP::available()
 .text._ZN6UIPUDP4peekEv
                0x00082e06       0x2a C:\Users\kotzukaru\AppData\Local\V.Micro\Arduino\Builds\WebServer\arduino_due_x_dbg\UIPEthernet\UIPUdp.cpp.o
                0x00082e06                UIPUDP::peek()
 .text._ZN6UIPUDP4readEPhj
                0x00082e30       0x3c C:\Users\kotzukaru\AppData\Local\V.Micro\Arduino\Builds\WebServer\arduino_due_x_dbg\UIPEthernet\UIPUdp.cpp.o
                0x00082e30                UIPUDP::read(unsigned char*, unsigned int)
 .text._ZN6UIPUDP8remoteIPEv
                0x00082e6c       0x26 C:\Users\kotzukaru\AppData\Local\V.Micro\Arduino\Builds\WebServer\arduino_due_x_dbg\UIPEthernet\UIPUdp.cpp.o
                0x00082e6c                UIPUDP::remoteIP()
 *fill*         0x00082e92        0x2 
 .text._ZN6UIPUDPC2Ev
                0x00082e94       0x24 C:\Users\kotzukaru\AppData\Local\V.Micro\Arduino\Builds\WebServer\arduino_due_x_dbg\UIPEthernet\UIPUdp.cpp.o
                0x00082e94                UIPUDP::UIPUDP()
                0x00082e94                UIPUDP::UIPUDP()
 .text._ZN6UIPUDP11beginPacketEPKct
                0x00082eb8       0x5c C:\Users\kotzukaru\AppData\Local\V.Micro\Arduino\Builds\WebServer\arduino_due_x_dbg\UIPEthernet\UIPUdp.cpp.o
                0x00082eb8                UIPUDP::beginPacket(char const*, unsigned short)
 .text.uipudp_appcall
                0x00082f14       0xa4 C:\Users\kotzukaru\AppData\Local\V.Micro\Arduino\Builds\WebServer\arduino_due_x_dbg\UIPEthernet\UIPUdp.cpp.o
                0x00082f14                uipudp_appcall
 .text._ZN6UIPUDP5_sendEP18uip_udp_userdata_t
                0x00082fb8       0x40 C:\Users\kotzukaru\AppData\Local\V.Micro\Arduino\Builds\WebServer\arduino_due_x_dbg\UIPEthernet\UIPUdp.cpp.o
                0x00082fb8                UIPUDP::_send(uip_udp_userdata_t*)
 .text._ZN6UIPUDP9endPacketEv
                0x00082ff8       0x48 C:\Users\kotzukaru\AppData\Local\V.Micro\Arduino\Builds\WebServer\arduino_due_x_dbg\UIPEthernet\UIPUdp.cpp.o
                0x00082ff8                UIPUDP::endPacket()
 .text.startup._GLOBAL__sub_I__ZN6UIPUDPC2Ev
                0x00083040       0x1c C:\Users\kotzukaru\AppData\Local\V.Micro\Arduino\Builds\WebServer\arduino_due_x_dbg\UIPEthernet\UIPUdp.cpp.o
 .text.clock_time
                0x0008305c        0x4 C:\Users\kotzukaru\AppData\Local\V.Micro\Arduino\Builds\WebServer\arduino_due_x_dbg\UIPEthernet\utility\clock-arch.c.o
                0x0008305c                clock_time
 .text.uip_add32
                0x00083060       0x54 C:\Users\kotzukaru\AppData\Local\V.Micro\Arduino\Builds\WebServer\arduino_due_x_dbg\UIPEthernet\utility\uip.c.o
                0x00083060                uip_add32
 .text.unlikely.uip_add_rcv_nxt
                0x000830b4       0x2c C:\Users\kotzukaru\AppData\Local\V.Micro\Arduino\Builds\WebServer\arduino_due_x_dbg\UIPEthernet\utility\uip.c.o
 .text.uip_init
                0x000830e0       0x58 C:\Users\kotzukaru\AppData\Local\V.Micro\Arduino\Builds\WebServer\arduino_due_x_dbg\UIPEthernet\utility\uip.c.o
                0x000830e0                uip_init
 .text.uip_connect
                0x00083138       0xc8 C:\Users\kotzukaru\AppData\Local\V.Micro\Arduino\Builds\WebServer\arduino_due_x_dbg\UIPEthernet\utility\uip.c.o
                0x00083138                uip_connect
 .text.uip_udp_new
                0x00083200       0x88 C:\Users\kotzukaru\AppData\Local\V.Micro\Arduino\Builds\WebServer\arduino_due_x_dbg\UIPEthernet\utility\uip.c.o
                0x00083200                uip_udp_new
 .text.uip_listen
                0x00083288       0x30 C:\Users\kotzukaru\AppData\Local\V.Micro\Arduino\Builds\WebServer\arduino_due_x_dbg\UIPEthernet\utility\uip.c.o
                0x00083288                uip_listen
 .text.uip_process
                0x000832b8      0xb2c C:\Users\kotzukaru\AppData\Local\V.Micro\Arduino\Builds\WebServer\arduino_due_x_dbg\UIPEthernet\utility\uip.c.o
                0x000832b8                uip_process
 .text.htons    0x00083de4        0x6 C:\Users\kotzukaru\AppData\Local\V.Micro\Arduino\Builds\WebServer\arduino_due_x_dbg\UIPEthernet\utility\uip.c.o
                0x00083de4                htons
 *fill*         0x00083dea        0x2 
 .text.uip_send
                0x00083dec       0x28 C:\Users\kotzukaru\AppData\Local\V.Micro\Arduino\Builds\WebServer\arduino_due_x_dbg\UIPEthernet\utility\uip.c.o
                0x00083dec                uip_send
 .text.uip_arp_update
                0x00083e14       0xcc C:\Users\kotzukaru\AppData\Local\V.Micro\Arduino\Builds\WebServer\arduino_due_x_dbg\UIPEthernet\utility\uip_arp.c.o
 .text.uip_arp_init
                0x00083ee0       0x30 C:\Users\kotzukaru\AppData\Local\V.Micro\Arduino\Builds\WebServer\arduino_due_x_dbg\UIPEthernet\utility\uip_arp.c.o
                0x00083ee0                uip_arp_init
 .text.uip_arp_ipin
                0x00083f10       0x48 C:\Users\kotzukaru\AppData\Local\V.Micro\Arduino\Builds\WebServer\arduino_due_x_dbg\UIPEthernet\utility\uip_arp.c.o
                0x00083f10                uip_arp_ipin
 .text.uip_arp_arpin
                0x00083f58       0xd0 C:\Users\kotzukaru\AppData\Local\V.Micro\Arduino\Builds\WebServer\arduino_due_x_dbg\UIPEthernet\utility\uip_arp.c.o
                0x00083f58                uip_arp_arpin
 .text.uip_arp_out
                0x00084028      0x140 C:\Users\kotzukaru\AppData\Local\V.Micro\Arduino\Builds\WebServer\arduino_due_x_dbg\UIPEthernet\utility\uip_arp.c.o
                0x00084028                uip_arp_out
 .text.uip_timer_set
                0x00084168        0xe C:\Users\kotzukaru\AppData\Local\V.Micro\Arduino\Builds\WebServer\arduino_due_x_dbg\UIPEthernet\utility\uip_timer.c.o
                0x00084168                uip_timer_set
 .text.uip_timer_restart
                0x00084176        0xc C:\Users\kotzukaru\AppData\Local\V.Micro\Arduino\Builds\WebServer\arduino_due_x_dbg\UIPEthernet\utility\uip_timer.c.o
                0x00084176                uip_timer_restart
 .text.uip_timer_expired
                0x00084182       0x18 C:\Users\kotzukaru\AppData\Local\V.Micro\Arduino\Builds\WebServer\arduino_due_x_dbg\UIPEthernet\utility\uip_timer.c.o
                0x00084182                uip_timer_expired
 .text._ZN8SPIClass8transferEh15SPITransferMode
                0x0008419a       0x12 C:\Users\kotzukaru\AppData\Local\V.Micro\Arduino\Builds\WebServer\arduino_due_x_dbg\UIPEthernet\utility\Enc28J60Network.cpp.o
                0x0008419a                SPIClass::transfer(unsigned char, SPITransferMode)
 .text._ZN15Enc28J60Network9blockSizeEh
                0x000841ac       0x20 C:\Users\kotzukaru\AppData\Local\V.Micro\Arduino\Builds\WebServer\arduino_due_x_dbg\UIPEthernet\utility\Enc28J60Network.cpp.o
                0x000841ac                Enc28J60Network::blockSize(unsigned char)
 .text._ZN15Enc28J60Network6readOpEhh
                0x000841cc       0x48 C:\Users\kotzukaru\AppData\Local\V.Micro\Arduino\Builds\WebServer\arduino_due_x_dbg\UIPEthernet\utility\Enc28J60Network.cpp.o
                0x000841cc                Enc28J60Network::readOp(unsigned char, unsigned char)
 .text._ZN15Enc28J60Network7writeOpEhhh
                0x00084214       0x3c C:\Users\kotzukaru\AppData\Local\V.Micro\Arduino\Builds\WebServer\arduino_due_x_dbg\UIPEthernet\utility\Enc28J60Network.cpp.o
                0x00084214                Enc28J60Network::writeOp(unsigned char, unsigned char, unsigned char)
 .text._ZN15Enc28J60Network10readBufferEtPh
                0x00084250       0x40 C:\Users\kotzukaru\AppData\Local\V.Micro\Arduino\Builds\WebServer\arduino_due_x_dbg\UIPEthernet\utility\Enc28J60Network.cpp.o
                0x00084250                Enc28J60Network::readBuffer(unsigned short, unsigned char*)
 .text._ZN15Enc28J60Network11writeBufferEtPh
                0x00084290       0x40 C:\Users\kotzukaru\AppData\Local\V.Micro\Arduino\Builds\WebServer\arduino_due_x_dbg\UIPEthernet\utility\Enc28J60Network.cpp.o
                0x00084290                Enc28J60Network::writeBuffer(unsigned short, unsigned char*)
 .text._ZN15Enc28J60Network7setBankEh
                0x000842d0       0x2c C:\Users\kotzukaru\AppData\Local\V.Micro\Arduino\Builds\WebServer\arduino_due_x_dbg\UIPEthernet\utility\Enc28J60Network.cpp.o
                0x000842d0                Enc28J60Network::setBank(unsigned char)
 .text._ZN15Enc28J60Network7readRegEh
                0x000842fc       0x14 C:\Users\kotzukaru\AppData\Local\V.Micro\Arduino\Builds\WebServer\arduino_due_x_dbg\UIPEthernet\utility\Enc28J60Network.cpp.o
                0x000842fc                Enc28J60Network::readReg(unsigned char)
 .text._ZN15Enc28J60Network8writeRegEhh
                0x00084310       0x18 C:\Users\kotzukaru\AppData\Local\V.Micro\Arduino\Builds\WebServer\arduino_due_x_dbg\UIPEthernet\utility\Enc28J60Network.cpp.o
                0x00084310                Enc28J60Network::writeReg(unsigned char, unsigned char)
 .text._ZN15Enc28J60Network12writeRegPairEht
                0x00084328       0x24 C:\Users\kotzukaru\AppData\Local\V.Micro\Arduino\Builds\WebServer\arduino_due_x_dbg\UIPEthernet\utility\Enc28J60Network.cpp.o
                0x00084328                Enc28J60Network::writeRegPair(unsigned char, unsigned short)
 .text._ZN15Enc28J60Network10setERXRDPTEv
                0x0008434c       0x1c C:\Users\kotzukaru\AppData\Local\V.Micro\Arduino\Builds\WebServer\arduino_due_x_dbg\UIPEthernet\utility\Enc28J60Network.cpp.o
                0x0008434c                Enc28J60Network::setERXRDPT()
 .text._ZN15Enc28J60Network10freePacketEv
                0x00084368        0x4 C:\Users\kotzukaru\AppData\Local\V.Micro\Arduino\Builds\WebServer\arduino_due_x_dbg\UIPEthernet\utility\Enc28J60Network.cpp.o
                0x00084368                Enc28J60Network::freePacket()
 .text._ZN15Enc28J60Network13receivePacketEv
                0x0008436c       0x80 C:\Users\kotzukaru\AppData\Local\V.Micro\Arduino\Builds\WebServer\arduino_due_x_dbg\UIPEthernet\utility\Enc28J60Network.cpp.o
                0x0008436c                Enc28J60Network::receivePacket()
 .text._ZN15Enc28J60Network10setReadPtrEhtt
                0x000843ec       0x38 C:\Users\kotzukaru\AppData\Local\V.Micro\Arduino\Builds\WebServer\arduino_due_x_dbg\UIPEthernet\utility\Enc28J60Network.cpp.o
                0x000843ec                Enc28J60Network::setReadPtr(unsigned char, unsigned short, unsigned short)
 .text._ZN15Enc28J60Network10readPacketEhtPht
                0x00084424       0x16 C:\Users\kotzukaru\AppData\Local\V.Micro\Arduino\Builds\WebServer\arduino_due_x_dbg\UIPEthernet\utility\Enc28J60Network.cpp.o
                0x00084424                Enc28J60Network::readPacket(unsigned char, unsigned short, unsigned char*, unsigned short)
 *fill*         0x0008443a        0x2 
 .text._ZN15Enc28J60Network11writePacketEhtPht
                0x0008443c       0x38 C:\Users\kotzukaru\AppData\Local\V.Micro\Arduino\Builds\WebServer\arduino_due_x_dbg\UIPEthernet\utility\Enc28J60Network.cpp.o
                0x0008443c                Enc28J60Network::writePacket(unsigned char, unsigned short, unsigned char*, unsigned short)
 .text._ZN15Enc28J60Network8readByteEt
                0x00084474       0x3c C:\Users\kotzukaru\AppData\Local\V.Micro\Arduino\Builds\WebServer\arduino_due_x_dbg\UIPEthernet\utility\Enc28J60Network.cpp.o
                0x00084474                Enc28J60Network::readByte(unsigned short)
 .text._ZN15Enc28J60Network9writeByteEth
                0x000844b0       0x3c C:\Users\kotzukaru\AppData\Local\V.Micro\Arduino\Builds\WebServer\arduino_due_x_dbg\UIPEthernet\utility\Enc28J60Network.cpp.o
                0x000844b0                Enc28J60Network::writeByte(unsigned short, unsigned char)
 .text._ZN15Enc28J60Network10sendPacketEh
                0x000844ec       0x6c C:\Users\kotzukaru\AppData\Local\V.Micro\Arduino\Builds\WebServer\arduino_due_x_dbg\UIPEthernet\utility\Enc28J60Network.cpp.o
                0x000844ec                Enc28J60Network::sendPacket(unsigned char)
 .text._Z36enc28J60_mempool_block_move_callbackttt
                0x00084558       0x6e C:\Users\kotzukaru\AppData\Local\V.Micro\Arduino\Builds\WebServer\arduino_due_x_dbg\UIPEthernet\utility\Enc28J60Network.cpp.o
                0x00084558                enc28J60_mempool_block_move_callback(unsigned short, unsigned short, unsigned short)
 *fill*         0x000845c6        0x2 
 .text._ZN15Enc28J60Network10copyPacketEhthtt
                0x000845c8       0x38 C:\Users\kotzukaru\AppData\Local\V.Micro\Arduino\Builds\WebServer\arduino_due_x_dbg\UIPEthernet\utility\Enc28J60Network.cpp.o
                0x000845c8                Enc28J60Network::copyPacket(unsigned char, unsigned short, unsigned char, unsigned short, unsigned short)
 .text._ZN15Enc28J60Network8phyWriteEht
                0x00084600       0x2e C:\Users\kotzukaru\AppData\Local\V.Micro\Arduino\Builds\WebServer\arduino_due_x_dbg\UIPEthernet\utility\Enc28J60Network.cpp.o
                0x00084600                Enc28J60Network::phyWrite(unsigned char, unsigned short)
 *fill*         0x0008462e        0x2 
 .text._ZN15Enc28J60Network4initEPh
                0x00084630      0x110 C:\Users\kotzukaru\AppData\Local\V.Micro\Arduino\Builds\WebServer\arduino_due_x_dbg\UIPEthernet\utility\Enc28J60Network.cpp.o
                0x00084630                Enc28J60Network::init(unsigned char*)
 .text._ZN15Enc28J60Network6chksumEthtt
                0x00084740       0x88 C:\Users\kotzukaru\AppData\Local\V.Micro\Arduino\Builds\WebServer\arduino_due_x_dbg\UIPEthernet\utility\Enc28J60Network.cpp.o
                0x00084740                Enc28J60Network::chksum(unsigned short, unsigned char, unsigned short, unsigned short)
 .text._ZN10MemoryPool4initEv
                0x000847c8       0x1c C:\Users\kotzukaru\AppData\Local\V.Micro\Arduino\Builds\WebServer\arduino_due_x_dbg\UIPEthernet\utility\mempool.cpp.o
                0x000847c8                MemoryPool::init()
 .text._ZN10MemoryPool10allocBlockEt
                0x000847e4       0xe4 C:\Users\kotzukaru\AppData\Local\V.Micro\Arduino\Builds\WebServer\arduino_due_x_dbg\UIPEthernet\utility\mempool.cpp.o
                0x000847e4                MemoryPool::allocBlock(unsigned short)
 .text._ZN10MemoryPool9freeBlockEh
                0x000848c8       0x30 C:\Users\kotzukaru\AppData\Local\V.Micro\Arduino\Builds\WebServer\arduino_due_x_dbg\UIPEthernet\utility\mempool.cpp.o
                0x000848c8                MemoryPool::freeBlock(unsigned char)
 .text._ZN10MemoryPool11resizeBlockEht
                0x000848f8       0x1c C:\Users\kotzukaru\AppData\Local\V.Micro\Arduino\Builds\WebServer\arduino_due_x_dbg\UIPEthernet\utility\mempool.cpp.o
                0x000848f8                MemoryPool::resizeBlock(unsigned char, unsigned short)
 .text._ZN10MemoryPool11resizeBlockEhtt
                0x00084914       0x18 C:\Users\kotzukaru\AppData\Local\V.Micro\Arduino\Builds\WebServer\arduino_due_x_dbg\UIPEthernet\utility\mempool.cpp.o
                0x00084914                MemoryPool::resizeBlock(unsigned char, unsigned short, unsigned short)
 .text.PIO_DisableInterrupt
                0x0008492c        0x4 C:\ArduinoIDE\arduino-1.6.0\hardware\arduino\sam\variants\arduino_due_x/libsam_sam3x8e_gcc_rel.a(pio.o)
                0x0008492c                PIO_DisableInterrupt
 .text.PIO_PullUp
                0x00084930        0xa C:\ArduinoIDE\arduino-1.6.0\hardware\arduino\sam\variants\arduino_due_x/libsam_sam3x8e_gcc_rel.a(pio.o)
                0x00084930                PIO_PullUp
 .text.PIO_SetPeripheral
                0x0008493a       0x2a C:\ArduinoIDE\arduino-1.6.0\hardware\arduino\sam\variants\arduino_due_x/libsam_sam3x8e_gcc_rel.a(pio.o)
                0x0008493a                PIO_SetPeripheral
 .text.PIO_SetInput
                0x00084964       0x40 C:\ArduinoIDE\arduino-1.6.0\hardware\arduino\sam\variants\arduino_due_x/libsam_sam3x8e_gcc_rel.a(pio.o)
                0x00084964                PIO_SetInput
 .text.PIO_SetOutput
                0x000849a4       0x38 C:\ArduinoIDE\arduino-1.6.0\hardware\arduino\sam\variants\arduino_due_x/libsam_sam3x8e_gcc_rel.a(pio.o)
                0x000849a4                PIO_SetOutput
 .text.PIO_Configure
                0x000849dc       0x74 C:\ArduinoIDE\arduino-1.6.0\hardware\arduino\sam\variants\arduino_due_x/libsam_sam3x8e_gcc_rel.a(pio.o)
                0x000849dc                PIO_Configure
 .text.PIO_GetOutputDataStatus
                0x00084a50       0x16 C:\ArduinoIDE\arduino-1.6.0\hardware\arduino\sam\variants\arduino_due_x/libsam_sam3x8e_gcc_rel.a(pio.o)
                0x00084a50                PIO_GetOutputDataStatus
 *fill*         0x00084a66        0x2 
 .text.pmc_enable_upll_clock
                0x00084a68       0x18 C:\ArduinoIDE\arduino-1.6.0\hardware\arduino\sam\variants\arduino_due_x/libsam_sam3x8e_gcc_rel.a(pmc.o)
                0x00084a68                pmc_enable_upll_clock
 .text.pmc_enable_periph_clk
                0x00084a80       0x48 C:\ArduinoIDE\arduino-1.6.0\hardware\arduino\sam\variants\arduino_due_x/libsam_sam3x8e_gcc_rel.a(pmc.o)
                0x00084a80                pmc_enable_periph_clk
 .text.pmc_disable_periph_clk
                0x00084ac8       0x48 C:\ArduinoIDE\arduino-1.6.0\hardware\arduino\sam\variants\arduino_due_x/libsam_sam3x8e_gcc_rel.a(pmc.o)
                0x00084ac8                pmc_disable_periph_clk
 .text.pmc_switch_udpck_to_upllck
                0x00084b10       0x14 C:\ArduinoIDE\arduino-1.6.0\hardware\arduino\sam\variants\arduino_due_x/libsam_sam3x8e_gcc_rel.a(pmc.o)
                0x00084b10                pmc_switch_udpck_to_upllck
 .text.pmc_enable_udpck
                0x00084b24        0xc C:\ArduinoIDE\arduino-1.6.0\hardware\arduino\sam\variants\arduino_due_x/libsam_sam3x8e_gcc_rel.a(pmc.o)
                0x00084b24                pmc_enable_udpck
 .text.SPI_Enable
                0x00084b30        0x6 C:\ArduinoIDE\arduino-1.6.0\hardware\arduino\sam\variants\arduino_due_x/libsam_sam3x8e_gcc_rel.a(spi.o)
                0x00084b30                SPI_Enable
 *fill*         0x00084b36        0x2 
 .text.SPI_Configure
                0x00084b38       0x20 C:\ArduinoIDE\arduino-1.6.0\hardware\arduino\sam\variants\arduino_due_x/libsam_sam3x8e_gcc_rel.a(spi.o)
                0x00084b38                SPI_Configure
 .text.SPI_ConfigureNPCS
                0x00084b58        0x8 C:\ArduinoIDE\arduino-1.6.0\hardware\arduino\sam\variants\arduino_due_x/libsam_sam3x8e_gcc_rel.a(spi.o)
                0x00084b58                SPI_ConfigureNPCS
 .text.Reset_Handler
                0x00084b60       0x70 C:\ArduinoIDE\arduino-1.6.0\hardware\arduino\sam\variants\arduino_due_x/libsam_sam3x8e_gcc_rel.a(startup_sam3xa.o)
                0x00084b60                Reset_Handler
 .text.UOTGHS_Handler
                0x00084bd0       0x10 C:\ArduinoIDE\arduino-1.6.0\hardware\arduino\sam\variants\arduino_due_x/libsam_sam3x8e_gcc_rel.a(uotghs.o)
                0x00084bd0                UOTGHS_Handler
 .text.__halt   0x00084be0        0x2 C:\Users\kotzukaru\AppData\Local\V.Micro\Arduino\Builds\WebServer\arduino_due_x_dbg/core.a(cortex_handlers.c.o)
                0x00084be0                DACC_Handler
                0x00084be0                DebugMon_Handler
                0x00084be0                DMAC_Handler
                0x00084be0                TRNG_Handler
                0x00084be0                HardFault_Handler
                0x00084be0                TC2_Handler
                0x00084be0                TWI1_Handler
                0x00084be0                NMI_Handler
                0x00084be0                TC7_Handler
                0x00084be0                ADC_Handler
                0x00084be0                SMC_Handler
                0x00084be0                RTT_Handler
                0x00084be0                EFC1_Handler
                0x00084be0                PIOB_Handler
                0x00084be0                RTC_Handler
                0x00084be0                UsageFault_Handler
                0x00084be0                TC6_Handler
                0x00084be0                WDT_Handler
                0x00084be0                CAN0_Handler
                0x00084be0                TC4_Handler
                0x00084be0                TC1_Handler
                0x00084be0                HSMCI_Handler
                0x00084be0                TC3_Handler
                0x00084be0                TWI0_Handler
                0x00084be0                PIOA_Handler
                0x00084be0                SSC_Handler
                0x00084be0                EFC0_Handler
                0x00084be0                PMC_Handler
                0x00084be0                PWM_Handler
                0x00084be0                CAN1_Handler
                0x00084be0                MemManage_Handler
                0x00084be0                SUPC_Handler
                0x00084be0                TC8_Handler
                0x00084be0                USART2_Handler
                0x00084be0                PIOD_Handler
                0x00084be0                EMAC_Handler
                0x00084be0                PIOC_Handler
                0x00084be0                BusFault_Handler
                0x00084be0                RSTC_Handler
                0x00084be0                TC0_Handler
                0x00084be0                TC5_Handler
                0x00084be0                SPI0_Handler
 .text.SVC_Handler
                0x00084be2        0x4 C:\Users\kotzukaru\AppData\Local\V.Micro\Arduino\Builds\WebServer\arduino_due_x_dbg/core.a(cortex_handlers.c.o)
                0x00084be2                SVC_Handler
 .text.PendSV_Handler
                0x00084be6        0x4 C:\Users\kotzukaru\AppData\Local\V.Micro\Arduino\Builds\WebServer\arduino_due_x_dbg/core.a(cortex_handlers.c.o)
                0x00084be6                PendSV_Handler
 .text.SysTick_Handler
                0x00084bea       0x16 C:\Users\kotzukaru\AppData\Local\V.Micro\Arduino\Builds\WebServer\arduino_due_x_dbg/core.a(cortex_handlers.c.o)
                0x00084bea                SysTick_Handler
 .text.__empty  0x00084c00        0x2 C:\Users\kotzukaru\AppData\Local\V.Micro\Arduino\Builds\WebServer\arduino_due_x_dbg/core.a(hooks.c.o)
                0x00084c00                yield
 .text.__false  0x00084c02        0x4 C:\Users\kotzukaru\AppData\Local\V.Micro\Arduino\Builds\WebServer\arduino_due_x_dbg/core.a(hooks.c.o)
                0x00084c02                sysTickHook
 .text.__halt   0x00084c06        0x2 C:\Users\kotzukaru\AppData\Local\V.Micro\Arduino\Builds\WebServer\arduino_due_x_dbg/core.a(hooks.c.o)
                0x00084c06                svcHook
                0x00084c06                pendSVHook
 .text.millis   0x00084c08        0x4 C:\Users\kotzukaru\AppData\Local\V.Micro\Arduino\Builds\WebServer\arduino_due_x_dbg/core.a(wiring.c.o)
                0x00084c08                millis
 .text.delay    0x00084c0c       0x1c C:\Users\kotzukaru\AppData\Local\V.Micro\Arduino\Builds\WebServer\arduino_due_x_dbg/core.a(wiring.c.o)
                0x00084c0c                delay
 .text.pinMode  0x00084c28       0x64 C:\Users\kotzukaru\AppData\Local\V.Micro\Arduino\Builds\WebServer\arduino_due_x_dbg/core.a(wiring_digital.c.o)
                0x00084c28                pinMode
 .text.digitalWrite
                0x00084c8c       0x48 C:\Users\kotzukaru\AppData\Local\V.Micro\Arduino\Builds\WebServer\arduino_due_x_dbg/core.a(wiring_digital.c.o)
                0x00084c8c                digitalWrite
 .text._ZNK9IPAddress7printToER5Print
                0x00084cd4       0x3c C:\Users\kotzukaru\AppData\Local\V.Micro\Arduino\Builds\WebServer\arduino_due_x_dbg/core.a(IPAddress.cpp.o)
                0x00084cd4                IPAddress::printTo(Print&) const
 .text._ZN9IPAddressC2Ev
                0x00084d10       0x10 C:\Users\kotzukaru\AppData\Local\V.Micro\Arduino\Builds\WebServer\arduino_due_x_dbg/core.a(IPAddress.cpp.o)
                0x00084d10                IPAddress::IPAddress()
                0x00084d10                IPAddress::IPAddress()
 .text._ZN9IPAddressC2Ehhhh
                0x00084d20       0x18 C:\Users\kotzukaru\AppData\Local\V.Micro\Arduino\Builds\WebServer\arduino_due_x_dbg/core.a(IPAddress.cpp.o)
                0x00084d20                IPAddress::IPAddress(unsigned char, unsigned char, unsigned char, unsigned char)
                0x00084d20                IPAddress::IPAddress(unsigned char, unsigned char, unsigned char, unsigned char)
 .text._ZN9IPAddressC2EPKh
                0x00084d38       0x10 C:\Users\kotzukaru\AppData\Local\V.Micro\Arduino\Builds\WebServer\arduino_due_x_dbg/core.a(IPAddress.cpp.o)
                0x00084d38                IPAddress::IPAddress(unsigned char const*)
                0x00084d38                IPAddress::IPAddress(unsigned char const*)
 .text.startup._GLOBAL__sub_I__ZN9IPAddressC2Ev
                0x00084d48       0x1c C:\Users\kotzukaru\AppData\Local\V.Micro\Arduino\Builds\WebServer\arduino_due_x_dbg/core.a(IPAddress.cpp.o)
 .text.initVariant
                0x00084d64        0x2 C:\Users\kotzukaru\AppData\Local\V.Micro\Arduino\Builds\WebServer\arduino_due_x_dbg/core.a(main.cpp.o)
                0x00084d64                initVariant
 *fill*         0x00084d66        0x2 
 .text.startup.main
                0x00084d68       0x34 C:\Users\kotzukaru\AppData\Local\V.Micro\Arduino\Builds\WebServer\arduino_due_x_dbg/core.a(main.cpp.o)
                0x00084d68                main
 .text._ZN5Print5writeEPKhj
                0x00084d9c       0x22 C:\Users\kotzukaru\AppData\Local\V.Micro\Arduino\Builds\WebServer\arduino_due_x_dbg/core.a(Print.cpp.o)
                0x00084d9c                Print::write(unsigned char const*, unsigned int)
 .text._ZN5Print5writeEPKc
                0x00084dbe       0x1e C:\Users\kotzukaru\AppData\Local\V.Micro\Arduino\Builds\WebServer\arduino_due_x_dbg/core.a(Print.cpp.o)
                0x00084dbe                Print::write(char const*)
 .text._ZN5Print5printEc
                0x00084ddc        0xa C:\Users\kotzukaru\AppData\Local\V.Micro\Arduino\Builds\WebServer\arduino_due_x_dbg/core.a(Print.cpp.o)
                0x00084ddc                Print::print(char)
 .text._ZN5Print7printlnEv
                0x00084de6       0x18 C:\Users\kotzukaru\AppData\Local\V.Micro\Arduino\Builds\WebServer\arduino_due_x_dbg/core.a(Print.cpp.o)
                0x00084de6                Print::println()
 .text._ZN5Print7printlnEPK19__FlashStringHelper
                0x00084dfe       0x14 C:\Users\kotzukaru\AppData\Local\V.Micro\Arduino\Builds\WebServer\arduino_due_x_dbg/core.a(Print.cpp.o)
                0x00084dfe                Print::println(__FlashStringHelper const*)
 .text._ZN5Print7printlnEPKc
                0x00084e12       0x14 C:\Users\kotzukaru\AppData\Local\V.Micro\Arduino\Builds\WebServer\arduino_due_x_dbg/core.a(Print.cpp.o)
                0x00084e12                Print::println(char const*)
 .text._ZN5Print11printNumberEmh
                0x00084e26       0x3c C:\Users\kotzukaru\AppData\Local\V.Micro\Arduino\Builds\WebServer\arduino_due_x_dbg/core.a(Print.cpp.o)
                0x00084e26                Print::printNumber(unsigned long, unsigned char)
 .text._ZN5Print5printEli
                0x00084e62       0x3c C:\Users\kotzukaru\AppData\Local\V.Micro\Arduino\Builds\WebServer\arduino_due_x_dbg/core.a(Print.cpp.o)
                0x00084e62                Print::print(long, int)
 .text._ZN5Print5printEii
                0x00084e9e        0x4 C:\Users\kotzukaru\AppData\Local\V.Micro\Arduino\Builds\WebServer\arduino_due_x_dbg/core.a(Print.cpp.o)
                0x00084e9e                Print::print(int, int)
 .text._ZN5Print7printlnEii
                0x00084ea2       0x14 C:\Users\kotzukaru\AppData\Local\V.Micro\Arduino\Builds\WebServer\arduino_due_x_dbg/core.a(Print.cpp.o)
                0x00084ea2                Print::println(int, int)
 .text._ZN5Print5printEmi
                0x00084eb6       0x18 C:\Users\kotzukaru\AppData\Local\V.Micro\Arduino\Builds\WebServer\arduino_due_x_dbg/core.a(Print.cpp.o)
                0x00084eb6                Print::print(unsigned long, int)
 .text._ZN5Print5printEhi
                0x00084ece        0x4 C:\Users\kotzukaru\AppData\Local\V.Micro\Arduino\Builds\WebServer\arduino_due_x_dbg/core.a(Print.cpp.o)
                0x00084ece                Print::print(unsigned char, int)
 .text._ZN5Print7printlnEhi
                0x00084ed2       0x14 C:\Users\kotzukaru\AppData\Local\V.Micro\Arduino\Builds\WebServer\arduino_due_x_dbg/core.a(Print.cpp.o)
                0x00084ed2                Print::println(unsigned char, int)
 *fill*         0x00084ee6        0x2 
 .text.initiateReset
                0x00084ee8        0xc C:\Users\kotzukaru\AppData\Local\V.Micro\Arduino\Builds\WebServer\arduino_due_x_dbg/core.a(Reset.cpp.o)
                0x00084ee8                initiateReset
 .text.cancelReset
                0x00084ef4       0x10 C:\Users\kotzukaru\AppData\Local\V.Micro\Arduino\Builds\WebServer\arduino_due_x_dbg/core.a(Reset.cpp.o)
                0x00084ef4                cancelReset
 .text.tickReset
                0x00084f04       0x20 C:\Users\kotzukaru\AppData\Local\V.Micro\Arduino\Builds\WebServer\arduino_due_x_dbg/core.a(Reset.cpp.o)
                0x00084f04                tickReset
 .text._ZN9UARTClasscvbEv
                0x00084f24        0x4 C:\Users\kotzukaru\AppData\Local\V.Micro\Arduino\Builds\WebServer\arduino_due_x_dbg/core.a(UARTClass.cpp.o)
                0x00084f24                UARTClass::operator bool()
 .text._ZN9UARTClass9availableEv
                0x00084f28       0x12 C:\Users\kotzukaru\AppData\Local\V.Micro\Arduino\Builds\WebServer\arduino_due_x_dbg/core.a(UARTClass.cpp.o)
                0x00084f28                UARTClass::available()
 .text._ZN9UARTClass4peekEv
                0x00084f3a       0x1c C:\Users\kotzukaru\AppData\Local\V.Micro\Arduino\Builds\WebServer\arduino_due_x_dbg/core.a(UARTClass.cpp.o)
                0x00084f3a                UARTClass::peek()
 .text._ZN9UARTClass4readEv
                0x00084f56       0x2a C:\Users\kotzukaru\AppData\Local\V.Micro\Arduino\Builds\WebServer\arduino_due_x_dbg/core.a(UARTClass.cpp.o)
                0x00084f56                UARTClass::read()
 .text._ZN9UARTClass5flushEv
                0x00084f80       0x18 C:\Users\kotzukaru\AppData\Local\V.Micro\Arduino\Builds\WebServer\arduino_due_x_dbg/core.a(UARTClass.cpp.o)
                0x00084f80                UARTClass::flush()
 .text._ZN9UARTClass5writeEh
                0x00084f98       0x54 C:\Users\kotzukaru\AppData\Local\V.Micro\Arduino\Builds\WebServer\arduino_due_x_dbg/core.a(UARTClass.cpp.o)
                0x00084f98                UARTClass::write(unsigned char)
 .text._ZN9UARTClass3endEv
                0x00084fec       0x3c C:\Users\kotzukaru\AppData\Local\V.Micro\Arduino\Builds\WebServer\arduino_due_x_dbg/core.a(UARTClass.cpp.o)
                0x00084fec                UARTClass::end()
 .text._ZN9UARTClassC2EP4Uart4IRQnmP10RingBufferS4_
                0x00085028       0x24 C:\Users\kotzukaru\AppData\Local\V.Micro\Arduino\Builds\WebServer\arduino_due_x_dbg/core.a(UARTClass.cpp.o)
                0x00085028                UARTClass::UARTClass(Uart*, IRQn, unsigned long, RingBuffer*, RingBuffer*)
                0x00085028                UARTClass::UARTClass(Uart*, IRQn, unsigned long, RingBuffer*, RingBuffer*)
 .text._ZN9UARTClass4initEmm
                0x0008504c       0x70 C:\Users\kotzukaru\AppData\Local\V.Micro\Arduino\Builds\WebServer\arduino_due_x_dbg/core.a(UARTClass.cpp.o)
                0x0008504c                UARTClass::init(unsigned long, unsigned long)
 .text._ZN9UARTClass5beginEm
                0x000850bc        0x8 C:\Users\kotzukaru\AppData\Local\V.Micro\Arduino\Builds\WebServer\arduino_due_x_dbg/core.a(UARTClass.cpp.o)
                0x000850bc                UARTClass::begin(unsigned long)
 .text._ZN9UARTClass10IrqHandlerEv
                0x000850c4       0x5a C:\Users\kotzukaru\AppData\Local\V.Micro\Arduino\Builds\WebServer\arduino_due_x_dbg/core.a(UARTClass.cpp.o)
                0x000850c4                UARTClass::IrqHandler()
 *fill*         0x0008511e        0x2 
 .text.unlikely._ZL11USB_SendZlpv
                0x00085120       0x20 C:\Users\kotzukaru\AppData\Local\V.Micro\Arduino\Builds\WebServer\arduino_due_x_dbg/core.a(USBCore.cpp.o)
 .text._Z14USBD_Availablem
                0x00085140       0x2c C:\Users\kotzukaru\AppData\Local\V.Micro\Arduino\Builds\WebServer\arduino_due_x_dbg/core.a(USBCore.cpp.o)
                0x00085140                USBD_Available(unsigned long)
 .text._Z9USBD_RecvmPvm
                0x0008516c       0x7c C:\Users\kotzukaru\AppData\Local\V.Micro\Arduino\Builds\WebServer\arduino_due_x_dbg/core.a(USBCore.cpp.o)
                0x0008516c                USBD_Recv(unsigned long, void*, unsigned long)
 .text._Z9USBD_Recvm
                0x000851e8       0x22 C:\Users\kotzukaru\AppData\Local\V.Micro\Arduino\Builds\WebServer\arduino_due_x_dbg/core.a(USBCore.cpp.o)
                0x000851e8                USBD_Recv(unsigned long)
 *fill*         0x0008520a        0x2 
 .text._Z9USBD_SendmPKvm
                0x0008520c       0x4c C:\Users\kotzukaru\AppData\Local\V.Micro\Arduino\Builds\WebServer\arduino_due_x_dbg/core.a(USBCore.cpp.o)
                0x0008520c                USBD_Send(unsigned long, void const*, unsigned long)
 .text._Z16USBD_SendControlhPKvm
                0x00085258       0x40 C:\Users\kotzukaru\AppData\Local\V.Micro\Arduino\Builds\WebServer\arduino_due_x_dbg/core.a(USBCore.cpp.o)
                0x00085258                USBD_SendControl(unsigned char, void const*, unsigned long)
 .text.unlikely._ZL24USB_SendStringDescriptorPKhi
                0x00085298       0x38 C:\Users\kotzukaru\AppData\Local\V.Micro\Arduino\Builds\WebServer\arduino_due_x_dbg/core.a(USBCore.cpp.o)
 .text._Z16USBD_RecvControlPvm
                0x000852d0       0x1c C:\Users\kotzukaru\AppData\Local\V.Micro\Arduino\Builds\WebServer\arduino_due_x_dbg/core.a(USBCore.cpp.o)
                0x000852d0                USBD_RecvControl(void*, unsigned long)
 .text._Z26USBD_ClassInterfaceRequestR5Setup
                0x000852ec       0x14 C:\Users\kotzukaru\AppData\Local\V.Micro\Arduino\Builds\WebServer\arduino_due_x_dbg/core.a(USBCore.cpp.o)
                0x000852ec                USBD_ClassInterfaceRequest(Setup&)
 .text._Z19USBD_SendInterfacesv
                0x00085300       0x1e C:\Users\kotzukaru\AppData\Local\V.Micro\Arduino\Builds\WebServer\arduino_due_x_dbg/core.a(USBCore.cpp.o)
                0x00085300                USBD_SendInterfaces()
 .text._Z24USBD_SendOtherInterfacesv
                0x0008531e       0x1e C:\Users\kotzukaru\AppData\Local\V.Micro\Arduino\Builds\WebServer\arduino_due_x_dbg/core.a(USBCore.cpp.o)
                0x0008531e                USBD_SendOtherInterfaces()
 .text._Z10USBD_Flushm
                0x0008533c       0x16 C:\Users\kotzukaru\AppData\Local\V.Micro\Arduino\Builds\WebServer\arduino_due_x_dbg/core.a(USBCore.cpp.o)
                0x0008533c                USBD_Flush(unsigned long)
 *fill*         0x00085352        0x2 
 .text._ZN10USBDevice_C2Ev
                0x00085354       0x24 C:\Users\kotzukaru\AppData\Local\V.Micro\Arduino\Builds\WebServer\arduino_due_x_dbg/core.a(USBCore.cpp.o)
                0x00085354                USBDevice_::USBDevice_()
                0x00085354                USBDevice_::USBDevice_()
 .text._ZN10USBDevice_6attachEv
                0x00085378       0x20 C:\Users\kotzukaru\AppData\Local\V.Micro\Arduino\Builds\WebServer\arduino_due_x_dbg/core.a(USBCore.cpp.o)
                0x00085378                USBDevice_::attach()
 .text.startup._GLOBAL__sub_I_TxLEDPulse
                0x00085398        0xc C:\Users\kotzukaru\AppData\Local\V.Micro\Arduino\Builds\WebServer\arduino_due_x_dbg/core.a(USBCore.cpp.o)
 .text._ZL7USB_ISRv
                0x000853a4      0x424 C:\Users\kotzukaru\AppData\Local\V.Micro\Arduino\Builds\WebServer\arduino_due_x_dbg/core.a(USBCore.cpp.o)
 .text._Z11serialEventv
                0x000857c8        0x2 C:\Users\kotzukaru\AppData\Local\V.Micro\Arduino\Builds\WebServer\arduino_due_x_dbg/core.a(variant.cpp.o)
                0x000857c8                serialEvent()
 *fill*         0x000857ca        0x2 
 .text.UART_Handler
                0x000857cc        0xc C:\Users\kotzukaru\AppData\Local\V.Micro\Arduino\Builds\WebServer\arduino_due_x_dbg/core.a(variant.cpp.o)
                0x000857cc                UART_Handler
 .text._Z12serialEvent1v
                0x000857d8        0x2 C:\Users\kotzukaru\AppData\Local\V.Micro\Arduino\Builds\WebServer\arduino_due_x_dbg/core.a(variant.cpp.o)
                0x000857d8                serialEvent1()
 .text._Z12serialEvent2v
                0x000857da        0x2 C:\Users\kotzukaru\AppData\Local\V.Micro\Arduino\Builds\WebServer\arduino_due_x_dbg/core.a(variant.cpp.o)
                0x000857da                serialEvent2()
 .text._Z12serialEvent3v
                0x000857dc        0x2 C:\Users\kotzukaru\AppData\Local\V.Micro\Arduino\Builds\WebServer\arduino_due_x_dbg/core.a(variant.cpp.o)
                0x000857dc                serialEvent3()
 *fill*         0x000857de        0x2 
 .text.USART0_Handler
                0x000857e0        0xc C:\Users\kotzukaru\AppData\Local\V.Micro\Arduino\Builds\WebServer\arduino_due_x_dbg/core.a(variant.cpp.o)
                0x000857e0                USART0_Handler
 .text.USART1_Handler
                0x000857ec        0xc C:\Users\kotzukaru\AppData\Local\V.Micro\Arduino\Builds\WebServer\arduino_due_x_dbg/core.a(variant.cpp.o)
                0x000857ec                USART1_Handler
 .text.USART3_Handler
                0x000857f8        0xc C:\Users\kotzukaru\AppData\Local\V.Micro\Arduino\Builds\WebServer\arduino_due_x_dbg/core.a(variant.cpp.o)
                0x000857f8                USART3_Handler
 .text.init     0x00085804      0x130 C:\Users\kotzukaru\AppData\Local\V.Micro\Arduino\Builds\WebServer\arduino_due_x_dbg/core.a(variant.cpp.o)
                0x00085804                init
 .text.startup._GLOBAL__sub_I_g_APinDescription
                0x00085934       0xd4 C:\Users\kotzukaru\AppData\Local\V.Micro\Arduino\Builds\WebServer\arduino_due_x_dbg/core.a(variant.cpp.o)
 .text._Z14serialEventRunv
                0x00085a08       0x44 C:\Users\kotzukaru\AppData\Local\V.Micro\Arduino\Builds\WebServer\arduino_due_x_dbg/core.a(variant.cpp.o)
                0x00085a08                serialEventRun()
 .text.analogOutputInit
                0x00085a4c       0x14 C:\Users\kotzukaru\AppData\Local\V.Micro\Arduino\Builds\WebServer\arduino_due_x_dbg/core.a(wiring_analog.c.o)
                0x00085a4c                analogOutputInit
 .text._ZN10RingBufferC2Ev
                0x00085a60       0x1a C:\Users\kotzukaru\AppData\Local\V.Micro\Arduino\Builds\WebServer\arduino_due_x_dbg/core.a(RingBuffer.cpp.o)
                0x00085a60                RingBuffer::RingBuffer()
                0x00085a60                RingBuffer::RingBuffer()
 .text._ZN10RingBuffer10store_charEh
                0x00085a7a       0x1e C:\Users\kotzukaru\AppData\Local\V.Micro\Arduino\Builds\WebServer\arduino_due_x_dbg/core.a(RingBuffer.cpp.o)
                0x00085a7a                RingBuffer::store_char(unsigned char)
 .text._ZN10USARTClass5beginEm
                0x00085a98        0x8 C:\Users\kotzukaru\AppData\Local\V.Micro\Arduino\Builds\WebServer\arduino_due_x_dbg/core.a(USARTClass.cpp.o)
                0x00085a98                USARTClass::begin(unsigned long)
 .text._ZN10USARTClassC2EP5Usart4IRQnmP10RingBufferS4_
                0x00085aa0       0x24 C:\Users\kotzukaru\AppData\Local\V.Micro\Arduino\Builds\WebServer\arduino_due_x_dbg/core.a(USARTClass.cpp.o)
                0x00085aa0                USARTClass::USARTClass(Usart*, IRQn, unsigned long, RingBuffer*, RingBuffer*)
                0x00085aa0                USARTClass::USARTClass(Usart*, IRQn, unsigned long, RingBuffer*, RingBuffer*)
 .text._ZN7Serial_9availableEv
                0x00085ac4       0x18 C:\Users\kotzukaru\AppData\Local\V.Micro\Arduino\Builds\WebServer\arduino_due_x_dbg/core.a(CDC.cpp.o)
                0x00085ac4                Serial_::available()
 .text._ZN7Serial_4peekEv
                0x00085adc       0x20 C:\Users\kotzukaru\AppData\Local\V.Micro\Arduino\Builds\WebServer\arduino_due_x_dbg/core.a(CDC.cpp.o)
                0x00085adc                Serial_::peek()
 .text._ZN7Serial_5writeEh
                0x00085afc       0x16 C:\Users\kotzukaru\AppData\Local\V.Micro\Arduino\Builds\WebServer\arduino_due_x_dbg/core.a(CDC.cpp.o)
                0x00085afc                Serial_::write(unsigned char)
 *fill*         0x00085b12        0x2 
 .text._ZN7Serial_4readEv
                0x00085b14       0x44 C:\Users\kotzukaru\AppData\Local\V.Micro\Arduino\Builds\WebServer\arduino_due_x_dbg/core.a(CDC.cpp.o)
                0x00085b14                Serial_::read()
 .text._ZN7Serial_5flushEv
                0x00085b58        0x6 C:\Users\kotzukaru\AppData\Local\V.Micro\Arduino\Builds\WebServer\arduino_due_x_dbg/core.a(CDC.cpp.o)
                0x00085b58                Serial_::flush()
 *fill*         0x00085b5e        0x2 
 .text._ZN7Serial_6acceptEv
                0x00085b60       0x70 C:\Users\kotzukaru\AppData\Local\V.Micro\Arduino\Builds\WebServer\arduino_due_x_dbg/core.a(CDC.cpp.o)
                0x00085b60                Serial_::accept()
 .text._ZN7Serial_5writeEPKhj
                0x00085bd0       0x2c C:\Users\kotzukaru\AppData\Local\V.Micro\Arduino\Builds\WebServer\arduino_due_x_dbg/core.a(CDC.cpp.o)
                0x00085bd0                Serial_::write(unsigned char const*, unsigned int)
 .text._Z16CDC_GetInterfacePh
                0x00085bfc       0x14 C:\Users\kotzukaru\AppData\Local\V.Micro\Arduino\Builds\WebServer\arduino_due_x_dbg/core.a(CDC.cpp.o)
                0x00085bfc                CDC_GetInterface(unsigned char*)
 .text._Z21CDC_GetOtherInterfacePh
                0x00085c10       0x14 C:\Users\kotzukaru\AppData\Local\V.Micro\Arduino\Builds\WebServer\arduino_due_x_dbg/core.a(CDC.cpp.o)
                0x00085c10                CDC_GetOtherInterface(unsigned char*)
 .text._Z9CDC_SetupR5Setup
                0x00085c24       0x64 C:\Users\kotzukaru\AppData\Local\V.Micro\Arduino\Builds\WebServer\arduino_due_x_dbg/core.a(CDC.cpp.o)
                0x00085c24                CDC_Setup(Setup&)
 .text.startup._GLOBAL__sub_I_cdc_rx_buffer
                0x00085c88       0x1c C:\Users\kotzukaru\AppData\Local\V.Micro\Arduino\Builds\WebServer\arduino_due_x_dbg/core.a(CDC.cpp.o)
 .text._ZN9Keyboard_5writeEh
                0x00085ca4       0x1c C:\Users\kotzukaru\AppData\Local\V.Micro\Arduino\Builds\WebServer\arduino_due_x_dbg/core.a(HID.cpp.o)
                0x00085ca4                Keyboard_::write(unsigned char)
 .text._Z16HID_GetInterfacePh
                0x00085cc0       0x14 C:\Users\kotzukaru\AppData\Local\V.Micro\Arduino\Builds\WebServer\arduino_due_x_dbg/core.a(HID.cpp.o)
                0x00085cc0                HID_GetInterface(unsigned char*)
 .text._Z17HID_GetDescriptori
                0x00085cd4       0x10 C:\Users\kotzukaru\AppData\Local\V.Micro\Arduino\Builds\WebServer\arduino_due_x_dbg/core.a(HID.cpp.o)
                0x00085cd4                HID_GetDescriptor(int)
 .text._Z14HID_SendReporthPKvm
                0x00085ce4       0x2e C:\Users\kotzukaru\AppData\Local\V.Micro\Arduino\Builds\WebServer\arduino_due_x_dbg/core.a(HID.cpp.o)
                0x00085ce4                HID_SendReport(unsigned char, void const*, unsigned long)
 *fill*         0x00085d12        0x2 
 .text._Z9HID_SetupR5Setup
                0x00085d14       0x40 C:\Users\kotzukaru\AppData\Local\V.Micro\Arduino\Builds\WebServer\arduino_due_x_dbg/core.a(HID.cpp.o)
                0x00085d14                HID_Setup(Setup&)
 .text._ZN9Keyboard_10sendReportEP9KeyReport
                0x00085d54        0xc C:\Users\kotzukaru\AppData\Local\V.Micro\Arduino\Builds\WebServer\arduino_due_x_dbg/core.a(HID.cpp.o)
                0x00085d54                Keyboard_::sendReport(KeyReport*)
 .text._ZN9Keyboard_5pressEh
                0x00085d60       0x88 C:\Users\kotzukaru\AppData\Local\V.Micro\Arduino\Builds\WebServer\arduino_due_x_dbg/core.a(HID.cpp.o)
                0x00085d60                Keyboard_::press(unsigned char)
 .text._ZN9Keyboard_7releaseEh
                0x00085de8       0x64 C:\Users\kotzukaru\AppData\Local\V.Micro\Arduino\Builds\WebServer\arduino_due_x_dbg/core.a(HID.cpp.o)
                0x00085de8                Keyboard_::release(unsigned char)
 .text._ZN9Keyboard_10releaseAllEv
                0x00085e4c       0x18 C:\Users\kotzukaru\AppData\Local\V.Micro\Arduino\Builds\WebServer\arduino_due_x_dbg/core.a(HID.cpp.o)
                0x00085e4c                Keyboard_::releaseAll()
 .text.startup._GLOBAL__sub_I_Mouse
                0x00085e64       0x1c C:\Users\kotzukaru\AppData\Local\V.Micro\Arduino\Builds\WebServer\arduino_due_x_dbg/core.a(HID.cpp.o)
 .text.TimeTick_Increment
                0x00085e80       0x10 C:\ArduinoIDE\arduino-1.6.0\hardware\arduino\sam\variants\arduino_due_x/libsam_sam3x8e_gcc_rel.a(timetick.o)
                0x00085e80                TimeTick_Increment
 .text.GetTickCount
                0x00085e90        0xc C:\ArduinoIDE\arduino-1.6.0\hardware\arduino\sam\variants\arduino_due_x/libsam_sam3x8e_gcc_rel.a(timetick.o)
                0x00085e90                GetTickCount
 .text.WDT_Disable
                0x00085e9c        0x8 C:\ArduinoIDE\arduino-1.6.0\hardware\arduino\sam\variants\arduino_due_x/libsam_sam3x8e_gcc_rel.a(wdt.o)
                0x00085e9c                WDT_Disable
 .text.SystemInit
                0x00085ea4       0x9c C:\ArduinoIDE\arduino-1.6.0\hardware\arduino\sam\variants\arduino_due_x/libsam_sam3x8e_gcc_rel.a(system_sam3xa.o)
                0x00085ea4                SystemInit
 .text.adc_init
                0x00085f40       0xa0 C:\ArduinoIDE\arduino-1.6.0\hardware\arduino\sam\variants\arduino_due_x/libsam_sam3x8e_gcc_rel.a(adc.o)
                0x00085f40                adc_init
 .text.adc_configure_trigger
                0x00085fe0       0x10 C:\ArduinoIDE\arduino-1.6.0\hardware\arduino\sam\variants\arduino_due_x/libsam_sam3x8e_gcc_rel.a(adc.o)
                0x00085fe0                adc_configure_trigger
 .text.adc_configure_timing
                0x00085ff0       0x1a C:\ArduinoIDE\arduino-1.6.0\hardware\arduino\sam\variants\arduino_due_x/libsam_sam3x8e_gcc_rel.a(adc.o)
                0x00085ff0                adc_configure_timing
 .text.adc_disable_all_channel
                0x0008600a        0x8 C:\ArduinoIDE\arduino-1.6.0\hardware\arduino\sam\variants\arduino_due_x/libsam_sam3x8e_gcc_rel.a(adc.o)
                0x0008600a                adc_disable_all_channel
 .text.adc_disable_interrupt
                0x00086012        0x4 C:\ArduinoIDE\arduino-1.6.0\hardware\arduino\sam\variants\arduino_due_x/libsam_sam3x8e_gcc_rel.a(adc.o)
                0x00086012                adc_disable_interrupt
 *fill*         0x00086016        0x2 
 .text.UDD_SetStack
                0x00086018        0xc C:\ArduinoIDE\arduino-1.6.0\hardware\arduino\sam\variants\arduino_due_x/libsam_sam3x8e_gcc_rel.a(uotghs_device.o)
                0x00086018                UDD_SetStack
 .text.UDD_Init
                0x00086024       0xd0 C:\ArduinoIDE\arduino-1.6.0\hardware\arduino\sam\variants\arduino_due_x/libsam_sam3x8e_gcc_rel.a(uotghs_device.o)
                0x00086024                UDD_Init
 .text.UDD_Attach
                0x000860f4       0x4c C:\ArduinoIDE\arduino-1.6.0\hardware\arduino\sam\variants\arduino_due_x/libsam_sam3x8e_gcc_rel.a(uotghs_device.o)
                0x000860f4                UDD_Attach
 .text.UDD_InitEP
                0x00086140       0x30 C:\ArduinoIDE\arduino-1.6.0\hardware\arduino\sam\variants\arduino_due_x/libsam_sam3x8e_gcc_rel.a(uotghs_device.o)
                0x00086140                UDD_InitEP
 .text.UDD_InitEndpoints
                0x00086170       0x3c C:\ArduinoIDE\arduino-1.6.0\hardware\arduino\sam\variants\arduino_due_x/libsam_sam3x8e_gcc_rel.a(uotghs_device.o)
                0x00086170                UDD_InitEndpoints
 .text.UDD_WaitIN
                0x000861ac       0x14 C:\ArduinoIDE\arduino-1.6.0\hardware\arduino\sam\variants\arduino_due_x/libsam_sam3x8e_gcc_rel.a(uotghs_device.o)
                0x000861ac                UDD_WaitIN
 .text.UDD_WaitOUT
                0x000861c0       0x14 C:\ArduinoIDE\arduino-1.6.0\hardware\arduino\sam\variants\arduino_due_x/libsam_sam3x8e_gcc_rel.a(uotghs_device.o)
                0x000861c0                UDD_WaitOUT
 .text.UDD_ClearIN
                0x000861d4       0x18 C:\ArduinoIDE\arduino-1.6.0\hardware\arduino\sam\variants\arduino_due_x/libsam_sam3x8e_gcc_rel.a(uotghs_device.o)
                0x000861d4                UDD_ClearIN
 .text.UDD_ClearOUT
                0x000861ec       0x18 C:\ArduinoIDE\arduino-1.6.0\hardware\arduino\sam\variants\arduino_due_x/libsam_sam3x8e_gcc_rel.a(uotghs_device.o)
                0x000861ec                UDD_ClearOUT
 .text.UDD_ReceivedSetupInt
                0x00086204       0x10 C:\ArduinoIDE\arduino-1.6.0\hardware\arduino\sam\variants\arduino_due_x/libsam_sam3x8e_gcc_rel.a(uotghs_device.o)
                0x00086204                UDD_ReceivedSetupInt
 .text.UDD_ClearSetupInt
                0x00086214       0x10 C:\ArduinoIDE\arduino-1.6.0\hardware\arduino\sam\variants\arduino_due_x/libsam_sam3x8e_gcc_rel.a(uotghs_device.o)
                0x00086214                UDD_ClearSetupInt
 .text.UDD_Send
                0x00086224       0x90 C:\ArduinoIDE\arduino-1.6.0\hardware\arduino\sam\variants\arduino_due_x/libsam_sam3x8e_gcc_rel.a(uotghs_device.o)
                0x00086224                UDD_Send
 .text.UDD_Send8
                0x000862b4       0x28 C:\ArduinoIDE\arduino-1.6.0\hardware\arduino\sam\variants\arduino_due_x/libsam_sam3x8e_gcc_rel.a(uotghs_device.o)
                0x000862b4                UDD_Send8
 .text.UDD_Recv8
                0x000862dc       0x28 C:\ArduinoIDE\arduino-1.6.0\hardware\arduino\sam\variants\arduino_due_x/libsam_sam3x8e_gcc_rel.a(uotghs_device.o)
                0x000862dc                UDD_Recv8
 .text.UDD_Recv
                0x00086304       0x34 C:\ArduinoIDE\arduino-1.6.0\hardware\arduino\sam\variants\arduino_due_x/libsam_sam3x8e_gcc_rel.a(uotghs_device.o)
                0x00086304                UDD_Recv
 .text.UDD_Stall
                0x00086338       0x14 C:\ArduinoIDE\arduino-1.6.0\hardware\arduino\sam\variants\arduino_due_x/libsam_sam3x8e_gcc_rel.a(uotghs_device.o)
                0x00086338                UDD_Stall
 .text.UDD_FifoByteCount
                0x0008634c       0x1c C:\ArduinoIDE\arduino-1.6.0\hardware\arduino\sam\variants\arduino_due_x/libsam_sam3x8e_gcc_rel.a(uotghs_device.o)
                0x0008634c                UDD_FifoByteCount
 .text.UDD_ReleaseRX
                0x00086368       0x2c C:\ArduinoIDE\arduino-1.6.0\hardware\arduino\sam\variants\arduino_due_x/libsam_sam3x8e_gcc_rel.a(uotghs_device.o)
                0x00086368                UDD_ReleaseRX
 .text.UDD_ReleaseTX
                0x00086394       0x2c C:\ArduinoIDE\arduino-1.6.0\hardware\arduino\sam\variants\arduino_due_x/libsam_sam3x8e_gcc_rel.a(uotghs_device.o)
                0x00086394                UDD_ReleaseTX
 .text.UDD_SetAddress
                0x000863c0       0x20 C:\ArduinoIDE\arduino-1.6.0\hardware\arduino\sam\variants\arduino_due_x/libsam_sam3x8e_gcc_rel.a(uotghs_device.o)